Client partition: 100 clients, min=30, max=1447, mean=500.00, std=220.72
Evaluation protocol: full server test set evaluated every round (10000 samples).
VGG16(
  (features): Sequential(
    (0): Conv2d(3, 64, kernel_size=(3, 3), stride=(1, 1), padding=(1, 1))
    (1): BatchNorm2d(64, eps=1e-05, momentum=0.1, affine=True, track_running_stats=True)
    (2): ReLU(inplace=True)
    (3): Conv2d(64, 64, kernel_size=(3, 3), stride=(1, 1), padding=(1, 1))
    (4): BatchNorm2d(64, eps=1e-05, momentum=0.1, affine=True, track_running_stats=True)
    (5): ReLU(inplace=True)
    (6): MaxPool2d(kernel_size=2, stride=2, padding=0, dilation=1, ceil_mode=False)
    (7): Conv2d(64, 128, kernel_size=(3, 3), stride=(1, 1), padding=(1, 1))
    (8): BatchNorm2d(128, eps=1e-05, momentum=0.1, affine=True, track_running_stats=True)
    (9): ReLU(inplace=True)
    (10): Conv2d(128, 128, kernel_size=(3, 3), stride=(1, 1), padding=(1, 1))
    (11): BatchNorm2d(128, eps=1e-05, momentum=0.1, affine=True, track_running_stats=True)
    (12): ReLU(inplace=True)
    (13): MaxPool2d(kernel_size=2, stride=2, padding=0, dilation=1, ceil_mode=False)
    (14): Conv2d(128, 256, kernel_size=(3, 3), stride=(1, 1), padding=(1, 1))
    (15): BatchNorm2d(256, eps=1e-05, momentum=0.1, affine=True, track_running_stats=True)
    (16): ReLU(inplace=True)
    (17): Conv2d(256, 256, kernel_size=(3, 3), stride=(1, 1), padding=(1, 1))
    (18): BatchNorm2d(256, eps=1e-05, momentum=0.1, affine=True, track_running_stats=True)
    (19): ReLU(inplace=True)
    (20): Conv2d(256, 256, kernel_size=(3, 3), stride=(1, 1), padding=(1, 1))
    (21): BatchNorm2d(256, eps=1e-05, momentum=0.1, affine=True, track_running_stats=True)
    (22): ReLU(inplace=True)
    (23): MaxPool2d(kernel_size=2, stride=2, padding=0, dilation=1, ceil_mode=False)
    (24): Conv2d(256, 512, kernel_size=(3, 3), stride=(1, 1), padding=(1, 1))
    (25): BatchNorm2d(512, eps=1e-05, momentum=0.1, affine=True, track_running_stats=True)
    (26): ReLU(inplace=True)
    (27): Conv2d(512, 512, kernel_size=(3, 3), stride=(1, 1), padding=(1, 1))
    (28): BatchNorm2d(512, eps=1e-05, momentum=0.1, affine=True, track_running_stats=True)
    (29): ReLU(inplace=True)
    (30): Conv2d(512, 512, kernel_size=(3, 3), stride=(1, 1), padding=(1, 1))
    (31): BatchNorm2d(512, eps=1e-05, momentum=0.1, affine=True, track_running_stats=True)
    (32): ReLU(inplace=True)
    (33): MaxPool2d(kernel_size=2, stride=2, padding=0, dilation=1, ceil_mode=False)
    (34): Conv2d(512, 512, kernel_size=(3, 3), stride=(1, 1), padding=(1, 1))
    (35): BatchNorm2d(512, eps=1e-05, momentum=0.1, affine=True, track_running_stats=True)
    (36): ReLU(inplace=True)
    (37): Conv2d(512, 512, kernel_size=(3, 3), stride=(1, 1), padding=(1, 1))
    (38): BatchNorm2d(512, eps=1e-05, momentum=0.1, affine=True, track_running_stats=True)
    (39): ReLU(inplace=True)
    (40): Conv2d(512, 512, kernel_size=(3, 3), stride=(1, 1), padding=(1, 1))
    (41): BatchNorm2d(512, eps=1e-05, momentum=0.1, affine=True, track_running_stats=True)
    (42): ReLU(inplace=True)
    (43): MaxPool2d(kernel_size=2, stride=2, padding=0, dilation=1, ceil_mode=False)
    (44): AdaptiveAvgPool2d(output_size=(1, 1))
  )
  (classifier): Sequential(
    (0): Linear(in_features=512, out_features=4096, bias=True)
    (1): ReLU(inplace=True)
    (2): Dropout(p=0.5, inplace=False)
    (3): Linear(in_features=4096, out_features=4096, bias=True)
    (4): ReLU(inplace=True)
    (5): Dropout(p=0.5, inplace=False)
  )
  (fc): Linear(in_features=4096, out_features=10, bias=True)
)
********************************************************************************
Round   0
ROUND_ACCURACY method=FedPhoenixRG round=1 accuracy=10.000000
********************************************************************************
Round   1
ROUND_ACCURACY method=FedPhoenixRG round=2 accuracy=13.230000
********************************************************************************
Round   2
ROUND_ACCURACY method=FedPhoenixRG round=3 accuracy=12.230000
********************************************************************************
Round   3
ROUND_ACCURACY method=FedPhoenixRG round=4 accuracy=16.290001
********************************************************************************
Round   4
ROUND_ACCURACY method=FedPhoenixRG round=5 accuracy=32.419998
********************************************************************************
Round   5
ROUND_ACCURACY method=FedPhoenixRG round=6 accuracy=17.620001
********************************************************************************
Round   6
ROUND_ACCURACY method=FedPhoenixRG round=7 accuracy=24.139999
********************************************************************************
Round   7
ROUND_ACCURACY method=FedPhoenixRG round=8 accuracy=23.680000
********************************************************************************
Round   8
ROUND_ACCURACY method=FedPhoenixRG round=9 accuracy=30.129999
********************************************************************************
Round   9
ROUND_ACCURACY method=FedPhoenixRG round=10 accuracy=29.730000
********************************************************************************
Round  10
ROUND_ACCURACY method=FedPhoenixRG round=11 accuracy=38.230000
********************************************************************************
Round  11
ROUND_ACCURACY method=FedPhoenixRG round=12 accuracy=36.910000
********************************************************************************
Round  12
ROUND_ACCURACY method=FedPhoenixRG round=13 accuracy=38.220001
********************************************************************************
Round  13
ROUND_ACCURACY method=FedPhoenixRG round=14 accuracy=46.650002
********************************************************************************
Round  14
ROUND_ACCURACY method=FedPhoenixRG round=15 accuracy=45.459999
********************************************************************************
Round  15
ROUND_ACCURACY method=FedPhoenixRG round=16 accuracy=46.720001
********************************************************************************
Round  16
ROUND_ACCURACY method=FedPhoenixRG round=17 accuracy=45.529999
********************************************************************************
Round  17
ROUND_ACCURACY method=FedPhoenixRG round=18 accuracy=35.709999
********************************************************************************
Round  18
ROUND_ACCURACY method=FedPhoenixRG round=19 accuracy=44.220001
********************************************************************************
Round  19
RG_SCORE round=20 layer=features.0 mean_q=0.081847 max_q=0.267023 fraction_q_positive=0.828125 sampling_entropy=4.073615 uniform_entropy=4.158883 entropy_gap=0.085268 max_probability_over_uniform=2.131239 min_probability_over_uniform=0.500000
RG_SCORE round=20 layer=features.3 mean_q=0.059730 max_q=0.116280 fraction_q_positive=1.000000 sampling_entropy=4.139146 uniform_entropy=4.158883 entropy_gap=0.019737 max_probability_over_uniform=1.473388 min_probability_over_uniform=0.612657
RG_SCORE round=20 layer=features.7 mean_q=0.049782 max_q=0.101558 fraction_q_positive=0.992188 sampling_entropy=4.838379 uniform_entropy=4.852030 entropy_gap=0.013651 max_probability_over_uniform=1.520026 min_probability_over_uniform=0.500000
RG_SCORE round=20 layer=features.10 mean_q=0.043774 max_q=0.087141 fraction_q_positive=1.000000 sampling_entropy=4.841712 uniform_entropy=4.852030 entropy_gap=0.010318 max_probability_over_uniform=1.495351 min_probability_over_uniform=0.611362
RG_SCORE round=20 layer=features.14 mean_q=0.040955 max_q=0.081388 fraction_q_positive=1.000000 sampling_entropy=5.533152 uniform_entropy=5.545177 entropy_gap=0.012025 max_probability_over_uniform=1.493622 min_probability_over_uniform=0.662439
RG_SCORE round=20 layer=features.17 mean_q=0.039022 max_q=0.066574 fraction_q_positive=1.000000 sampling_entropy=5.538698 uniform_entropy=5.545177 entropy_gap=0.006479 max_probability_over_uniform=1.353030 min_probability_over_uniform=0.650125
RG_SCORE round=20 layer=features.20 mean_q=0.039846 max_q=0.061646 fraction_q_positive=1.000000 sampling_entropy=5.540548 uniform_entropy=5.545177 entropy_gap=0.004629 max_probability_over_uniform=1.273547 min_probability_over_uniform=0.762926
RG_SCORE round=20 layer=features.24 mean_q=0.041173 max_q=0.078098 fraction_q_positive=1.000000 sampling_entropy=6.226610 uniform_entropy=6.238325 entropy_gap=0.011715 max_probability_over_uniform=1.448421 min_probability_over_uniform=0.553609
RG_SCORE round=20 layer=features.27 mean_q=0.037594 max_q=0.080712 fraction_q_positive=1.000000 sampling_entropy=6.230294 uniform_entropy=6.238325 entropy_gap=0.008031 max_probability_over_uniform=1.573470 min_probability_over_uniform=0.687083
RG_SCORE round=20 layer=features.30 mean_q=0.037160 max_q=0.072138 fraction_q_positive=1.000000 sampling_entropy=6.227007 uniform_entropy=6.238325 entropy_gap=0.011317 max_probability_over_uniform=1.470638 min_probability_over_uniform=0.505045
RG_SCORE round=20 layer=features.34 mean_q=0.057084 max_q=0.134792 fraction_q_positive=0.992188 sampling_entropy=6.217597 uniform_entropy=6.238325 entropy_gap=0.020728 max_probability_over_uniform=1.680640 min_probability_over_uniform=0.500000
RG_SCORE round=20 layer=features.37 mean_q=0.063538 max_q=0.129223 fraction_q_positive=1.000000 sampling_entropy=6.224528 uniform_entropy=6.238325 entropy_gap=0.013796 max_probability_over_uniform=1.516892 min_probability_over_uniform=0.624818
RG_SCORE round=20 layer=features.40 mean_q=0.082664 max_q=0.183493 fraction_q_positive=1.000000 sampling_entropy=6.212527 uniform_entropy=6.238325 entropy_gap=0.025798 max_probability_over_uniform=1.609875 min_probability_over_uniform=0.537548
ROUND_ACCURACY method=FedPhoenixRG round=20 accuracy=45.060001
********************************************************************************
Round  20
ROUND_ACCURACY method=FedPhoenixRG round=21 accuracy=51.570000
********************************************************************************
Round  21
ROUND_ACCURACY method=FedPhoenixRG round=22 accuracy=55.220001
********************************************************************************
Round  22
ROUND_ACCURACY method=FedPhoenixRG round=23 accuracy=49.630001
********************************************************************************
Round  23
ROUND_ACCURACY method=FedPhoenixRG round=24 accuracy=53.619999
********************************************************************************
Round  24
ROUND_ACCURACY method=FedPhoenixRG round=25 accuracy=53.560001
********************************************************************************
Round  25
ROUND_ACCURACY method=FedPhoenixRG round=26 accuracy=51.619999
********************************************************************************
Round  26
ROUND_ACCURACY method=FedPhoenixRG round=27 accuracy=52.919998
********************************************************************************
Round  27
ROUND_ACCURACY method=FedPhoenixRG round=28 accuracy=51.630001
********************************************************************************
Round  28
ROUND_ACCURACY method=FedPhoenixRG round=29 accuracy=47.930000
********************************************************************************
Round  29
ROUND_ACCURACY method=FedPhoenixRG round=30 accuracy=57.810001
********************************************************************************
Round  30
ROUND_ACCURACY method=FedPhoenixRG round=31 accuracy=56.639999
********************************************************************************
Round  31
ROUND_ACCURACY method=FedPhoenixRG round=32 accuracy=56.639999
********************************************************************************
Round  32
ROUND_ACCURACY method=FedPhoenixRG round=33 accuracy=59.240002
********************************************************************************
Round  33
ROUND_ACCURACY method=FedPhoenixRG round=34 accuracy=65.720001
********************************************************************************
Round  34
ROUND_ACCURACY method=FedPhoenixRG round=35 accuracy=55.720001
********************************************************************************
Round  35
ROUND_ACCURACY method=FedPhoenixRG round=36 accuracy=51.200001
********************************************************************************
Round  36
ROUND_ACCURACY method=FedPhoenixRG round=37 accuracy=62.660000
********************************************************************************
Round  37
ROUND_ACCURACY method=FedPhoenixRG round=38 accuracy=58.730000
********************************************************************************
Round  38
ROUND_ACCURACY method=FedPhoenixRG round=39 accuracy=58.980000
********************************************************************************
Round  39
RG_SCORE round=40 layer=features.0 mean_q=0.193256 max_q=0.337467 fraction_q_positive=1.000000 sampling_entropy=4.141737 uniform_entropy=4.158883 entropy_gap=0.017146 max_probability_over_uniform=1.373109 min_probability_over_uniform=0.607973
RG_SCORE round=40 layer=features.3 mean_q=0.166063 max_q=0.246659 fraction_q_positive=1.000000 sampling_entropy=4.154846 uniform_entropy=4.158883 entropy_gap=0.004037 max_probability_over_uniform=1.242669 min_probability_over_uniform=0.843139
RG_SCORE round=40 layer=features.7 mean_q=0.144764 max_q=0.183744 fraction_q_positive=1.000000 sampling_entropy=4.850245 uniform_entropy=4.852030 entropy_gap=0.001785 max_probability_over_uniform=1.134629 min_probability_over_uniform=0.796999
RG_SCORE round=40 layer=features.10 mean_q=0.134963 max_q=0.172520 fraction_q_positive=1.000000 sampling_entropy=4.850248 uniform_entropy=4.852030 entropy_gap=0.001783 max_probability_over_uniform=1.139138 min_probability_over_uniform=0.864364
RG_SCORE round=40 layer=features.14 mean_q=0.130285 max_q=0.173329 fraction_q_positive=1.000000 sampling_entropy=5.543218 uniform_entropy=5.545177 entropy_gap=0.001959 max_probability_over_uniform=1.165193 min_probability_over_uniform=0.827005
RG_SCORE round=40 layer=features.17 mean_q=0.121961 max_q=0.157766 fraction_q_positive=1.000000 sampling_entropy=5.543831 uniform_entropy=5.545177 entropy_gap=0.001347 max_probability_over_uniform=1.146790 min_probability_over_uniform=0.882770
RG_SCORE round=40 layer=features.20 mean_q=0.125760 max_q=0.167436 fraction_q_positive=1.000000 sampling_entropy=5.543723 uniform_entropy=5.545177 entropy_gap=0.001454 max_probability_over_uniform=1.165695 min_probability_over_uniform=0.826279
RG_SCORE round=40 layer=features.24 mean_q=0.120640 max_q=0.185136 fraction_q_positive=1.000000 sampling_entropy=6.235088 uniform_entropy=6.238325 entropy_gap=0.003236 max_probability_over_uniform=1.267309 min_probability_over_uniform=0.760578
RG_SCORE round=40 layer=features.27 mean_q=0.099768 max_q=0.158167 fraction_q_positive=1.000000 sampling_entropy=6.234577 uniform_entropy=6.238325 entropy_gap=0.003747 max_probability_over_uniform=1.292671 min_probability_over_uniform=0.662272
RG_SCORE round=40 layer=features.30 mean_q=0.090558 max_q=0.150280 fraction_q_positive=1.000000 sampling_entropy=6.230410 uniform_entropy=6.238325 entropy_gap=0.007914 max_probability_over_uniform=1.329741 min_probability_over_uniform=0.513940
RG_SCORE round=40 layer=features.34 mean_q=0.126419 max_q=0.291895 fraction_q_positive=0.927734 sampling_entropy=6.204198 uniform_entropy=6.238325 entropy_gap=0.034126 max_probability_over_uniform=1.654472 min_probability_over_uniform=0.500000
RG_SCORE round=40 layer=features.37 mean_q=0.119157 max_q=0.297841 fraction_q_positive=0.935547 sampling_entropy=6.204511 uniform_entropy=6.238325 entropy_gap=0.033813 max_probability_over_uniform=1.749779 min_probability_over_uniform=0.500000
RG_SCORE round=40 layer=features.40 mean_q=0.141013 max_q=0.406064 fraction_q_positive=0.945312 sampling_entropy=6.196483 uniform_entropy=6.238325 entropy_gap=0.041842 max_probability_over_uniform=1.939814 min_probability_over_uniform=0.500000
ROUND_ACCURACY method=FedPhoenixRG round=40 accuracy=63.900002
********************************************************************************
Round  40
ROUND_ACCURACY method=FedPhoenixRG round=41 accuracy=67.089996
********************************************************************************
Round  41
ROUND_ACCURACY method=FedPhoenixRG round=42 accuracy=58.580002
********************************************************************************
Round  42
ROUND_ACCURACY method=FedPhoenixRG round=43 accuracy=60.939999
********************************************************************************
Round  43
ROUND_ACCURACY method=FedPhoenixRG round=44 accuracy=61.160000
********************************************************************************
Round  44
ROUND_ACCURACY method=FedPhoenixRG round=45 accuracy=54.419998
********************************************************************************
Round  45
ROUND_ACCURACY method=FedPhoenixRG round=46 accuracy=67.370003
********************************************************************************
Round  46
ROUND_ACCURACY method=FedPhoenixRG round=47 accuracy=60.029999
********************************************************************************
Round  47
ROUND_ACCURACY method=FedPhoenixRG round=48 accuracy=59.880001
********************************************************************************
Round  48
ROUND_ACCURACY method=FedPhoenixRG round=49 accuracy=58.400002
********************************************************************************
Round  49
ROUND_ACCURACY method=FedPhoenixRG round=50 accuracy=60.720001
********************************************************************************
Round  50
ROUND_ACCURACY method=FedPhoenixRG round=51 accuracy=56.470001
********************************************************************************
Round  51
ROUND_ACCURACY method=FedPhoenixRG round=52 accuracy=67.550003
********************************************************************************
Round  52
ROUND_ACCURACY method=FedPhoenixRG round=53 accuracy=60.820000
********************************************************************************
Round  53
ROUND_ACCURACY method=FedPhoenixRG round=54 accuracy=48.689999
********************************************************************************
Round  54
ROUND_ACCURACY method=FedPhoenixRG round=55 accuracy=66.519997
********************************************************************************
Round  55
ROUND_ACCURACY method=FedPhoenixRG round=56 accuracy=65.620003
********************************************************************************
Round  56
ROUND_ACCURACY method=FedPhoenixRG round=57 accuracy=59.840000
********************************************************************************
Round  57
ROUND_ACCURACY method=FedPhoenixRG round=58 accuracy=59.430000
********************************************************************************
Round  58
ROUND_ACCURACY method=FedPhoenixRG round=59 accuracy=63.360001
********************************************************************************
Round  59
RG_SCORE round=60 layer=features.0 mean_q=0.166857 max_q=0.372954 fraction_q_positive=0.953125 sampling_entropy=4.127796 uniform_entropy=4.158883 entropy_gap=0.031087 max_probability_over_uniform=1.617583 min_probability_over_uniform=0.500000
RG_SCORE round=60 layer=features.3 mean_q=0.177144 max_q=0.232526 fraction_q_positive=1.000000 sampling_entropy=4.156404 uniform_entropy=4.158883 entropy_gap=0.002479 max_probability_over_uniform=1.156319 min_probability_over_uniform=0.870781
RG_SCORE round=60 layer=features.7 mean_q=0.169839 max_q=0.231561 fraction_q_positive=1.000000 sampling_entropy=4.849659 uniform_entropy=4.852030 entropy_gap=0.002371 max_probability_over_uniform=1.181706 min_probability_over_uniform=0.829045
RG_SCORE round=60 layer=features.10 mean_q=0.165097 max_q=0.208945 fraction_q_positive=1.000000 sampling_entropy=4.850793 uniform_entropy=4.852030 entropy_gap=0.001237 max_probability_over_uniform=1.132795 min_probability_over_uniform=0.873335
RG_SCORE round=60 layer=features.14 mean_q=0.163051 max_q=0.221595 fraction_q_positive=1.000000 sampling_entropy=5.543583 uniform_entropy=5.545177 entropy_gap=0.001594 max_probability_over_uniform=1.179527 min_probability_over_uniform=0.872804
RG_SCORE round=60 layer=features.17 mean_q=0.154171 max_q=0.198108 fraction_q_positive=1.000000 sampling_entropy=5.544185 uniform_entropy=5.545177 entropy_gap=0.000992 max_probability_over_uniform=1.142496 min_probability_over_uniform=0.882590
RG_SCORE round=60 layer=features.20 mean_q=0.160459 max_q=0.207267 fraction_q_positive=1.000000 sampling_entropy=5.544355 uniform_entropy=5.545177 entropy_gap=0.000823 max_probability_over_uniform=1.145857 min_probability_over_uniform=0.890914
RG_SCORE round=60 layer=features.24 mean_q=0.157873 max_q=0.214069 fraction_q_positive=1.000000 sampling_entropy=6.236474 uniform_entropy=6.238325 entropy_gap=0.001851 max_probability_over_uniform=1.177977 min_probability_over_uniform=0.822514
RG_SCORE round=60 layer=features.27 mean_q=0.134907 max_q=0.186945 fraction_q_positive=1.000000 sampling_entropy=6.236746 uniform_entropy=6.238325 entropy_gap=0.001579 max_probability_over_uniform=1.192867 min_probability_over_uniform=0.860802
RG_SCORE round=60 layer=features.30 mean_q=0.131225 max_q=0.182152 fraction_q_positive=1.000000 sampling_entropy=6.235720 uniform_entropy=6.238325 entropy_gap=0.002605 max_probability_over_uniform=1.194044 min_probability_over_uniform=0.819833
RG_SCORE round=60 layer=features.34 mean_q=0.229261 max_q=0.329089 fraction_q_positive=1.000000 sampling_entropy=6.234762 uniform_entropy=6.238325 entropy_gap=0.003563 max_probability_over_uniform=1.217717 min_probability_over_uniform=0.673717
RG_SCORE round=60 layer=features.37 mean_q=0.249796 max_q=0.372035 fraction_q_positive=1.000000 sampling_entropy=6.233604 uniform_entropy=6.238325 entropy_gap=0.004721 max_probability_over_uniform=1.244678 min_probability_over_uniform=0.714639
RG_SCORE round=60 layer=features.40 mean_q=0.272213 max_q=0.602153 fraction_q_positive=0.996094 sampling_entropy=6.214750 uniform_entropy=6.238325 entropy_gap=0.023574 max_probability_over_uniform=1.606034 min_probability_over_uniform=0.500000
ROUND_ACCURACY method=FedPhoenixRG round=60 accuracy=64.779999
********************************************************************************
Round  60
ROUND_ACCURACY method=FedPhoenixRG round=61 accuracy=66.830002
********************************************************************************
Round  61
ROUND_ACCURACY method=FedPhoenixRG round=62 accuracy=64.550003
********************************************************************************
Round  62
ROUND_ACCURACY method=FedPhoenixRG round=63 accuracy=66.440002
********************************************************************************
Round  63
ROUND_ACCURACY method=FedPhoenixRG round=64 accuracy=64.430000
********************************************************************************
Round  64
ROUND_ACCURACY method=FedPhoenixRG round=65 accuracy=63.110001
********************************************************************************
Round  65
ROUND_ACCURACY method=FedPhoenixRG round=66 accuracy=64.279999
********************************************************************************
Round  66
ROUND_ACCURACY method=FedPhoenixRG round=67 accuracy=61.560001
********************************************************************************
Round  67
ROUND_ACCURACY method=FedPhoenixRG round=68 accuracy=57.820000
********************************************************************************
Round  68
ROUND_ACCURACY method=FedPhoenixRG round=69 accuracy=70.440002
********************************************************************************
Round  69
ROUND_ACCURACY method=FedPhoenixRG round=70 accuracy=62.000000
********************************************************************************
Round  70
ROUND_ACCURACY method=FedPhoenixRG round=71 accuracy=61.480000
********************************************************************************
Round  71
ROUND_ACCURACY method=FedPhoenixRG round=72 accuracy=63.639999
********************************************************************************
Round  72
ROUND_ACCURACY method=FedPhoenixRG round=73 accuracy=67.690002
********************************************************************************
Round  73
ROUND_ACCURACY method=FedPhoenixRG round=74 accuracy=68.290001
********************************************************************************
Round  74
ROUND_ACCURACY method=FedPhoenixRG round=75 accuracy=72.599998
********************************************************************************
Round  75
ROUND_ACCURACY method=FedPhoenixRG round=76 accuracy=62.970001
********************************************************************************
Round  76
ROUND_ACCURACY method=FedPhoenixRG round=77 accuracy=64.099998
********************************************************************************
Round  77
ROUND_ACCURACY method=FedPhoenixRG round=78 accuracy=66.250000
********************************************************************************
Round  78
ROUND_ACCURACY method=FedPhoenixRG round=79 accuracy=68.550003
********************************************************************************
Round  79
RG_SCORE round=80 layer=features.0 mean_q=0.154291 max_q=0.403974 fraction_q_positive=0.984375 sampling_entropy=4.130978 uniform_entropy=4.158883 entropy_gap=0.027905 max_probability_over_uniform=1.809127 min_probability_over_uniform=0.500000
RG_SCORE round=80 layer=features.3 mean_q=0.182690 max_q=0.233084 fraction_q_positive=1.000000 sampling_entropy=4.156917 uniform_entropy=4.158883 entropy_gap=0.001966 max_probability_over_uniform=1.137924 min_probability_over_uniform=0.874796
RG_SCORE round=80 layer=features.7 mean_q=0.185796 max_q=0.251690 fraction_q_positive=1.000000 sampling_entropy=4.850761 uniform_entropy=4.852030 entropy_gap=0.001269 max_probability_over_uniform=1.177328 min_probability_over_uniform=0.894925
RG_SCORE round=80 layer=features.10 mean_q=0.179073 max_q=0.226046 fraction_q_positive=1.000000 sampling_entropy=4.851066 uniform_entropy=4.852030 entropy_gap=0.000965 max_probability_over_uniform=1.131157 min_probability_over_uniform=0.879753
RG_SCORE round=80 layer=features.14 mean_q=0.182543 max_q=0.228916 fraction_q_positive=1.000000 sampling_entropy=5.544048 uniform_entropy=5.545177 entropy_gap=0.001129 max_probability_over_uniform=1.127020 min_probability_over_uniform=0.865456
RG_SCORE round=80 layer=features.17 mean_q=0.171348 max_q=0.213326 fraction_q_positive=1.000000 sampling_entropy=5.544287 uniform_entropy=5.545177 entropy_gap=0.000890 max_probability_over_uniform=1.122492 min_probability_over_uniform=0.889526
RG_SCORE round=80 layer=features.20 mean_q=0.177161 max_q=0.204923 fraction_q_positive=1.000000 sampling_entropy=5.544591 uniform_entropy=5.545177 entropy_gap=0.000586 max_probability_over_uniform=1.078351 min_probability_over_uniform=0.894486
RG_SCORE round=80 layer=features.24 mean_q=0.181215 max_q=0.221273 fraction_q_positive=1.000000 sampling_entropy=6.237190 uniform_entropy=6.238325 entropy_gap=0.001135 max_probability_over_uniform=1.110525 min_probability_over_uniform=0.859212
RG_SCORE round=80 layer=features.27 mean_q=0.157379 max_q=0.200847 fraction_q_positive=1.000000 sampling_entropy=6.237138 uniform_entropy=6.238325 entropy_gap=0.001186 max_probability_over_uniform=1.138100 min_probability_over_uniform=0.860143
RG_SCORE round=80 layer=features.30 mean_q=0.155802 max_q=0.205126 fraction_q_positive=1.000000 sampling_entropy=6.236671 uniform_entropy=6.238325 entropy_gap=0.001654 max_probability_over_uniform=1.158290 min_probability_over_uniform=0.830857
RG_SCORE round=80 layer=features.34 mean_q=0.304084 max_q=0.391788 fraction_q_positive=1.000000 sampling_entropy=6.236742 uniform_entropy=6.238325 entropy_gap=0.001583 max_probability_over_uniform=1.144208 min_probability_over_uniform=0.815835
RG_SCORE round=80 layer=features.37 mean_q=0.342994 max_q=0.458865 fraction_q_positive=1.000000 sampling_entropy=6.236212 uniform_entropy=6.238325 entropy_gap=0.002112 max_probability_over_uniform=1.168910 min_probability_over_uniform=0.789401
RG_SCORE round=80 layer=features.40 mean_q=0.334698 max_q=0.597094 fraction_q_positive=0.998047 sampling_entropy=6.220165 uniform_entropy=6.238325 entropy_gap=0.018160 max_probability_over_uniform=1.391989 min_probability_over_uniform=0.500000
ROUND_ACCURACY method=FedPhoenixRG round=80 accuracy=65.470001
********************************************************************************
Round  80
ROUND_ACCURACY method=FedPhoenixRG round=81 accuracy=64.750000
********************************************************************************
Round  81
ROUND_ACCURACY method=FedPhoenixRG round=82 accuracy=68.269997
********************************************************************************
Round  82
ROUND_ACCURACY method=FedPhoenixRG round=83 accuracy=70.550003
********************************************************************************
Round  83
ROUND_ACCURACY method=FedPhoenixRG round=84 accuracy=65.650002
********************************************************************************
Round  84
ROUND_ACCURACY method=FedPhoenixRG round=85 accuracy=67.690002
********************************************************************************
Round  85
ROUND_ACCURACY method=FedPhoenixRG round=86 accuracy=68.489998
********************************************************************************
Round  86
ROUND_ACCURACY method=FedPhoenixRG round=87 accuracy=67.889999
********************************************************************************
Round  87
ROUND_ACCURACY method=FedPhoenixRG round=88 accuracy=70.970001
********************************************************************************
Round  88
ROUND_ACCURACY method=FedPhoenixRG round=89 accuracy=72.629997
********************************************************************************
Round  89
ROUND_ACCURACY method=FedPhoenixRG round=90 accuracy=68.699997
********************************************************************************
Round  90
ROUND_ACCURACY method=FedPhoenixRG round=91 accuracy=67.050003
********************************************************************************
Round  91
ROUND_ACCURACY method=FedPhoenixRG round=92 accuracy=69.599998
********************************************************************************
Round  92
ROUND_ACCURACY method=FedPhoenixRG round=93 accuracy=66.529999
********************************************************************************
Round  93
ROUND_ACCURACY method=FedPhoenixRG round=94 accuracy=69.160004
********************************************************************************
Round  94
ROUND_ACCURACY method=FedPhoenixRG round=95 accuracy=68.809998
********************************************************************************
Round  95
ROUND_ACCURACY method=FedPhoenixRG round=96 accuracy=68.510002
********************************************************************************
Round  96
ROUND_ACCURACY method=FedPhoenixRG round=97 accuracy=67.559998
********************************************************************************
Round  97
ROUND_ACCURACY method=FedPhoenixRG round=98 accuracy=63.360001
********************************************************************************
Round  98
ROUND_ACCURACY method=FedPhoenixRG round=99 accuracy=62.369999
********************************************************************************
Round  99
RG_SCORE round=100 layer=features.0 mean_q=0.126866 max_q=0.337312 fraction_q_positive=0.843750 sampling_entropy=4.097134 uniform_entropy=4.158883 entropy_gap=0.061749 max_probability_over_uniform=1.829401 min_probability_over_uniform=0.500000
RG_SCORE round=100 layer=features.3 mean_q=0.183230 max_q=0.231802 fraction_q_positive=1.000000 sampling_entropy=4.157252 uniform_entropy=4.158883 entropy_gap=0.001631 max_probability_over_uniform=1.132545 min_probability_over_uniform=0.786864
RG_SCORE round=100 layer=features.7 mean_q=0.187489 max_q=0.241101 fraction_q_positive=1.000000 sampling_entropy=4.850471 uniform_entropy=4.852030 entropy_gap=0.001560 max_probability_over_uniform=1.142974 min_probability_over_uniform=0.868595
RG_SCORE round=100 layer=features.10 mean_q=0.181037 max_q=0.213886 fraction_q_positive=1.000000 sampling_entropy=4.851184 uniform_entropy=4.852030 entropy_gap=0.000846 max_probability_over_uniform=1.090723 min_probability_over_uniform=0.884375
RG_SCORE round=100 layer=features.14 mean_q=0.189861 max_q=0.240263 fraction_q_positive=1.000000 sampling_entropy=5.544156 uniform_entropy=5.545177 entropy_gap=0.001022 max_probability_over_uniform=1.132733 min_probability_over_uniform=0.878499
RG_SCORE round=100 layer=features.17 mean_q=0.179876 max_q=0.218892 fraction_q_positive=1.000000 sampling_entropy=5.544269 uniform_entropy=5.545177 entropy_gap=0.000909 max_probability_over_uniform=1.108453 min_probability_over_uniform=0.899714
RG_SCORE round=100 layer=features.20 mean_q=0.187579 max_q=0.216480 fraction_q_positive=1.000000 sampling_entropy=5.544707 uniform_entropy=5.545177 entropy_gap=0.000471 max_probability_over_uniform=1.077036 min_probability_over_uniform=0.899127
RG_SCORE round=100 layer=features.24 mean_q=0.199469 max_q=0.253928 fraction_q_positive=1.000000 sampling_entropy=6.237433 uniform_entropy=6.238325 entropy_gap=0.000892 max_probability_over_uniform=1.136508 min_probability_over_uniform=0.839220
RG_SCORE round=100 layer=features.27 mean_q=0.175535 max_q=0.225233 fraction_q_positive=1.000000 sampling_entropy=6.237283 uniform_entropy=6.238325 entropy_gap=0.001042 max_probability_over_uniform=1.141564 min_probability_over_uniform=0.888337
RG_SCORE round=100 layer=features.30 mean_q=0.172190 max_q=0.213257 fraction_q_positive=1.000000 sampling_entropy=6.237017 uniform_entropy=6.238325 entropy_gap=0.001308 max_probability_over_uniform=1.119249 min_probability_over_uniform=0.854110
RG_SCORE round=100 layer=features.34 mean_q=0.335818 max_q=0.439003 fraction_q_positive=1.000000 sampling_entropy=6.236646 uniform_entropy=6.238325 entropy_gap=0.001679 max_probability_over_uniform=1.153632 min_probability_over_uniform=0.712006
RG_SCORE round=100 layer=features.37 mean_q=0.372048 max_q=0.496001 fraction_q_positive=1.000000 sampling_entropy=6.236078 uniform_entropy=6.238325 entropy_gap=0.002247 max_probability_over_uniform=1.166583 min_probability_over_uniform=0.672428
RG_SCORE round=100 layer=features.40 mean_q=0.309846 max_q=0.547587 fraction_q_positive=1.000000 sampling_entropy=6.220974 uniform_entropy=6.238325 entropy_gap=0.017351 max_probability_over_uniform=1.383645 min_probability_over_uniform=0.559863
ROUND_ACCURACY method=FedPhoenixRG round=100 accuracy=63.709999
********************************************************************************
Round 100
ROUND_ACCURACY method=FedPhoenixRG round=101 accuracy=68.650002
********************************************************************************
Round 101
ROUND_ACCURACY method=FedPhoenixRG round=102 accuracy=71.959999
********************************************************************************
Round 102
ROUND_ACCURACY method=FedPhoenixRG round=103 accuracy=72.750000
********************************************************************************
Round 103
ROUND_ACCURACY method=FedPhoenixRG round=104 accuracy=69.889999
********************************************************************************
Round 104
ROUND_ACCURACY method=FedPhoenixRG round=105 accuracy=68.330002
********************************************************************************
Round 105
ROUND_ACCURACY method=FedPhoenixRG round=106 accuracy=69.589996
********************************************************************************
Round 106
ROUND_ACCURACY method=FedPhoenixRG round=107 accuracy=44.619999
********************************************************************************
Round 107
ROUND_ACCURACY method=FedPhoenixRG round=108 accuracy=72.260002
********************************************************************************
Round 108
ROUND_ACCURACY method=FedPhoenixRG round=109 accuracy=72.000000
********************************************************************************
Round 109
ROUND_ACCURACY method=FedPhoenixRG round=110 accuracy=73.379997
********************************************************************************
Round 110
ROUND_ACCURACY method=FedPhoenixRG round=111 accuracy=72.610001
********************************************************************************
Round 111
ROUND_ACCURACY method=FedPhoenixRG round=112 accuracy=71.750000
********************************************************************************
Round 112
ROUND_ACCURACY method=FedPhoenixRG round=113 accuracy=67.809998
********************************************************************************
Round 113
ROUND_ACCURACY method=FedPhoenixRG round=114 accuracy=68.550003
********************************************************************************
Round 114
ROUND_ACCURACY method=FedPhoenixRG round=115 accuracy=58.090000
********************************************************************************
Round 115
ROUND_ACCURACY method=FedPhoenixRG round=116 accuracy=74.580002
********************************************************************************
Round 116
ROUND_ACCURACY method=FedPhoenixRG round=117 accuracy=64.519997
********************************************************************************
Round 117
ROUND_ACCURACY method=FedPhoenixRG round=118 accuracy=72.470001
********************************************************************************
Round 118
ROUND_ACCURACY method=FedPhoenixRG round=119 accuracy=71.559998
********************************************************************************
Round 119
RG_SCORE round=120 layer=features.0 mean_q=0.133746 max_q=0.364514 fraction_q_positive=0.937500 sampling_entropy=4.109822 uniform_entropy=4.158883 entropy_gap=0.049061 max_probability_over_uniform=1.862707 min_probability_over_uniform=0.500000
RG_SCORE round=120 layer=features.3 mean_q=0.172241 max_q=0.214436 fraction_q_positive=1.000000 sampling_entropy=4.156624 uniform_entropy=4.158883 entropy_gap=0.002259 max_probability_over_uniform=1.122487 min_probability_over_uniform=0.828613
RG_SCORE round=120 layer=features.7 mean_q=0.182778 max_q=0.222763 fraction_q_positive=1.000000 sampling_entropy=4.850561 uniform_entropy=4.852030 entropy_gap=0.001469 max_probability_over_uniform=1.109381 min_probability_over_uniform=0.854408
RG_SCORE round=120 layer=features.10 mean_q=0.177448 max_q=0.211264 fraction_q_positive=1.000000 sampling_entropy=4.851297 uniform_entropy=4.852030 entropy_gap=0.000733 max_probability_over_uniform=1.095284 min_probability_over_uniform=0.893548
RG_SCORE round=120 layer=features.14 mean_q=0.185971 max_q=0.233235 fraction_q_positive=1.000000 sampling_entropy=5.544249 uniform_entropy=5.545177 entropy_gap=0.000929 max_probability_over_uniform=1.127075 min_probability_over_uniform=0.892152
RG_SCORE round=120 layer=features.17 mean_q=0.177433 max_q=0.232439 fraction_q_positive=1.000000 sampling_entropy=5.544119 uniform_entropy=5.545177 entropy_gap=0.001059 max_probability_over_uniform=1.155003 min_probability_over_uniform=0.892594
RG_SCORE round=120 layer=features.20 mean_q=0.182220 max_q=0.211909 fraction_q_positive=1.000000 sampling_entropy=5.544545 uniform_entropy=5.545177 entropy_gap=0.000633 max_probability_over_uniform=1.081464 min_probability_over_uniform=0.882979
RG_SCORE round=120 layer=features.24 mean_q=0.192936 max_q=0.264607 fraction_q_positive=1.000000 sampling_entropy=6.237293 uniform_entropy=6.238325 entropy_gap=0.001032 max_probability_over_uniform=1.185737 min_probability_over_uniform=0.867524
RG_SCORE round=120 layer=features.27 mean_q=0.170032 max_q=0.235945 fraction_q_positive=1.000000 sampling_entropy=6.236808 uniform_entropy=6.238325 entropy_gap=0.001517 max_probability_over_uniform=1.193824 min_probability_over_uniform=0.822688
RG_SCORE round=120 layer=features.30 mean_q=0.158967 max_q=0.214692 fraction_q_positive=1.000000 sampling_entropy=6.236360 uniform_entropy=6.238325 entropy_gap=0.001965 max_probability_over_uniform=1.175273 min_probability_over_uniform=0.820626
RG_SCORE round=120 layer=features.34 mean_q=0.267712 max_q=0.409058 fraction_q_positive=1.000000 sampling_entropy=6.230926 uniform_entropy=6.238325 entropy_gap=0.007398 max_probability_over_uniform=1.263990 min_probability_over_uniform=0.506546
RG_SCORE round=120 layer=features.37 mean_q=0.221841 max_q=0.410421 fraction_q_positive=0.990234 sampling_entropy=6.221375 uniform_entropy=6.238325 entropy_gap=0.016950 max_probability_over_uniform=1.425033 min_probability_over_uniform=0.500000
RG_SCORE round=120 layer=features.40 mean_q=0.146999 max_q=0.424576 fraction_q_positive=0.960938 sampling_entropy=6.189728 uniform_entropy=6.238325 entropy_gap=0.048596 max_probability_over_uniform=1.944143 min_probability_over_uniform=0.500000
ROUND_ACCURACY method=FedPhoenixRG round=120 accuracy=68.519997
********************************************************************************
Round 120
ROUND_ACCURACY method=FedPhoenixRG round=121 accuracy=72.330002
********************************************************************************
Round 121
ROUND_ACCURACY method=FedPhoenixRG round=122 accuracy=70.809998
********************************************************************************
Round 122
ROUND_ACCURACY method=FedPhoenixRG round=123 accuracy=71.720001
********************************************************************************
Round 123
ROUND_ACCURACY method=FedPhoenixRG round=124 accuracy=62.700001
********************************************************************************
Round 124
ROUND_ACCURACY method=FedPhoenixRG round=125 accuracy=64.739998
********************************************************************************
Round 125
ROUND_ACCURACY method=FedPhoenixRG round=126 accuracy=60.500000
********************************************************************************
Round 126
ROUND_ACCURACY method=FedPhoenixRG round=127 accuracy=71.849998
********************************************************************************
Round 127
ROUND_ACCURACY method=FedPhoenixRG round=128 accuracy=70.019997
********************************************************************************
Round 128
ROUND_ACCURACY method=FedPhoenixRG round=129 accuracy=74.580002
********************************************************************************
Round 129
ROUND_ACCURACY method=FedPhoenixRG round=130 accuracy=66.980003
********************************************************************************
Round 130
ROUND_ACCURACY method=FedPhoenixRG round=131 accuracy=68.559998
********************************************************************************
Round 131
ROUND_ACCURACY method=FedPhoenixRG round=132 accuracy=76.400002
********************************************************************************
Round 132
ROUND_ACCURACY method=FedPhoenixRG round=133 accuracy=71.550003
********************************************************************************
Round 133
ROUND_ACCURACY method=FedPhoenixRG round=134 accuracy=71.190002
********************************************************************************
Round 134
ROUND_ACCURACY method=FedPhoenixRG round=135 accuracy=64.900002
********************************************************************************
Round 135
ROUND_ACCURACY method=FedPhoenixRG round=136 accuracy=65.989998
********************************************************************************
Round 136
ROUND_ACCURACY method=FedPhoenixRG round=137 accuracy=71.339996
********************************************************************************
Round 137
ROUND_ACCURACY method=FedPhoenixRG round=138 accuracy=74.500000
********************************************************************************
Round 138
ROUND_ACCURACY method=FedPhoenixRG round=139 accuracy=70.589996
********************************************************************************
Round 139
RG_SCORE round=140 layer=features.0 mean_q=0.159998 max_q=0.332821 fraction_q_positive=0.968750 sampling_entropy=4.126462 uniform_entropy=4.158883 entropy_gap=0.032421 max_probability_over_uniform=1.540077 min_probability_over_uniform=0.500000
RG_SCORE round=140 layer=features.3 mean_q=0.198997 max_q=0.260749 fraction_q_positive=1.000000 sampling_entropy=4.157525 uniform_entropy=4.158883 entropy_gap=0.001358 max_probability_over_uniform=1.155159 min_probability_over_uniform=0.885036
RG_SCORE round=140 layer=features.7 mean_q=0.197834 max_q=0.251981 fraction_q_positive=1.000000 sampling_entropy=4.850589 uniform_entropy=4.852030 entropy_gap=0.001442 max_probability_over_uniform=1.136851 min_probability_over_uniform=0.839257
RG_SCORE round=140 layer=features.10 mean_q=0.186300 max_q=0.222472 fraction_q_positive=1.000000 sampling_entropy=4.851386 uniform_entropy=4.852030 entropy_gap=0.000644 max_probability_over_uniform=1.097081 min_probability_over_uniform=0.900307
RG_SCORE round=140 layer=features.14 mean_q=0.197994 max_q=0.252607 fraction_q_positive=1.000000 sampling_entropy=5.544089 uniform_entropy=5.545177 entropy_gap=0.001088 max_probability_over_uniform=1.137916 min_probability_over_uniform=0.887136
RG_SCORE round=140 layer=features.17 mean_q=0.184401 max_q=0.226160 fraction_q_positive=1.000000 sampling_entropy=5.544203 uniform_entropy=5.545177 entropy_gap=0.000974 max_probability_over_uniform=1.113229 min_probability_over_uniform=0.882325
RG_SCORE round=140 layer=features.20 mean_q=0.185548 max_q=0.216141 fraction_q_positive=1.000000 sampling_entropy=5.544635 uniform_entropy=5.545177 entropy_gap=0.000542 max_probability_over_uniform=1.082440 min_probability_over_uniform=0.914432
RG_SCORE round=140 layer=features.24 mean_q=0.199766 max_q=0.251629 fraction_q_positive=1.000000 sampling_entropy=6.237467 uniform_entropy=6.238325 entropy_gap=0.000857 max_probability_over_uniform=1.129812 min_probability_over_uniform=0.888985
RG_SCORE round=140 layer=features.27 mean_q=0.183162 max_q=0.252041 fraction_q_positive=1.000000 sampling_entropy=6.237195 uniform_entropy=6.238325 entropy_gap=0.001129 max_probability_over_uniform=1.188028 min_probability_over_uniform=0.840283
RG_SCORE round=140 layer=features.30 mean_q=0.172324 max_q=0.226410 fraction_q_positive=1.000000 sampling_entropy=6.237030 uniform_entropy=6.238325 entropy_gap=0.001295 max_probability_over_uniform=1.156929 min_probability_over_uniform=0.837574
RG_SCORE round=140 layer=features.34 mean_q=0.309919 max_q=0.452519 fraction_q_positive=1.000000 sampling_entropy=6.233094 uniform_entropy=6.238325 entropy_gap=0.005231 max_probability_over_uniform=1.230059 min_probability_over_uniform=0.580193
RG_SCORE round=140 layer=features.37 mean_q=0.249732 max_q=0.432726 fraction_q_positive=1.000000 sampling_entropy=6.222914 uniform_entropy=6.238325 entropy_gap=0.015411 max_probability_over_uniform=1.366380 min_probability_over_uniform=0.542043
RG_SCORE round=140 layer=features.40 mean_q=0.140917 max_q=0.435054 fraction_q_positive=0.974609 sampling_entropy=6.194725 uniform_entropy=6.238325 entropy_gap=0.043599 max_probability_over_uniform=2.043654 min_probability_over_uniform=0.500000
ROUND_ACCURACY method=FedPhoenixRG round=140 accuracy=73.519997
********************************************************************************
Round 140
ROUND_ACCURACY method=FedPhoenixRG round=141 accuracy=72.330002
********************************************************************************
Round 141
ROUND_ACCURACY method=FedPhoenixRG round=142 accuracy=61.130001
********************************************************************************
Round 142
ROUND_ACCURACY method=FedPhoenixRG round=143 accuracy=61.779999
********************************************************************************
Round 143
ROUND_ACCURACY method=FedPhoenixRG round=144 accuracy=74.129997
********************************************************************************
Round 144
ROUND_ACCURACY method=FedPhoenixRG round=145 accuracy=66.480003
********************************************************************************
Round 145
ROUND_ACCURACY method=FedPhoenixRG round=146 accuracy=66.349998
********************************************************************************
Round 146
ROUND_ACCURACY method=FedPhoenixRG round=147 accuracy=73.089996
********************************************************************************
Round 147
ROUND_ACCURACY method=FedPhoenixRG round=148 accuracy=69.160004
********************************************************************************
Round 148
ROUND_ACCURACY method=FedPhoenixRG round=149 accuracy=68.510002
********************************************************************************
Round 149
ROUND_ACCURACY method=FedPhoenixRG round=150 accuracy=73.510002
********************************************************************************
Round 150
ROUND_ACCURACY method=FedPhoenixRG round=151 accuracy=58.619999
********************************************************************************
Round 151
ROUND_ACCURACY method=FedPhoenixRG round=152 accuracy=67.239998
********************************************************************************
Round 152
ROUND_ACCURACY method=FedPhoenixRG round=153 accuracy=73.070000
********************************************************************************
Round 153
ROUND_ACCURACY method=FedPhoenixRG round=154 accuracy=73.150002
********************************************************************************
Round 154
ROUND_ACCURACY method=FedPhoenixRG round=155 accuracy=69.419998
********************************************************************************
Round 155
ROUND_ACCURACY method=FedPhoenixRG round=156 accuracy=72.779999
********************************************************************************
Round 156
ROUND_ACCURACY method=FedPhoenixRG round=157 accuracy=63.279999
********************************************************************************
Round 157
ROUND_ACCURACY method=FedPhoenixRG round=158 accuracy=68.070000
********************************************************************************
Round 158
ROUND_ACCURACY method=FedPhoenixRG round=159 accuracy=70.309998
********************************************************************************
Round 159
RG_SCORE round=160 layer=features.0 mean_q=0.161343 max_q=0.351930 fraction_q_positive=0.984375 sampling_entropy=4.130171 uniform_entropy=4.158883 entropy_gap=0.028712 max_probability_over_uniform=1.590625 min_probability_over_uniform=0.500000
RG_SCORE round=160 layer=features.3 mean_q=0.162707 max_q=0.208590 fraction_q_positive=1.000000 sampling_entropy=4.156960 uniform_entropy=4.158883 entropy_gap=0.001923 max_probability_over_uniform=1.141000 min_probability_over_uniform=0.863801
RG_SCORE round=160 layer=features.7 mean_q=0.172330 max_q=0.213779 fraction_q_positive=1.000000 sampling_entropy=4.850828 uniform_entropy=4.852030 entropy_gap=0.001202 max_probability_over_uniform=1.120263 min_probability_over_uniform=0.821844
RG_SCORE round=160 layer=features.10 mean_q=0.165370 max_q=0.202747 fraction_q_positive=1.000000 sampling_entropy=4.851297 uniform_entropy=4.852030 entropy_gap=0.000733 max_probability_over_uniform=1.113009 min_probability_over_uniform=0.905021
RG_SCORE round=160 layer=features.14 mean_q=0.175744 max_q=0.237006 fraction_q_positive=1.000000 sampling_entropy=5.544101 uniform_entropy=5.545177 entropy_gap=0.001077 max_probability_over_uniform=1.174294 min_probability_over_uniform=0.884043
RG_SCORE round=160 layer=features.17 mean_q=0.168945 max_q=0.219469 fraction_q_positive=1.000000 sampling_entropy=5.544058 uniform_entropy=5.545177 entropy_gap=0.001119 max_probability_over_uniform=1.149528 min_probability_over_uniform=0.880300
RG_SCORE round=160 layer=features.20 mean_q=0.172992 max_q=0.203270 fraction_q_positive=1.000000 sampling_entropy=5.544658 uniform_entropy=5.545177 entropy_gap=0.000520 max_probability_over_uniform=1.087511 min_probability_over_uniform=0.910429
RG_SCORE round=160 layer=features.24 mean_q=0.188358 max_q=0.236631 fraction_q_positive=1.000000 sampling_entropy=6.237378 uniform_entropy=6.238325 entropy_gap=0.000947 max_probability_over_uniform=1.128144 min_probability_over_uniform=0.850580
RG_SCORE round=160 layer=features.27 mean_q=0.172549 max_q=0.256374 fraction_q_positive=1.000000 sampling_entropy=6.237110 uniform_entropy=6.238325 entropy_gap=0.001214 max_probability_over_uniform=1.242903 min_probability_over_uniform=0.851706
RG_SCORE round=160 layer=features.30 mean_q=0.157513 max_q=0.205950 fraction_q_positive=1.000000 sampling_entropy=6.236837 uniform_entropy=6.238325 entropy_gap=0.001488 max_probability_over_uniform=1.153756 min_probability_over_uniform=0.767294
RG_SCORE round=160 layer=features.34 mean_q=0.277101 max_q=0.391150 fraction_q_positive=1.000000 sampling_entropy=6.232889 uniform_entropy=6.238325 entropy_gap=0.005436 max_probability_over_uniform=1.205790 min_probability_over_uniform=0.501144
RG_SCORE round=160 layer=features.37 mean_q=0.255097 max_q=0.461910 fraction_q_positive=0.992188 sampling_entropy=6.224380 uniform_entropy=6.238325 entropy_gap=0.013945 max_probability_over_uniform=1.405361 min_probability_over_uniform=0.500000
RG_SCORE round=160 layer=features.40 mean_q=0.143757 max_q=0.464564 fraction_q_positive=0.935547 sampling_entropy=6.186794 uniform_entropy=6.238325 entropy_gap=0.051531 max_probability_over_uniform=2.115801 min_probability_over_uniform=0.500000
ROUND_ACCURACY method=FedPhoenixRG round=160 accuracy=69.320000
********************************************************************************
Round 160
ROUND_ACCURACY method=FedPhoenixRG round=161 accuracy=75.330002
********************************************************************************
Round 161
ROUND_ACCURACY method=FedPhoenixRG round=162 accuracy=71.870003
********************************************************************************
Round 162
ROUND_ACCURACY method=FedPhoenixRG round=163 accuracy=70.430000
********************************************************************************
Round 163
ROUND_ACCURACY method=FedPhoenixRG round=164 accuracy=67.559998
********************************************************************************
Round 164
ROUND_ACCURACY method=FedPhoenixRG round=165 accuracy=72.080002
********************************************************************************
Round 165
ROUND_ACCURACY method=FedPhoenixRG round=166 accuracy=70.059998
********************************************************************************
Round 166
ROUND_ACCURACY method=FedPhoenixRG round=167 accuracy=65.599998
********************************************************************************
Round 167
ROUND_ACCURACY method=FedPhoenixRG round=168 accuracy=66.419998
********************************************************************************
Round 168
ROUND_ACCURACY method=FedPhoenixRG round=169 accuracy=70.529999
********************************************************************************
Round 169
ROUND_ACCURACY method=FedPhoenixRG round=170 accuracy=59.410000
********************************************************************************
Round 170
ROUND_ACCURACY method=FedPhoenixRG round=171 accuracy=67.760002
********************************************************************************
Round 171
ROUND_ACCURACY method=FedPhoenixRG round=172 accuracy=67.680000
********************************************************************************
Round 172
ROUND_ACCURACY method=FedPhoenixRG round=173 accuracy=64.480003
********************************************************************************
Round 173
ROUND_ACCURACY method=FedPhoenixRG round=174 accuracy=70.500000
********************************************************************************
Round 174
ROUND_ACCURACY method=FedPhoenixRG round=175 accuracy=74.070000
********************************************************************************
Round 175
ROUND_ACCURACY method=FedPhoenixRG round=176 accuracy=75.110001
********************************************************************************
Round 176
ROUND_ACCURACY method=FedPhoenixRG round=177 accuracy=70.690002
********************************************************************************
Round 177
ROUND_ACCURACY method=FedPhoenixRG round=178 accuracy=66.610001
********************************************************************************
Round 178
ROUND_ACCURACY method=FedPhoenixRG round=179 accuracy=75.820000
********************************************************************************
Round 179
RG_SCORE round=180 layer=features.0 mean_q=0.130084 max_q=0.479481 fraction_q_positive=0.796875 sampling_entropy=4.067354 uniform_entropy=4.158883 entropy_gap=0.091529 max_probability_over_uniform=2.342959 min_probability_over_uniform=0.500000
RG_SCORE round=180 layer=features.3 mean_q=0.142500 max_q=0.216052 fraction_q_positive=1.000000 sampling_entropy=4.150578 uniform_entropy=4.158883 entropy_gap=0.008305 max_probability_over_uniform=1.258079 min_probability_over_uniform=0.716528
RG_SCORE round=180 layer=features.7 mean_q=0.145504 max_q=0.219605 fraction_q_positive=1.000000 sampling_entropy=4.844304 uniform_entropy=4.852030 entropy_gap=0.007726 max_probability_over_uniform=1.254634 min_probability_over_uniform=0.652109
RG_SCORE round=180 layer=features.10 mean_q=0.143168 max_q=0.186349 fraction_q_positive=1.000000 sampling_entropy=4.849764 uniform_entropy=4.852030 entropy_gap=0.002266 max_probability_over_uniform=1.150806 min_probability_over_uniform=0.824036
RG_SCORE round=180 layer=features.14 mean_q=0.152222 max_q=0.217255 fraction_q_positive=1.000000 sampling_entropy=5.542606 uniform_entropy=5.545177 entropy_gap=0.002571 max_probability_over_uniform=1.213615 min_probability_over_uniform=0.789521
RG_SCORE round=180 layer=features.17 mean_q=0.144653 max_q=0.218682 fraction_q_positive=1.000000 sampling_entropy=5.542751 uniform_entropy=5.545177 entropy_gap=0.002426 max_probability_over_uniform=1.255882 min_probability_over_uniform=0.787407
RG_SCORE round=180 layer=features.20 mean_q=0.146006 max_q=0.185948 fraction_q_positive=1.000000 sampling_entropy=5.543204 uniform_entropy=5.545177 entropy_gap=0.001974 max_probability_over_uniform=1.136780 min_probability_over_uniform=0.780238
RG_SCORE round=180 layer=features.24 mean_q=0.155805 max_q=0.227997 fraction_q_positive=1.000000 sampling_entropy=6.234696 uniform_entropy=6.238325 entropy_gap=0.003628 max_probability_over_uniform=1.231674 min_probability_over_uniform=0.727050
RG_SCORE round=180 layer=features.27 mean_q=0.143068 max_q=0.221509 fraction_q_positive=1.000000 sampling_entropy=6.233374 uniform_entropy=6.238325 entropy_gap=0.004950 max_probability_over_uniform=1.274141 min_probability_over_uniform=0.684744
RG_SCORE round=180 layer=features.30 mean_q=0.128845 max_q=0.196748 fraction_q_positive=1.000000 sampling_entropy=6.233772 uniform_entropy=6.238325 entropy_gap=0.004553 max_probability_over_uniform=1.263505 min_probability_over_uniform=0.682290
RG_SCORE round=180 layer=features.34 mean_q=0.261462 max_q=0.468807 fraction_q_positive=1.000000 sampling_entropy=6.229098 uniform_entropy=6.238325 entropy_gap=0.009227 max_probability_over_uniform=1.396511 min_probability_over_uniform=0.558198
RG_SCORE round=180 layer=features.37 mean_q=0.235511 max_q=0.441120 fraction_q_positive=0.992188 sampling_entropy=6.219445 uniform_entropy=6.238325 entropy_gap=0.018880 max_probability_over_uniform=1.436515 min_probability_over_uniform=0.500000
RG_SCORE round=180 layer=features.40 mean_q=0.134304 max_q=0.352433 fraction_q_positive=0.919922 sampling_entropy=6.182877 uniform_entropy=6.238325 entropy_gap=0.055448 max_probability_over_uniform=1.812072 min_probability_over_uniform=0.500000
ROUND_ACCURACY method=FedPhoenixRG round=180 accuracy=69.660004
********************************************************************************
Round 180
ROUND_ACCURACY method=FedPhoenixRG round=181 accuracy=74.019997
********************************************************************************
Round 181
ROUND_ACCURACY method=FedPhoenixRG round=182 accuracy=63.980000
********************************************************************************
Round 182
ROUND_ACCURACY method=FedPhoenixRG round=183 accuracy=76.320000
********************************************************************************
Round 183
ROUND_ACCURACY method=FedPhoenixRG round=184 accuracy=75.309998
********************************************************************************
Round 184
ROUND_ACCURACY method=FedPhoenixRG round=185 accuracy=76.209999
********************************************************************************
Round 185
ROUND_ACCURACY method=FedPhoenixRG round=186 accuracy=72.239998
********************************************************************************
Round 186
ROUND_ACCURACY method=FedPhoenixRG round=187 accuracy=69.650002
********************************************************************************
Round 187
ROUND_ACCURACY method=FedPhoenixRG round=188 accuracy=72.889999
********************************************************************************
Round 188
ROUND_ACCURACY method=FedPhoenixRG round=189 accuracy=67.830002
********************************************************************************
Round 189
ROUND_ACCURACY method=FedPhoenixRG round=190 accuracy=68.930000
********************************************************************************
Round 190
ROUND_ACCURACY method=FedPhoenixRG round=191 accuracy=59.869999
********************************************************************************
Round 191
ROUND_ACCURACY method=FedPhoenixRG round=192 accuracy=71.599998
********************************************************************************
Round 192
ROUND_ACCURACY method=FedPhoenixRG round=193 accuracy=73.750000
********************************************************************************
Round 193
ROUND_ACCURACY method=FedPhoenixRG round=194 accuracy=68.699997
********************************************************************************
Round 194
ROUND_ACCURACY method=FedPhoenixRG round=195 accuracy=72.550003
********************************************************************************
Round 195
ROUND_ACCURACY method=FedPhoenixRG round=196 accuracy=76.800003
********************************************************************************
Round 196
ROUND_ACCURACY method=FedPhoenixRG round=197 accuracy=63.389999
********************************************************************************
Round 197
ROUND_ACCURACY method=FedPhoenixRG round=198 accuracy=70.769997
********************************************************************************
Round 198
ROUND_ACCURACY method=FedPhoenixRG round=199 accuracy=62.480000
********************************************************************************
Round 199
RG_SCORE round=200 layer=features.0 mean_q=0.155033 max_q=0.372431 fraction_q_positive=1.000000 sampling_entropy=4.125464 uniform_entropy=4.158883 entropy_gap=0.033419 max_probability_over_uniform=1.701135 min_probability_over_uniform=0.546356
RG_SCORE round=200 layer=features.3 mean_q=0.180820 max_q=0.215258 fraction_q_positive=1.000000 sampling_entropy=4.157902 uniform_entropy=4.158883 entropy_gap=0.000981 max_probability_over_uniform=1.095228 min_probability_over_uniform=0.897536
RG_SCORE round=200 layer=features.7 mean_q=0.183911 max_q=0.250089 fraction_q_positive=1.000000 sampling_entropy=4.850462 uniform_entropy=4.852030 entropy_gap=0.001568 max_probability_over_uniform=1.179917 min_probability_over_uniform=0.855440
RG_SCORE round=200 layer=features.10 mean_q=0.167184 max_q=0.193528 fraction_q_positive=1.000000 sampling_entropy=4.851246 uniform_entropy=4.852030 entropy_gap=0.000784 max_probability_over_uniform=1.078788 min_probability_over_uniform=0.866562
RG_SCORE round=200 layer=features.14 mean_q=0.176881 max_q=0.232052 fraction_q_positive=1.000000 sampling_entropy=5.544028 uniform_entropy=5.545177 entropy_gap=0.001149 max_probability_over_uniform=1.155954 min_probability_over_uniform=0.911219
RG_SCORE round=200 layer=features.17 mean_q=0.169702 max_q=0.222682 fraction_q_positive=1.000000 sampling_entropy=5.543969 uniform_entropy=5.545177 entropy_gap=0.001209 max_probability_over_uniform=1.156096 min_probability_over_uniform=0.876653
RG_SCORE round=200 layer=features.20 mean_q=0.169496 max_q=0.202416 fraction_q_positive=1.000000 sampling_entropy=5.544499 uniform_entropy=5.545177 entropy_gap=0.000678 max_probability_over_uniform=1.097111 min_probability_over_uniform=0.880277
RG_SCORE round=200 layer=features.24 mean_q=0.185656 max_q=0.237052 fraction_q_positive=1.000000 sampling_entropy=6.236919 uniform_entropy=6.238325 entropy_gap=0.001406 max_probability_over_uniform=1.138416 min_probability_over_uniform=0.819898
RG_SCORE round=200 layer=features.27 mean_q=0.172459 max_q=0.243088 fraction_q_positive=1.000000 sampling_entropy=6.236329 uniform_entropy=6.238325 entropy_gap=0.001996 max_probability_over_uniform=1.204772 min_probability_over_uniform=0.739187
RG_SCORE round=200 layer=features.30 mean_q=0.148773 max_q=0.202728 fraction_q_positive=1.000000 sampling_entropy=6.235340 uniform_entropy=6.238325 entropy_gap=0.002985 max_probability_over_uniform=1.181331 min_probability_over_uniform=0.696724
RG_SCORE round=200 layer=features.34 mean_q=0.264477 max_q=0.457206 fraction_q_positive=1.000000 sampling_entropy=6.227731 uniform_entropy=6.238325 entropy_gap=0.010593 max_probability_over_uniform=1.364359 min_probability_over_uniform=0.549233
RG_SCORE round=200 layer=features.37 mean_q=0.217001 max_q=0.411540 fraction_q_positive=0.996094 sampling_entropy=6.218946 uniform_entropy=6.238325 entropy_gap=0.019379 max_probability_over_uniform=1.448243 min_probability_over_uniform=0.500000
RG_SCORE round=200 layer=features.40 mean_q=0.119972 max_q=0.349991 fraction_q_positive=0.939453 sampling_entropy=6.181883 uniform_entropy=6.238325 entropy_gap=0.056442 max_probability_over_uniform=1.958634 min_probability_over_uniform=0.500000
ROUND_ACCURACY method=FedPhoenixRG round=200 accuracy=57.430000
********************************************************************************
Round 200
ROUND_ACCURACY method=FedPhoenixRG round=201 accuracy=70.230003
********************************************************************************
Round 201
ROUND_ACCURACY method=FedPhoenixRG round=202 accuracy=71.699997
********************************************************************************
Round 202
ROUND_ACCURACY method=FedPhoenixRG round=203 accuracy=63.139999
********************************************************************************
Round 203
ROUND_ACCURACY method=FedPhoenixRG round=204 accuracy=74.389999
********************************************************************************
Round 204
ROUND_ACCURACY method=FedPhoenixRG round=205 accuracy=69.730003
********************************************************************************
Round 205
ROUND_ACCURACY method=FedPhoenixRG round=206 accuracy=71.529999
********************************************************************************
Round 206
ROUND_ACCURACY method=FedPhoenixRG round=207 accuracy=74.029999
********************************************************************************
Round 207
ROUND_ACCURACY method=FedPhoenixRG round=208 accuracy=72.339996
********************************************************************************
Round 208
ROUND_ACCURACY method=FedPhoenixRG round=209 accuracy=70.300003
********************************************************************************
Round 209
ROUND_ACCURACY method=FedPhoenixRG round=210 accuracy=74.440002
********************************************************************************
Round 210
ROUND_ACCURACY method=FedPhoenixRG round=211 accuracy=62.230000
********************************************************************************
Round 211
ROUND_ACCURACY method=FedPhoenixRG round=212 accuracy=77.099998
********************************************************************************
Round 212
ROUND_ACCURACY method=FedPhoenixRG round=213 accuracy=71.190002
********************************************************************************
Round 213
ROUND_ACCURACY method=FedPhoenixRG round=214 accuracy=74.389999
********************************************************************************
Round 214
ROUND_ACCURACY method=FedPhoenixRG round=215 accuracy=74.580002
********************************************************************************
Round 215
ROUND_ACCURACY method=FedPhoenixRG round=216 accuracy=72.680000
********************************************************************************
Round 216
ROUND_ACCURACY method=FedPhoenixRG round=217 accuracy=62.950001
********************************************************************************
Round 217
ROUND_ACCURACY method=FedPhoenixRG round=218 accuracy=77.559998
********************************************************************************
Round 218
ROUND_ACCURACY method=FedPhoenixRG round=219 accuracy=70.550003
********************************************************************************
Round 219
RG_SCORE round=220 layer=features.0 mean_q=0.135406 max_q=0.417843 fraction_q_positive=0.875000 sampling_entropy=4.100674 uniform_entropy=4.158883 entropy_gap=0.058209 max_probability_over_uniform=2.042929 min_probability_over_uniform=0.500000
RG_SCORE round=220 layer=features.3 mean_q=0.159982 max_q=0.210135 fraction_q_positive=1.000000 sampling_entropy=4.155698 uniform_entropy=4.158883 entropy_gap=0.003185 max_probability_over_uniform=1.156746 min_probability_over_uniform=0.844846
RG_SCORE round=220 layer=features.7 mean_q=0.167231 max_q=0.216684 fraction_q_positive=1.000000 sampling_entropy=4.850226 uniform_entropy=4.852030 entropy_gap=0.001804 max_probability_over_uniform=1.147860 min_probability_over_uniform=0.867812
RG_SCORE round=220 layer=features.10 mean_q=0.153287 max_q=0.185977 fraction_q_positive=1.000000 sampling_entropy=4.851148 uniform_entropy=4.852030 entropy_gap=0.000882 max_probability_over_uniform=1.106629 min_probability_over_uniform=0.910662
RG_SCORE round=220 layer=features.14 mean_q=0.164535 max_q=0.214279 fraction_q_positive=1.000000 sampling_entropy=5.543737 uniform_entropy=5.545177 entropy_gap=0.001440 max_probability_over_uniform=1.151165 min_probability_over_uniform=0.862577
RG_SCORE round=220 layer=features.17 mean_q=0.158610 max_q=0.206701 fraction_q_positive=1.000000 sampling_entropy=5.543732 uniform_entropy=5.545177 entropy_gap=0.001446 max_probability_over_uniform=1.151602 min_probability_over_uniform=0.835507
RG_SCORE round=220 layer=features.20 mean_q=0.160215 max_q=0.194919 fraction_q_positive=1.000000 sampling_entropy=5.544397 uniform_entropy=5.545177 entropy_gap=0.000780 max_probability_over_uniform=1.108305 min_probability_over_uniform=0.895208
RG_SCORE round=220 layer=features.24 mean_q=0.177315 max_q=0.236525 fraction_q_positive=1.000000 sampling_entropy=6.237116 uniform_entropy=6.238325 entropy_gap=0.001209 max_probability_over_uniform=1.166962 min_probability_over_uniform=0.853589
RG_SCORE round=220 layer=features.27 mean_q=0.169239 max_q=0.213928 fraction_q_positive=1.000000 sampling_entropy=6.236893 uniform_entropy=6.238325 entropy_gap=0.001432 max_probability_over_uniform=1.132027 min_probability_over_uniform=0.840534
RG_SCORE round=220 layer=features.30 mean_q=0.151563 max_q=0.196743 fraction_q_positive=1.000000 sampling_entropy=6.236437 uniform_entropy=6.238325 entropy_gap=0.001887 max_probability_over_uniform=1.149049 min_probability_over_uniform=0.789566
RG_SCORE round=220 layer=features.34 mean_q=0.273147 max_q=0.421118 fraction_q_positive=0.994141 sampling_entropy=6.228648 uniform_entropy=6.238325 entropy_gap=0.009676 max_probability_over_uniform=1.270865 min_probability_over_uniform=0.500000
RG_SCORE round=220 layer=features.37 mean_q=0.236639 max_q=0.465088 fraction_q_positive=0.980469 sampling_entropy=6.217376 uniform_entropy=6.238325 entropy_gap=0.020949 max_probability_over_uniform=1.482695 min_probability_over_uniform=0.500000
RG_SCORE round=220 layer=features.40 mean_q=0.130706 max_q=0.428499 fraction_q_positive=0.890625 sampling_entropy=6.169738 uniform_entropy=6.238325 entropy_gap=0.068587 max_probability_over_uniform=2.139168 min_probability_over_uniform=0.500000
ROUND_ACCURACY method=FedPhoenixRG round=220 accuracy=71.930000
********************************************************************************
Round 220
ROUND_ACCURACY method=FedPhoenixRG round=221 accuracy=71.400002
********************************************************************************
Round 221
ROUND_ACCURACY method=FedPhoenixRG round=222 accuracy=67.300003
********************************************************************************
Round 222
ROUND_ACCURACY method=FedPhoenixRG round=223 accuracy=74.900002
********************************************************************************
Round 223
ROUND_ACCURACY method=FedPhoenixRG round=224 accuracy=75.589996
********************************************************************************
Round 224
ROUND_ACCURACY method=FedPhoenixRG round=225 accuracy=73.660004
********************************************************************************
Round 225
ROUND_ACCURACY method=FedPhoenixRG round=226 accuracy=63.220001
********************************************************************************
Round 226
ROUND_ACCURACY method=FedPhoenixRG round=227 accuracy=72.669998
********************************************************************************
Round 227
ROUND_ACCURACY method=FedPhoenixRG round=228 accuracy=60.279999
********************************************************************************
Round 228
ROUND_ACCURACY method=FedPhoenixRG round=229 accuracy=73.470001
********************************************************************************
Round 229
ROUND_ACCURACY method=FedPhoenixRG round=230 accuracy=77.989998
********************************************************************************
Round 230
ROUND_ACCURACY method=FedPhoenixRG round=231 accuracy=75.190002
********************************************************************************
Round 231
ROUND_ACCURACY method=FedPhoenixRG round=232 accuracy=76.989998
********************************************************************************
Round 232
ROUND_ACCURACY method=FedPhoenixRG round=233 accuracy=71.860001
********************************************************************************
Round 233
ROUND_ACCURACY method=FedPhoenixRG round=234 accuracy=66.379997
********************************************************************************
Round 234
ROUND_ACCURACY method=FedPhoenixRG round=235 accuracy=62.400002
********************************************************************************
Round 235
ROUND_ACCURACY method=FedPhoenixRG round=236 accuracy=76.779999
********************************************************************************
Round 236
ROUND_ACCURACY method=FedPhoenixRG round=237 accuracy=70.949997
********************************************************************************
Round 237
ROUND_ACCURACY method=FedPhoenixRG round=238 accuracy=70.790001
********************************************************************************
Round 238
ROUND_ACCURACY method=FedPhoenixRG round=239 accuracy=75.330002
********************************************************************************
Round 239
RG_SCORE round=240 layer=features.0 mean_q=0.132112 max_q=0.339532 fraction_q_positive=0.937500 sampling_entropy=4.109528 uniform_entropy=4.158883 entropy_gap=0.049355 max_probability_over_uniform=1.785018 min_probability_over_uniform=0.500000
RG_SCORE round=240 layer=features.3 mean_q=0.159902 max_q=0.206374 fraction_q_positive=1.000000 sampling_entropy=4.156790 uniform_entropy=4.158883 entropy_gap=0.002093 max_probability_over_uniform=1.145314 min_probability_over_uniform=0.848382
RG_SCORE round=240 layer=features.7 mean_q=0.169082 max_q=0.211508 fraction_q_positive=1.000000 sampling_entropy=4.850289 uniform_entropy=4.852030 entropy_gap=0.001741 max_probability_over_uniform=1.125458 min_probability_over_uniform=0.827343
RG_SCORE round=240 layer=features.10 mean_q=0.156746 max_q=0.187483 fraction_q_positive=1.000000 sampling_entropy=4.851141 uniform_entropy=4.852030 entropy_gap=0.000889 max_probability_over_uniform=1.098047 min_probability_over_uniform=0.881717
RG_SCORE round=240 layer=features.14 mean_q=0.166016 max_q=0.232424 fraction_q_positive=1.000000 sampling_entropy=5.543858 uniform_entropy=5.545177 entropy_gap=0.001319 max_probability_over_uniform=1.200002 min_probability_over_uniform=0.882692
RG_SCORE round=240 layer=features.17 mean_q=0.162774 max_q=0.219973 fraction_q_positive=1.000000 sampling_entropy=5.543883 uniform_entropy=5.545177 entropy_gap=0.001294 max_probability_over_uniform=1.175703 min_probability_over_uniform=0.864500
RG_SCORE round=240 layer=features.20 mean_q=0.162034 max_q=0.202037 fraction_q_positive=1.000000 sampling_entropy=5.544453 uniform_entropy=5.545177 entropy_gap=0.000724 max_probability_over_uniform=1.123443 min_probability_over_uniform=0.892761
RG_SCORE round=240 layer=features.24 mean_q=0.179980 max_q=0.240526 fraction_q_positive=1.000000 sampling_entropy=6.236883 uniform_entropy=6.238325 entropy_gap=0.001441 max_probability_over_uniform=1.168200 min_probability_over_uniform=0.851959
RG_SCORE round=240 layer=features.27 mean_q=0.172609 max_q=0.234192 fraction_q_positive=1.000000 sampling_entropy=6.236571 uniform_entropy=6.238325 entropy_gap=0.001754 max_probability_over_uniform=1.178388 min_probability_over_uniform=0.829885
RG_SCORE round=240 layer=features.30 mean_q=0.151260 max_q=0.201508 fraction_q_positive=1.000000 sampling_entropy=6.235744 uniform_entropy=6.238325 entropy_gap=0.002580 max_probability_over_uniform=1.166098 min_probability_over_uniform=0.665434
RG_SCORE round=240 layer=features.34 mean_q=0.270035 max_q=0.413528 fraction_q_positive=0.988281 sampling_entropy=6.225512 uniform_entropy=6.238325 entropy_gap=0.012813 max_probability_over_uniform=1.265693 min_probability_over_uniform=0.500000
RG_SCORE round=240 layer=features.37 mean_q=0.241770 max_q=0.481451 fraction_q_positive=0.976562 sampling_entropy=6.213512 uniform_entropy=6.238325 entropy_gap=0.024812 max_probability_over_uniform=1.495681 min_probability_over_uniform=0.500000
RG_SCORE round=240 layer=features.40 mean_q=0.132086 max_q=0.463169 fraction_q_positive=0.841797 sampling_entropy=6.161756 uniform_entropy=6.238325 entropy_gap=0.076569 max_probability_over_uniform=2.253282 min_probability_over_uniform=0.500000
ROUND_ACCURACY method=FedPhoenixRG round=240 accuracy=65.769997
********************************************************************************
Round 240
ROUND_ACCURACY method=FedPhoenixRG round=241 accuracy=75.239998
********************************************************************************
Round 241
ROUND_ACCURACY method=FedPhoenixRG round=242 accuracy=75.550003
********************************************************************************
Round 242
ROUND_ACCURACY method=FedPhoenixRG round=243 accuracy=74.029999
********************************************************************************
Round 243
ROUND_ACCURACY method=FedPhoenixRG round=244 accuracy=73.870003
********************************************************************************
Round 244
ROUND_ACCURACY method=FedPhoenixRG round=245 accuracy=75.019997
********************************************************************************
Round 245
ROUND_ACCURACY method=FedPhoenixRG round=246 accuracy=75.629997
********************************************************************************
Round 246
ROUND_ACCURACY method=FedPhoenixRG round=247 accuracy=56.549999
********************************************************************************
Round 247
ROUND_ACCURACY method=FedPhoenixRG round=248 accuracy=54.160000
********************************************************************************
Round 248
ROUND_ACCURACY method=FedPhoenixRG round=249 accuracy=67.940002
********************************************************************************
Round 249
ROUND_ACCURACY method=FedPhoenixRG round=250 accuracy=72.709999
********************************************************************************
Round 250
ROUND_ACCURACY method=FedPhoenixRG round=251 accuracy=76.500000
********************************************************************************
Round 251
ROUND_ACCURACY method=FedPhoenixRG round=252 accuracy=71.379997
********************************************************************************
Round 252
ROUND_ACCURACY method=FedPhoenixRG round=253 accuracy=70.900002
********************************************************************************
Round 253
ROUND_ACCURACY method=FedPhoenixRG round=254 accuracy=67.680000
********************************************************************************
Round 254
ROUND_ACCURACY method=FedPhoenixRG round=255 accuracy=77.209999
********************************************************************************
Round 255
ROUND_ACCURACY method=FedPhoenixRG round=256 accuracy=66.730003
********************************************************************************
Round 256
ROUND_ACCURACY method=FedPhoenixRG round=257 accuracy=75.459999
********************************************************************************
Round 257
ROUND_ACCURACY method=FedPhoenixRG round=258 accuracy=72.620003
********************************************************************************
Round 258
ROUND_ACCURACY method=FedPhoenixRG round=259 accuracy=75.199997
********************************************************************************
Round 259
RG_SCORE round=260 layer=features.0 mean_q=0.134262 max_q=0.314628 fraction_q_positive=0.906250 sampling_entropy=4.109924 uniform_entropy=4.158883 entropy_gap=0.048959 max_probability_over_uniform=1.671692 min_probability_over_uniform=0.500000
RG_SCORE round=260 layer=features.3 mean_q=0.179078 max_q=0.234827 fraction_q_positive=1.000000 sampling_entropy=4.156943 uniform_entropy=4.158883 entropy_gap=0.001940 max_probability_over_uniform=1.155656 min_probability_over_uniform=0.858978
RG_SCORE round=260 layer=features.7 mean_q=0.186354 max_q=0.229095 fraction_q_positive=1.000000 sampling_entropy=4.850701 uniform_entropy=4.852030 entropy_gap=0.001329 max_probability_over_uniform=1.114677 min_probability_over_uniform=0.894436
RG_SCORE round=260 layer=features.10 mean_q=0.177332 max_q=0.214960 fraction_q_positive=1.000000 sampling_entropy=4.851256 uniform_entropy=4.852030 entropy_gap=0.000774 max_probability_over_uniform=1.106094 min_probability_over_uniform=0.901683
RG_SCORE round=260 layer=features.14 mean_q=0.176476 max_q=0.236389 fraction_q_positive=1.000000 sampling_entropy=5.543850 uniform_entropy=5.545177 entropy_gap=0.001327 max_probability_over_uniform=1.169750 min_probability_over_uniform=0.882517
RG_SCORE round=260 layer=features.17 mean_q=0.170723 max_q=0.214975 fraction_q_positive=1.000000 sampling_entropy=5.544038 uniform_entropy=5.545177 entropy_gap=0.001139 max_probability_over_uniform=1.129600 min_probability_over_uniform=0.864436
RG_SCORE round=260 layer=features.20 mean_q=0.170258 max_q=0.203751 fraction_q_positive=1.000000 sampling_entropy=5.544567 uniform_entropy=5.545177 entropy_gap=0.000610 max_probability_over_uniform=1.098361 min_probability_over_uniform=0.888795
RG_SCORE round=260 layer=features.24 mean_q=0.193182 max_q=0.240165 fraction_q_positive=1.000000 sampling_entropy=6.237383 uniform_entropy=6.238325 entropy_gap=0.000942 max_probability_over_uniform=1.121602 min_probability_over_uniform=0.853242
RG_SCORE round=260 layer=features.27 mean_q=0.191022 max_q=0.240468 fraction_q_positive=1.000000 sampling_entropy=6.237355 uniform_entropy=6.238325 entropy_gap=0.000970 max_probability_over_uniform=1.129422 min_probability_over_uniform=0.888825
RG_SCORE round=260 layer=features.30 mean_q=0.172075 max_q=0.214837 fraction_q_positive=1.000000 sampling_entropy=6.237204 uniform_entropy=6.238325 entropy_gap=0.001121 max_probability_over_uniform=1.124255 min_probability_over_uniform=0.861110
RG_SCORE round=260 layer=features.34 mean_q=0.350538 max_q=0.448350 fraction_q_positive=1.000000 sampling_entropy=6.236608 uniform_entropy=6.238325 entropy_gap=0.001716 max_probability_over_uniform=1.139517 min_probability_over_uniform=0.813284
RG_SCORE round=260 layer=features.37 mean_q=0.401666 max_q=0.542534 fraction_q_positive=1.000000 sampling_entropy=6.236975 uniform_entropy=6.238325 entropy_gap=0.001350 max_probability_over_uniform=1.175354 min_probability_over_uniform=0.840015
RG_SCORE round=260 layer=features.40 mean_q=0.315898 max_q=0.584743 fraction_q_positive=0.998047 sampling_entropy=6.220158 uniform_entropy=6.238325 entropy_gap=0.018166 max_probability_over_uniform=1.425524 min_probability_over_uniform=0.500000
ROUND_ACCURACY method=FedPhoenixRG round=260 accuracy=76.239998
********************************************************************************
Round 260
ROUND_ACCURACY method=FedPhoenixRG round=261 accuracy=77.190002
********************************************************************************
Round 261
ROUND_ACCURACY method=FedPhoenixRG round=262 accuracy=73.180000
********************************************************************************
Round 262
ROUND_ACCURACY method=FedPhoenixRG round=263 accuracy=68.790001
********************************************************************************
Round 263
ROUND_ACCURACY method=FedPhoenixRG round=264 accuracy=71.760002
********************************************************************************
Round 264
ROUND_ACCURACY method=FedPhoenixRG round=265 accuracy=74.910004
********************************************************************************
Round 265
ROUND_ACCURACY method=FedPhoenixRG round=266 accuracy=75.139999
********************************************************************************
Round 266
ROUND_ACCURACY method=FedPhoenixRG round=267 accuracy=73.040001
********************************************************************************
Round 267
ROUND_ACCURACY method=FedPhoenixRG round=268 accuracy=61.180000
********************************************************************************
Round 268
ROUND_ACCURACY method=FedPhoenixRG round=269 accuracy=72.709999
********************************************************************************
Round 269
ROUND_ACCURACY method=FedPhoenixRG round=270 accuracy=68.739998
********************************************************************************
Round 270
ROUND_ACCURACY method=FedPhoenixRG round=271 accuracy=70.489998
********************************************************************************
Round 271
ROUND_ACCURACY method=FedPhoenixRG round=272 accuracy=64.250000
********************************************************************************
Round 272
ROUND_ACCURACY method=FedPhoenixRG round=273 accuracy=67.089996
********************************************************************************
Round 273
ROUND_ACCURACY method=FedPhoenixRG round=274 accuracy=56.630001
********************************************************************************
Round 274
ROUND_ACCURACY method=FedPhoenixRG round=275 accuracy=74.680000
********************************************************************************
Round 275
ROUND_ACCURACY method=FedPhoenixRG round=276 accuracy=67.809998
********************************************************************************
Round 276
ROUND_ACCURACY method=FedPhoenixRG round=277 accuracy=77.279999
********************************************************************************
Round 277
ROUND_ACCURACY method=FedPhoenixRG round=278 accuracy=72.919998
********************************************************************************
Round 278
ROUND_ACCURACY method=FedPhoenixRG round=279 accuracy=78.180000
********************************************************************************
Round 279
RG_SCORE round=280 layer=features.0 mean_q=0.153919 max_q=0.376344 fraction_q_positive=0.984375 sampling_entropy=4.127367 uniform_entropy=4.158883 entropy_gap=0.031516 max_probability_over_uniform=1.722542 min_probability_over_uniform=0.500000
RG_SCORE round=280 layer=features.3 mean_q=0.175191 max_q=0.218308 fraction_q_positive=1.000000 sampling_entropy=4.157569 uniform_entropy=4.158883 entropy_gap=0.001314 max_probability_over_uniform=1.123057 min_probability_over_uniform=0.877803
RG_SCORE round=280 layer=features.7 mean_q=0.182639 max_q=0.248580 fraction_q_positive=1.000000 sampling_entropy=4.850631 uniform_entropy=4.852030 entropy_gap=0.001400 max_probability_over_uniform=1.180521 min_probability_over_uniform=0.869175
RG_SCORE round=280 layer=features.10 mean_q=0.173898 max_q=0.212705 fraction_q_positive=1.000000 sampling_entropy=4.851281 uniform_entropy=4.852030 entropy_gap=0.000750 max_probability_over_uniform=1.111582 min_probability_over_uniform=0.900939
RG_SCORE round=280 layer=features.14 mean_q=0.170422 max_q=0.224398 fraction_q_positive=1.000000 sampling_entropy=5.543948 uniform_entropy=5.545177 entropy_gap=0.001230 max_probability_over_uniform=1.158360 min_probability_over_uniform=0.880548
RG_SCORE round=280 layer=features.17 mean_q=0.162966 max_q=0.212166 fraction_q_positive=1.000000 sampling_entropy=5.544100 uniform_entropy=5.545177 entropy_gap=0.001077 max_probability_over_uniform=1.150953 min_probability_over_uniform=0.891234
RG_SCORE round=280 layer=features.20 mean_q=0.161968 max_q=0.201479 fraction_q_positive=1.000000 sampling_entropy=5.544402 uniform_entropy=5.545177 entropy_gap=0.000776 max_probability_over_uniform=1.121973 min_probability_over_uniform=0.879936
RG_SCORE round=280 layer=features.24 mean_q=0.182464 max_q=0.247119 fraction_q_positive=1.000000 sampling_entropy=6.236941 uniform_entropy=6.238325 entropy_gap=0.001383 max_probability_over_uniform=1.177173 min_probability_over_uniform=0.851815
RG_SCORE round=280 layer=features.27 mean_q=0.177934 max_q=0.239465 fraction_q_positive=1.000000 sampling_entropy=6.236805 uniform_entropy=6.238325 entropy_gap=0.001520 max_probability_over_uniform=1.172903 min_probability_over_uniform=0.757673
RG_SCORE round=280 layer=features.30 mean_q=0.154388 max_q=0.203814 fraction_q_positive=1.000000 sampling_entropy=6.236720 uniform_entropy=6.238325 entropy_gap=0.001604 max_probability_over_uniform=1.160069 min_probability_over_uniform=0.804311
RG_SCORE round=280 layer=features.34 mean_q=0.271571 max_q=0.407910 fraction_q_positive=1.000000 sampling_entropy=6.232635 uniform_entropy=6.238325 entropy_gap=0.005690 max_probability_over_uniform=1.251021 min_probability_over_uniform=0.624957
RG_SCORE round=280 layer=features.37 mean_q=0.214921 max_q=0.405538 fraction_q_positive=1.000000 sampling_entropy=6.224773 uniform_entropy=6.238325 entropy_gap=0.013552 max_probability_over_uniform=1.443457 min_probability_over_uniform=0.514612
RG_SCORE round=280 layer=features.40 mean_q=0.099538 max_q=0.380593 fraction_q_positive=0.943359 sampling_entropy=6.184834 uniform_entropy=6.238325 entropy_gap=0.053490 max_probability_over_uniform=2.411788 min_probability_over_uniform=0.500000
ROUND_ACCURACY method=FedPhoenixRG round=280 accuracy=75.709999
********************************************************************************
Round 280
ROUND_ACCURACY method=FedPhoenixRG round=281 accuracy=67.449997
********************************************************************************
Round 281
ROUND_ACCURACY method=FedPhoenixRG round=282 accuracy=65.169998
********************************************************************************
Round 282
ROUND_ACCURACY method=FedPhoenixRG round=283 accuracy=74.639999
********************************************************************************
Round 283
ROUND_ACCURACY method=FedPhoenixRG round=284 accuracy=78.709999
********************************************************************************
Round 284
ROUND_ACCURACY method=FedPhoenixRG round=285 accuracy=76.830002
********************************************************************************
Round 285
ROUND_ACCURACY method=FedPhoenixRG round=286 accuracy=69.400002
********************************************************************************
Round 286
ROUND_ACCURACY method=FedPhoenixRG round=287 accuracy=73.959999
********************************************************************************
Round 287
ROUND_ACCURACY method=FedPhoenixRG round=288 accuracy=73.190002
********************************************************************************
Round 288
ROUND_ACCURACY method=FedPhoenixRG round=289 accuracy=72.510002
********************************************************************************
Round 289
ROUND_ACCURACY method=FedPhoenixRG round=290 accuracy=78.040001
********************************************************************************
Round 290
ROUND_ACCURACY method=FedPhoenixRG round=291 accuracy=71.230003
********************************************************************************
Round 291
ROUND_ACCURACY method=FedPhoenixRG round=292 accuracy=71.360001
********************************************************************************
Round 292
ROUND_ACCURACY method=FedPhoenixRG round=293 accuracy=74.169998
********************************************************************************
Round 293
ROUND_ACCURACY method=FedPhoenixRG round=294 accuracy=72.970001
********************************************************************************
Round 294
ROUND_ACCURACY method=FedPhoenixRG round=295 accuracy=70.470001
********************************************************************************
Round 295
ROUND_ACCURACY method=FedPhoenixRG round=296 accuracy=76.209999
********************************************************************************
Round 296
ROUND_ACCURACY method=FedPhoenixRG round=297 accuracy=74.669998
********************************************************************************
Round 297
ROUND_ACCURACY method=FedPhoenixRG round=298 accuracy=62.090000
********************************************************************************
Round 298
ROUND_ACCURACY method=FedPhoenixRG round=299 accuracy=72.250000
********************************************************************************
Round 299
RG_SCORE round=300 layer=features.0 mean_q=0.112848 max_q=0.306454 fraction_q_positive=0.937500 sampling_entropy=4.100770 uniform_entropy=4.158883 entropy_gap=0.058113 max_probability_over_uniform=1.857823 min_probability_over_uniform=0.500000
RG_SCORE round=300 layer=features.3 mean_q=0.135246 max_q=0.201579 fraction_q_positive=1.000000 sampling_entropy=4.153848 uniform_entropy=4.158883 entropy_gap=0.005035 max_probability_over_uniform=1.245231 min_probability_over_uniform=0.815264
RG_SCORE round=300 layer=features.7 mean_q=0.141260 max_q=0.197072 fraction_q_positive=1.000000 sampling_entropy=4.848358 uniform_entropy=4.852030 entropy_gap=0.003673 max_probability_over_uniform=1.197548 min_probability_over_uniform=0.783600
RG_SCORE round=300 layer=features.10 mean_q=0.144381 max_q=0.177061 fraction_q_positive=1.000000 sampling_entropy=4.851142 uniform_entropy=4.852030 entropy_gap=0.000889 max_probability_over_uniform=1.113171 min_probability_over_uniform=0.864658
RG_SCORE round=300 layer=features.14 mean_q=0.142322 max_q=0.187438 fraction_q_positive=1.000000 sampling_entropy=5.543553 uniform_entropy=5.545177 entropy_gap=0.001624 max_probability_over_uniform=1.158500 min_probability_over_uniform=0.804577
RG_SCORE round=300 layer=features.17 mean_q=0.136888 max_q=0.189126 fraction_q_positive=1.000000 sampling_entropy=5.543792 uniform_entropy=5.545177 entropy_gap=0.001385 max_probability_over_uniform=1.190808 min_probability_over_uniform=0.866177
RG_SCORE round=300 layer=features.20 mean_q=0.137952 max_q=0.185472 fraction_q_positive=1.000000 sampling_entropy=5.544007 uniform_entropy=5.545177 entropy_gap=0.001170 max_probability_over_uniform=1.172236 min_probability_over_uniform=0.837375
RG_SCORE round=300 layer=features.24 mean_q=0.154157 max_q=0.206553 fraction_q_positive=1.000000 sampling_entropy=6.236563 uniform_entropy=6.238325 entropy_gap=0.001762 max_probability_over_uniform=1.169945 min_probability_over_uniform=0.826804
RG_SCORE round=300 layer=features.27 mean_q=0.150552 max_q=0.206769 fraction_q_positive=1.000000 sampling_entropy=6.236069 uniform_entropy=6.238325 entropy_gap=0.002255 max_probability_over_uniform=1.186703 min_probability_over_uniform=0.758297
RG_SCORE round=300 layer=features.30 mean_q=0.131520 max_q=0.169750 fraction_q_positive=1.000000 sampling_entropy=6.236002 uniform_entropy=6.238325 entropy_gap=0.002322 max_probability_over_uniform=1.145341 min_probability_over_uniform=0.792242
RG_SCORE round=300 layer=features.34 mean_q=0.239201 max_q=0.381188 fraction_q_positive=1.000000 sampling_entropy=6.228817 uniform_entropy=6.238325 entropy_gap=0.009508 max_probability_over_uniform=1.296794 min_probability_over_uniform=0.510002
RG_SCORE round=300 layer=features.37 mean_q=0.220076 max_q=0.415177 fraction_q_positive=0.998047 sampling_entropy=6.223857 uniform_entropy=6.238325 entropy_gap=0.014468 max_probability_over_uniform=1.443257 min_probability_over_uniform=0.500000
RG_SCORE round=300 layer=features.40 mean_q=0.118561 max_q=0.396204 fraction_q_positive=0.933594 sampling_entropy=6.184840 uniform_entropy=6.238325 entropy_gap=0.053485 max_probability_over_uniform=2.170887 min_probability_over_uniform=0.500000
ROUND_ACCURACY method=FedPhoenixRG round=300 accuracy=72.940002
PEAK_ACCURACY method=FedPhoenixRG round=284 accuracy=78.709999
Unified training metrics saved to C:\Users\admin\Desktop\need_do\new_paper_four\FedPhoenix-finish\results\training_metrics\cifar10_vgg_FedPhoenixRG_seed1_paired300_rg_mix050.csv
