Client partition: 100 clients, min=30, max=1447, mean=500.00, std=220.72
Evaluation protocol: full server test set evaluated every round (10000 samples).
VGG16(
  (features): Sequential(
    (0): Conv2d(3, 64, kernel_size=(3, 3), stride=(1, 1), padding=(1, 1))
    (1): BatchNorm2d(64, eps=1e-05, momentum=0.1, affine=True, track_running_stats=True)
    (2): ReLU(inplace=True)
    (3): Conv2d(64, 64, kernel_size=(3, 3), stride=(1, 1), padding=(1, 1))
    (4): BatchNorm2d(64, eps=1e-05, momentum=0.1, affine=True, track_running_stats=True)
    (5): ReLU(inplace=True)
    (6): MaxPool2d(kernel_size=2, stride=2, padding=0, dilation=1, ceil_mode=False)
    (7): Conv2d(64, 128, kernel_size=(3, 3), stride=(1, 1), padding=(1, 1))
    (8): BatchNorm2d(128, eps=1e-05, momentum=0.1, affine=True, track_running_stats=True)
    (9): ReLU(inplace=True)
    (10): Conv2d(128, 128, kernel_size=(3, 3), stride=(1, 1), padding=(1, 1))
    (11): BatchNorm2d(128, eps=1e-05, momentum=0.1, affine=True, track_running_stats=True)
    (12): ReLU(inplace=True)
    (13): MaxPool2d(kernel_size=2, stride=2, padding=0, dilation=1, ceil_mode=False)
    (14): Conv2d(128, 256, kernel_size=(3, 3), stride=(1, 1), padding=(1, 1))
    (15): BatchNorm2d(256, eps=1e-05, momentum=0.1, affine=True, track_running_stats=True)
    (16): ReLU(inplace=True)
    (17): Conv2d(256, 256, kernel_size=(3, 3), stride=(1, 1), padding=(1, 1))
    (18): BatchNorm2d(256, eps=1e-05, momentum=0.1, affine=True, track_running_stats=True)
    (19): ReLU(inplace=True)
    (20): Conv2d(256, 256, kernel_size=(3, 3), stride=(1, 1), padding=(1, 1))
    (21): BatchNorm2d(256, eps=1e-05, momentum=0.1, affine=True, track_running_stats=True)
    (22): ReLU(inplace=True)
    (23): MaxPool2d(kernel_size=2, stride=2, padding=0, dilation=1, ceil_mode=False)
    (24): Conv2d(256, 512, kernel_size=(3, 3), stride=(1, 1), padding=(1, 1))
    (25): BatchNorm2d(512, eps=1e-05, momentum=0.1, affine=True, track_running_stats=True)
    (26): ReLU(inplace=True)
    (27): Conv2d(512, 512, kernel_size=(3, 3), stride=(1, 1), padding=(1, 1))
    (28): BatchNorm2d(512, eps=1e-05, momentum=0.1, affine=True, track_running_stats=True)
    (29): ReLU(inplace=True)
    (30): Conv2d(512, 512, kernel_size=(3, 3), stride=(1, 1), padding=(1, 1))
    (31): BatchNorm2d(512, eps=1e-05, momentum=0.1, affine=True, track_running_stats=True)
    (32): ReLU(inplace=True)
    (33): MaxPool2d(kernel_size=2, stride=2, padding=0, dilation=1, ceil_mode=False)
    (34): Conv2d(512, 512, kernel_size=(3, 3), stride=(1, 1), padding=(1, 1))
    (35): BatchNorm2d(512, eps=1e-05, momentum=0.1, affine=True, track_running_stats=True)
    (36): ReLU(inplace=True)
    (37): Conv2d(512, 512, kernel_size=(3, 3), stride=(1, 1), padding=(1, 1))
    (38): BatchNorm2d(512, eps=1e-05, momentum=0.1, affine=True, track_running_stats=True)
    (39): ReLU(inplace=True)
    (40): Conv2d(512, 512, kernel_size=(3, 3), stride=(1, 1), padding=(1, 1))
    (41): BatchNorm2d(512, eps=1e-05, momentum=0.1, affine=True, track_running_stats=True)
    (42): ReLU(inplace=True)
    (43): MaxPool2d(kernel_size=2, stride=2, padding=0, dilation=1, ceil_mode=False)
    (44): AdaptiveAvgPool2d(output_size=(1, 1))
  )
  (classifier): Sequential(
    (0): Linear(in_features=512, out_features=4096, bias=True)
    (1): ReLU(inplace=True)
    (2): Dropout(p=0.5, inplace=False)
    (3): Linear(in_features=4096, out_features=4096, bias=True)
    (4): ReLU(inplace=True)
    (5): Dropout(p=0.5, inplace=False)
  )
  (fc): Linear(in_features=4096, out_features=10, bias=True)
)
********************************************************************************
Round   0
ROUND_ACCURACY method=FedPhoenixRG round=1 accuracy=10.000000
********************************************************************************
Round   1
ROUND_ACCURACY method=FedPhoenixRG round=2 accuracy=13.230000
********************************************************************************
Round   2
ROUND_ACCURACY method=FedPhoenixRG round=3 accuracy=12.230000
********************************************************************************
Round   3
ROUND_ACCURACY method=FedPhoenixRG round=4 accuracy=16.290001
********************************************************************************
Round   4
ROUND_ACCURACY method=FedPhoenixRG round=5 accuracy=32.419998
********************************************************************************
Round   5
ROUND_ACCURACY method=FedPhoenixRG round=6 accuracy=17.620001
********************************************************************************
Round   6
ROUND_ACCURACY method=FedPhoenixRG round=7 accuracy=24.139999
********************************************************************************
Round   7
ROUND_ACCURACY method=FedPhoenixRG round=8 accuracy=23.680000
********************************************************************************
Round   8
ROUND_ACCURACY method=FedPhoenixRG round=9 accuracy=30.129999
********************************************************************************
Round   9
ROUND_ACCURACY method=FedPhoenixRG round=10 accuracy=29.730000
********************************************************************************
Round  10
ROUND_ACCURACY method=FedPhoenixRG round=11 accuracy=38.230000
********************************************************************************
Round  11
ROUND_ACCURACY method=FedPhoenixRG round=12 accuracy=36.910000
********************************************************************************
Round  12
ROUND_ACCURACY method=FedPhoenixRG round=13 accuracy=38.220001
********************************************************************************
Round  13
ROUND_ACCURACY method=FedPhoenixRG round=14 accuracy=46.650002
********************************************************************************
Round  14
ROUND_ACCURACY method=FedPhoenixRG round=15 accuracy=45.459999
********************************************************************************
Round  15
ROUND_ACCURACY method=FedPhoenixRG round=16 accuracy=46.720001
********************************************************************************
Round  16
ROUND_ACCURACY method=FedPhoenixRG round=17 accuracy=45.529999
********************************************************************************
Round  17
ROUND_ACCURACY method=FedPhoenixRG round=18 accuracy=35.709999
********************************************************************************
Round  18
ROUND_ACCURACY method=FedPhoenixRG round=19 accuracy=44.220001
********************************************************************************
Round  19
RG_SCORE round=20 layer=features.0 mean_q=0.081847 max_q=0.267023 fraction_q_positive=0.828125 sampling_entropy=3.960480 uniform_entropy=4.158883 entropy_gap=0.198403 max_probability_over_uniform=2.696858 min_probability_over_uniform=0.250000
RG_SCORE round=20 layer=features.3 mean_q=0.059730 max_q=0.116280 fraction_q_positive=1.000000 sampling_entropy=4.113614 uniform_entropy=4.158883 entropy_gap=0.045269 max_probability_over_uniform=1.710082 min_probability_over_uniform=0.418985
RG_SCORE round=20 layer=features.7 mean_q=0.049782 max_q=0.101558 fraction_q_positive=0.992188 sampling_entropy=4.820838 uniform_entropy=4.852030 entropy_gap=0.031192 max_probability_over_uniform=1.780039 min_probability_over_uniform=0.250000
RG_SCORE round=20 layer=features.10 mean_q=0.043774 max_q=0.087141 fraction_q_positive=1.000000 sampling_entropy=4.828476 uniform_entropy=4.852030 entropy_gap=0.023554 max_probability_over_uniform=1.743026 min_probability_over_uniform=0.417044
RG_SCORE round=20 layer=features.14 mean_q=0.040955 max_q=0.081388 fraction_q_positive=1.000000 sampling_entropy=5.517949 uniform_entropy=5.545177 entropy_gap=0.027228 max_probability_over_uniform=1.740433 min_probability_over_uniform=0.493658
RG_SCORE round=20 layer=features.17 mean_q=0.039022 max_q=0.066574 fraction_q_positive=1.000000 sampling_entropy=5.530565 uniform_entropy=5.545177 entropy_gap=0.014612 max_probability_over_uniform=1.529546 min_probability_over_uniform=0.475188
RG_SCORE round=20 layer=features.20 mean_q=0.039846 max_q=0.061646 fraction_q_positive=1.000000 sampling_entropy=5.534711 uniform_entropy=5.545177 entropy_gap=0.010467 max_probability_over_uniform=1.410321 min_probability_over_uniform=0.644390
RG_SCORE round=20 layer=features.24 mean_q=0.041173 max_q=0.078098 fraction_q_positive=1.000000 sampling_entropy=6.211638 uniform_entropy=6.238325 entropy_gap=0.026687 max_probability_over_uniform=1.672632 min_probability_over_uniform=0.330413
RG_SCORE round=20 layer=features.27 mean_q=0.037594 max_q=0.080712 fraction_q_positive=1.000000 sampling_entropy=6.220241 uniform_entropy=6.238325 entropy_gap=0.018084 max_probability_over_uniform=1.860205 min_probability_over_uniform=0.530624
RG_SCORE round=20 layer=features.30 mean_q=0.037160 max_q=0.072138 fraction_q_positive=1.000000 sampling_entropy=6.212488 uniform_entropy=6.238325 entropy_gap=0.025836 max_probability_over_uniform=1.705957 min_probability_over_uniform=0.257568
RG_SCORE round=20 layer=features.34 mean_q=0.057084 max_q=0.134792 fraction_q_positive=0.992188 sampling_entropy=6.190251 uniform_entropy=6.238325 entropy_gap=0.048074 max_probability_over_uniform=2.020960 min_probability_over_uniform=0.250000
RG_SCORE round=20 layer=features.37 mean_q=0.063538 max_q=0.129223 fraction_q_positive=1.000000 sampling_entropy=6.206990 uniform_entropy=6.238325 entropy_gap=0.031334 max_probability_over_uniform=1.775338 min_probability_over_uniform=0.437227
RG_SCORE round=20 layer=features.40 mean_q=0.082664 max_q=0.183493 fraction_q_positive=1.000000 sampling_entropy=6.179332 uniform_entropy=6.238325 entropy_gap=0.058993 max_probability_over_uniform=1.914812 min_probability_over_uniform=0.306321
ROUND_ACCURACY method=FedPhoenixRG round=20 accuracy=45.060001
********************************************************************************
Round  20
ROUND_ACCURACY method=FedPhoenixRG round=21 accuracy=51.549999
********************************************************************************
Round  21
ROUND_ACCURACY method=FedPhoenixRG round=22 accuracy=55.709999
********************************************************************************
Round  22
ROUND_ACCURACY method=FedPhoenixRG round=23 accuracy=46.830002
********************************************************************************
Round  23
ROUND_ACCURACY method=FedPhoenixRG round=24 accuracy=52.770000
********************************************************************************
Round  24
ROUND_ACCURACY method=FedPhoenixRG round=25 accuracy=53.630001
********************************************************************************
Round  25
ROUND_ACCURACY method=FedPhoenixRG round=26 accuracy=51.180000
********************************************************************************
Round  26
ROUND_ACCURACY method=FedPhoenixRG round=27 accuracy=54.279999
********************************************************************************
Round  27
ROUND_ACCURACY method=FedPhoenixRG round=28 accuracy=50.610001
********************************************************************************
Round  28
ROUND_ACCURACY method=FedPhoenixRG round=29 accuracy=45.430000
********************************************************************************
Round  29
ROUND_ACCURACY method=FedPhoenixRG round=30 accuracy=56.060001
********************************************************************************
Round  30
ROUND_ACCURACY method=FedPhoenixRG round=31 accuracy=57.099998
********************************************************************************
Round  31
ROUND_ACCURACY method=FedPhoenixRG round=32 accuracy=58.470001
********************************************************************************
Round  32
ROUND_ACCURACY method=FedPhoenixRG round=33 accuracy=58.500000
********************************************************************************
Round  33
ROUND_ACCURACY method=FedPhoenixRG round=34 accuracy=65.550003
********************************************************************************
Round  34
ROUND_ACCURACY method=FedPhoenixRG round=35 accuracy=53.500000
********************************************************************************
Round  35
ROUND_ACCURACY method=FedPhoenixRG round=36 accuracy=52.959999
********************************************************************************
Round  36
ROUND_ACCURACY method=FedPhoenixRG round=37 accuracy=61.939999
********************************************************************************
Round  37
ROUND_ACCURACY method=FedPhoenixRG round=38 accuracy=58.490002
********************************************************************************
Round  38
ROUND_ACCURACY method=FedPhoenixRG round=39 accuracy=61.119999
********************************************************************************
Round  39
RG_SCORE round=40 layer=features.0 mean_q=0.178524 max_q=0.310149 fraction_q_positive=1.000000 sampling_entropy=4.120052 uniform_entropy=4.158883 entropy_gap=0.038831 max_probability_over_uniform=1.552970 min_probability_over_uniform=0.389150
RG_SCORE round=40 layer=features.3 mean_q=0.163910 max_q=0.198439 fraction_q_positive=1.000000 sampling_entropy=4.153500 uniform_entropy=4.158883 entropy_gap=0.005383 max_probability_over_uniform=1.157995 min_probability_over_uniform=0.653775
RG_SCORE round=40 layer=features.7 mean_q=0.142032 max_q=0.195572 fraction_q_positive=1.000000 sampling_entropy=4.846712 uniform_entropy=4.852030 entropy_gap=0.005318 max_probability_over_uniform=1.282722 min_probability_over_uniform=0.725072
RG_SCORE round=40 layer=features.10 mean_q=0.133905 max_q=0.185048 fraction_q_positive=1.000000 sampling_entropy=4.847508 uniform_entropy=4.852030 entropy_gap=0.004522 max_probability_over_uniform=1.286447 min_probability_over_uniform=0.802295
RG_SCORE round=40 layer=features.14 mean_q=0.128530 max_q=0.191092 fraction_q_positive=1.000000 sampling_entropy=5.540474 uniform_entropy=5.545177 entropy_gap=0.004703 max_probability_over_uniform=1.365062 min_probability_over_uniform=0.754754
RG_SCORE round=40 layer=features.17 mean_q=0.121043 max_q=0.160726 fraction_q_positive=1.000000 sampling_entropy=5.541963 uniform_entropy=5.545177 entropy_gap=0.003215 max_probability_over_uniform=1.245876 min_probability_over_uniform=0.751976
RG_SCORE round=40 layer=features.20 mean_q=0.124501 max_q=0.165964 fraction_q_positive=1.000000 sampling_entropy=5.541325 uniform_entropy=5.545177 entropy_gap=0.003852 max_probability_over_uniform=1.249774 min_probability_over_uniform=0.775672
RG_SCORE round=40 layer=features.24 mean_q=0.119368 max_q=0.175262 fraction_q_positive=1.000000 sampling_entropy=6.231052 uniform_entropy=6.238325 entropy_gap=0.007273 max_probability_over_uniform=1.351193 min_probability_over_uniform=0.648492
RG_SCORE round=40 layer=features.27 mean_q=0.099542 max_q=0.150593 fraction_q_positive=1.000000 sampling_entropy=6.230789 uniform_entropy=6.238325 entropy_gap=0.007536 max_probability_over_uniform=1.384643 min_probability_over_uniform=0.507840
RG_SCORE round=40 layer=features.30 mean_q=0.091693 max_q=0.146450 fraction_q_positive=1.000000 sampling_entropy=6.221496 uniform_entropy=6.238325 entropy_gap=0.016829 max_probability_over_uniform=1.447884 min_probability_over_uniform=0.303438
RG_SCORE round=40 layer=features.34 mean_q=0.131518 max_q=0.355996 fraction_q_positive=0.937500 sampling_entropy=6.158118 uniform_entropy=6.238325 entropy_gap=0.080206 max_probability_over_uniform=2.280121 min_probability_over_uniform=0.250000
RG_SCORE round=40 layer=features.37 mean_q=0.112119 max_q=0.256866 fraction_q_positive=0.929688 sampling_entropy=6.138949 uniform_entropy=6.238325 entropy_gap=0.099375 max_probability_over_uniform=1.968259 min_probability_over_uniform=0.250000
RG_SCORE round=40 layer=features.40 mean_q=0.130038 max_q=0.358129 fraction_q_positive=0.935547 sampling_entropy=6.123763 uniform_entropy=6.238325 entropy_gap=0.114562 max_probability_over_uniform=2.315519 min_probability_over_uniform=0.250000
ROUND_ACCURACY method=FedPhoenixRG round=40 accuracy=66.150002
********************************************************************************
Round  40
ROUND_ACCURACY method=FedPhoenixRG round=41 accuracy=67.300003
********************************************************************************
Round  41
ROUND_ACCURACY method=FedPhoenixRG round=42 accuracy=59.660000
********************************************************************************
Round  42
ROUND_ACCURACY method=FedPhoenixRG round=43 accuracy=60.799999
********************************************************************************
Round  43
ROUND_ACCURACY method=FedPhoenixRG round=44 accuracy=62.060001
********************************************************************************
Round  44
ROUND_ACCURACY method=FedPhoenixRG round=45 accuracy=50.759998
********************************************************************************
Round  45
ROUND_ACCURACY method=FedPhoenixRG round=46 accuracy=66.290001
********************************************************************************
Round  46
ROUND_ACCURACY method=FedPhoenixRG round=47 accuracy=59.919998
********************************************************************************
Round  47
ROUND_ACCURACY method=FedPhoenixRG round=48 accuracy=60.230000
********************************************************************************
Round  48
ROUND_ACCURACY method=FedPhoenixRG round=49 accuracy=60.549999
********************************************************************************
Round  49
ROUND_ACCURACY method=FedPhoenixRG round=50 accuracy=61.680000
********************************************************************************
Round  50
ROUND_ACCURACY method=FedPhoenixRG round=51 accuracy=57.380001
********************************************************************************
Round  51
ROUND_ACCURACY method=FedPhoenixRG round=52 accuracy=66.750000
********************************************************************************
Round  52
ROUND_ACCURACY method=FedPhoenixRG round=53 accuracy=57.939999
********************************************************************************
Round  53
ROUND_ACCURACY method=FedPhoenixRG round=54 accuracy=50.369999
********************************************************************************
Round  54
ROUND_ACCURACY method=FedPhoenixRG round=55 accuracy=66.480003
********************************************************************************
Round  55
ROUND_ACCURACY method=FedPhoenixRG round=56 accuracy=65.620003
********************************************************************************
Round  56
ROUND_ACCURACY method=FedPhoenixRG round=57 accuracy=59.990002
********************************************************************************
Round  57
ROUND_ACCURACY method=FedPhoenixRG round=58 accuracy=44.840000
********************************************************************************
Round  58
ROUND_ACCURACY method=FedPhoenixRG round=59 accuracy=63.689999
********************************************************************************
Round  59
RG_SCORE round=60 layer=features.0 mean_q=0.129396 max_q=0.308248 fraction_q_positive=0.937500 sampling_entropy=4.053327 uniform_entropy=4.158883 entropy_gap=0.105556 max_probability_over_uniform=2.036661 min_probability_over_uniform=0.250000
RG_SCORE round=60 layer=features.3 mean_q=0.153933 max_q=0.216224 fraction_q_positive=1.000000 sampling_entropy=4.147818 uniform_entropy=4.158883 entropy_gap=0.011066 max_probability_over_uniform=1.303495 min_probability_over_uniform=0.486746
RG_SCORE round=60 layer=features.7 mean_q=0.159292 max_q=0.230143 fraction_q_positive=1.000000 sampling_entropy=4.846218 uniform_entropy=4.852030 entropy_gap=0.005812 max_probability_over_uniform=1.333593 min_probability_over_uniform=0.693572
RG_SCORE round=60 layer=features.10 mean_q=0.156845 max_q=0.199652 fraction_q_positive=1.000000 sampling_entropy=4.848693 uniform_entropy=4.852030 entropy_gap=0.003337 max_probability_over_uniform=1.204691 min_probability_over_uniform=0.777309
RG_SCORE round=60 layer=features.14 mean_q=0.155262 max_q=0.229320 fraction_q_positive=1.000000 sampling_entropy=5.540631 uniform_entropy=5.545177 entropy_gap=0.004547 max_probability_over_uniform=1.357741 min_probability_over_uniform=0.753665
RG_SCORE round=60 layer=features.17 mean_q=0.147997 max_q=0.179202 fraction_q_positive=1.000000 sampling_entropy=5.543054 uniform_entropy=5.545177 entropy_gap=0.002123 max_probability_over_uniform=1.158135 min_probability_over_uniform=0.825396
RG_SCORE round=60 layer=features.20 mean_q=0.153578 max_q=0.195473 fraction_q_positive=1.000000 sampling_entropy=5.543137 uniform_entropy=5.545177 entropy_gap=0.002040 max_probability_over_uniform=1.204596 min_probability_over_uniform=0.836657
RG_SCORE round=60 layer=features.24 mean_q=0.150731 max_q=0.197832 fraction_q_positive=1.000000 sampling_entropy=6.234497 uniform_entropy=6.238325 entropy_gap=0.003828 max_probability_over_uniform=1.234360 min_probability_over_uniform=0.744600
RG_SCORE round=60 layer=features.27 mean_q=0.129480 max_q=0.175516 fraction_q_positive=1.000000 sampling_entropy=6.234597 uniform_entropy=6.238325 entropy_gap=0.003727 max_probability_over_uniform=1.266663 min_probability_over_uniform=0.731560
RG_SCORE round=60 layer=features.30 mean_q=0.127269 max_q=0.184791 fraction_q_positive=1.000000 sampling_entropy=6.231856 uniform_entropy=6.238325 entropy_gap=0.006469 max_probability_over_uniform=1.338979 min_probability_over_uniform=0.705523
RG_SCORE round=60 layer=features.34 mean_q=0.226963 max_q=0.347150 fraction_q_positive=1.000000 sampling_entropy=6.231131 uniform_entropy=6.238325 entropy_gap=0.007194 max_probability_over_uniform=1.397156 min_probability_over_uniform=0.497678
RG_SCORE round=60 layer=features.37 mean_q=0.254824 max_q=0.375760 fraction_q_positive=1.000000 sampling_entropy=6.229154 uniform_entropy=6.238325 entropy_gap=0.009171 max_probability_over_uniform=1.355941 min_probability_over_uniform=0.575664
RG_SCORE round=60 layer=features.40 mean_q=0.283831 max_q=0.534046 fraction_q_positive=0.994141 sampling_entropy=6.187725 uniform_entropy=6.238325 entropy_gap=0.050599 max_probability_over_uniform=1.661172 min_probability_over_uniform=0.250000
ROUND_ACCURACY method=FedPhoenixRG round=60 accuracy=65.580002
********************************************************************************
Round  60
ROUND_ACCURACY method=FedPhoenixRG round=61 accuracy=67.169998
********************************************************************************
Round  61
ROUND_ACCURACY method=FedPhoenixRG round=62 accuracy=65.470001
********************************************************************************
Round  62
ROUND_ACCURACY method=FedPhoenixRG round=63 accuracy=66.080002
********************************************************************************
Round  63
ROUND_ACCURACY method=FedPhoenixRG round=64 accuracy=64.389999
********************************************************************************
Round  64
ROUND_ACCURACY method=FedPhoenixRG round=65 accuracy=66.330002
********************************************************************************
Round  65
ROUND_ACCURACY method=FedPhoenixRG round=66 accuracy=64.360001
********************************************************************************
Round  66
ROUND_ACCURACY method=FedPhoenixRG round=67 accuracy=62.200001
********************************************************************************
Round  67
ROUND_ACCURACY method=FedPhoenixRG round=68 accuracy=57.169998
********************************************************************************
Round  68
ROUND_ACCURACY method=FedPhoenixRG round=69 accuracy=70.629997
********************************************************************************
Round  69
ROUND_ACCURACY method=FedPhoenixRG round=70 accuracy=62.660000
********************************************************************************
Round  70
ROUND_ACCURACY method=FedPhoenixRG round=71 accuracy=58.599998
********************************************************************************
Round  71
ROUND_ACCURACY method=FedPhoenixRG round=72 accuracy=62.740002
********************************************************************************
Round  72
ROUND_ACCURACY method=FedPhoenixRG round=73 accuracy=66.209999
********************************************************************************
Round  73
ROUND_ACCURACY method=FedPhoenixRG round=74 accuracy=68.959999
********************************************************************************
Round  74
ROUND_ACCURACY method=FedPhoenixRG round=75 accuracy=71.250000
********************************************************************************
Round  75
ROUND_ACCURACY method=FedPhoenixRG round=76 accuracy=64.139999
********************************************************************************
Round  76
ROUND_ACCURACY method=FedPhoenixRG round=77 accuracy=63.630001
********************************************************************************
Round  77
ROUND_ACCURACY method=FedPhoenixRG round=78 accuracy=65.059998
********************************************************************************
Round  78
ROUND_ACCURACY method=FedPhoenixRG round=79 accuracy=70.559998
********************************************************************************
Round  79
RG_SCORE round=80 layer=features.0 mean_q=0.159472 max_q=0.321254 fraction_q_positive=0.984375 sampling_entropy=4.092242 uniform_entropy=4.158883 entropy_gap=0.066641 max_probability_over_uniform=1.760868 min_probability_over_uniform=0.250000
RG_SCORE round=80 layer=features.3 mean_q=0.185477 max_q=0.226005 fraction_q_positive=1.000000 sampling_entropy=4.154601 uniform_entropy=4.158883 entropy_gap=0.004282 max_probability_over_uniform=1.163879 min_probability_over_uniform=0.737452
RG_SCORE round=80 layer=features.7 mean_q=0.186812 max_q=0.240309 fraction_q_positive=1.000000 sampling_entropy=4.848827 uniform_entropy=4.852030 entropy_gap=0.003204 max_probability_over_uniform=1.214775 min_probability_over_uniform=0.802597
RG_SCORE round=80 layer=features.10 mean_q=0.182499 max_q=0.230260 fraction_q_positive=1.000000 sampling_entropy=4.849766 uniform_entropy=4.852030 entropy_gap=0.002264 max_probability_over_uniform=1.196279 min_probability_over_uniform=0.768957
RG_SCORE round=80 layer=features.14 mean_q=0.184456 max_q=0.245976 fraction_q_positive=1.000000 sampling_entropy=5.542103 uniform_entropy=5.545177 entropy_gap=0.003075 max_probability_over_uniform=1.250144 min_probability_over_uniform=0.793259
RG_SCORE round=80 layer=features.17 mean_q=0.172581 max_q=0.215468 fraction_q_positive=1.000000 sampling_entropy=5.543055 uniform_entropy=5.545177 entropy_gap=0.002122 max_probability_over_uniform=1.186378 min_probability_over_uniform=0.846790
RG_SCORE round=80 layer=features.20 mean_q=0.179656 max_q=0.220763 fraction_q_positive=1.000000 sampling_entropy=5.543764 uniform_entropy=5.545177 entropy_gap=0.001413 max_probability_over_uniform=1.171607 min_probability_over_uniform=0.845733
RG_SCORE round=80 layer=features.24 mean_q=0.184463 max_q=0.244312 fraction_q_positive=1.000000 sampling_entropy=6.235584 uniform_entropy=6.238325 entropy_gap=0.002741 max_probability_over_uniform=1.243337 min_probability_over_uniform=0.760835
RG_SCORE round=80 layer=features.27 mean_q=0.159292 max_q=0.209250 fraction_q_positive=1.000000 sampling_entropy=6.235655 uniform_entropy=6.238325 entropy_gap=0.002669 max_probability_over_uniform=1.235221 min_probability_over_uniform=0.807258
RG_SCORE round=80 layer=features.30 mean_q=0.157394 max_q=0.228239 fraction_q_positive=1.000000 sampling_entropy=6.234455 uniform_entropy=6.238325 entropy_gap=0.003869 max_probability_over_uniform=1.337583 min_probability_over_uniform=0.793703
RG_SCORE round=80 layer=features.34 mean_q=0.301964 max_q=0.416217 fraction_q_positive=1.000000 sampling_entropy=6.234329 uniform_entropy=6.238325 entropy_gap=0.003995 max_probability_over_uniform=1.283775 min_probability_over_uniform=0.710672
RG_SCORE round=80 layer=features.37 mean_q=0.341776 max_q=0.466427 fraction_q_positive=1.000000 sampling_entropy=6.233191 uniform_entropy=6.238325 entropy_gap=0.005133 max_probability_over_uniform=1.273536 min_probability_over_uniform=0.713199
RG_SCORE round=80 layer=features.40 mean_q=0.336917 max_q=0.582327 fraction_q_positive=1.000000 sampling_entropy=6.199806 uniform_entropy=6.238325 entropy_gap=0.038519 max_probability_over_uniform=1.546299 min_probability_over_uniform=0.263781
ROUND_ACCURACY method=FedPhoenixRG round=80 accuracy=68.800003
********************************************************************************
Round  80
ROUND_ACCURACY method=FedPhoenixRG round=81 accuracy=65.089996
********************************************************************************
Round  81
ROUND_ACCURACY method=FedPhoenixRG round=82 accuracy=66.330002
********************************************************************************
Round  82
ROUND_ACCURACY method=FedPhoenixRG round=83 accuracy=69.910004
********************************************************************************
Round  83
ROUND_ACCURACY method=FedPhoenixRG round=84 accuracy=65.739998
********************************************************************************
Round  84
ROUND_ACCURACY method=FedPhoenixRG round=85 accuracy=69.199997
********************************************************************************
Round  85
ROUND_ACCURACY method=FedPhoenixRG round=86 accuracy=68.050003
********************************************************************************
Round  86
ROUND_ACCURACY method=FedPhoenixRG round=87 accuracy=68.910004
********************************************************************************
Round  87
ROUND_ACCURACY method=FedPhoenixRG round=88 accuracy=69.400002
********************************************************************************
Round  88
ROUND_ACCURACY method=FedPhoenixRG round=89 accuracy=70.779999
********************************************************************************
Round  89
ROUND_ACCURACY method=FedPhoenixRG round=90 accuracy=65.320000
********************************************************************************
Round  90
ROUND_ACCURACY method=FedPhoenixRG round=91 accuracy=71.230003
********************************************************************************
Round  91
ROUND_ACCURACY method=FedPhoenixRG round=92 accuracy=68.389999
********************************************************************************
Round  92
ROUND_ACCURACY method=FedPhoenixRG round=93 accuracy=68.099998
********************************************************************************
Round  93
ROUND_ACCURACY method=FedPhoenixRG round=94 accuracy=68.440002
********************************************************************************
Round  94
ROUND_ACCURACY method=FedPhoenixRG round=95 accuracy=71.389999
********************************************************************************
Round  95
ROUND_ACCURACY method=FedPhoenixRG round=96 accuracy=68.730003
********************************************************************************
Round  96
ROUND_ACCURACY method=FedPhoenixRG round=97 accuracy=66.480003
********************************************************************************
Round  97
ROUND_ACCURACY method=FedPhoenixRG round=98 accuracy=63.369999
********************************************************************************
Round  98
ROUND_ACCURACY method=FedPhoenixRG round=99 accuracy=62.610001
********************************************************************************
Round  99
RG_SCORE round=100 layer=features.0 mean_q=0.167575 max_q=0.362169 fraction_q_positive=0.953125 sampling_entropy=4.083981 uniform_entropy=4.158883 entropy_gap=0.074902 max_probability_over_uniform=1.870924 min_probability_over_uniform=0.250000
RG_SCORE round=100 layer=features.3 mean_q=0.192338 max_q=0.250001 fraction_q_positive=1.000000 sampling_entropy=4.154465 uniform_entropy=4.158883 entropy_gap=0.004418 max_probability_over_uniform=1.224852 min_probability_over_uniform=0.806841
RG_SCORE round=100 layer=features.7 mean_q=0.193562 max_q=0.261435 fraction_q_positive=1.000000 sampling_entropy=4.847815 uniform_entropy=4.852030 entropy_gap=0.004215 max_probability_over_uniform=1.262989 min_probability_over_uniform=0.773549
RG_SCORE round=100 layer=features.10 mean_q=0.192155 max_q=0.240205 fraction_q_positive=1.000000 sampling_entropy=4.850112 uniform_entropy=4.852030 entropy_gap=0.001918 max_probability_over_uniform=1.187545 min_probability_over_uniform=0.834004
RG_SCORE round=100 layer=features.14 mean_q=0.198801 max_q=0.268171 fraction_q_positive=1.000000 sampling_entropy=5.542911 uniform_entropy=5.545177 entropy_gap=0.002266 max_probability_over_uniform=1.261705 min_probability_over_uniform=0.714621
RG_SCORE round=100 layer=features.17 mean_q=0.187213 max_q=0.223464 fraction_q_positive=1.000000 sampling_entropy=5.542999 uniform_entropy=5.545177 entropy_gap=0.002179 max_probability_over_uniform=1.145227 min_probability_over_uniform=0.853208
RG_SCORE round=100 layer=features.20 mean_q=0.192729 max_q=0.223391 fraction_q_positive=1.000000 sampling_entropy=5.544012 uniform_entropy=5.545177 entropy_gap=0.001165 max_probability_over_uniform=1.119321 min_probability_over_uniform=0.872356
RG_SCORE round=100 layer=features.24 mean_q=0.204326 max_q=0.265780 fraction_q_positive=1.000000 sampling_entropy=6.236117 uniform_entropy=6.238325 entropy_gap=0.002208 max_probability_over_uniform=1.225574 min_probability_over_uniform=0.745302
RG_SCORE round=100 layer=features.27 mean_q=0.178520 max_q=0.234103 fraction_q_positive=1.000000 sampling_entropy=6.235979 uniform_entropy=6.238325 entropy_gap=0.002345 max_probability_over_uniform=1.233518 min_probability_over_uniform=0.844947
RG_SCORE round=100 layer=features.30 mean_q=0.173033 max_q=0.221285 fraction_q_positive=1.000000 sampling_entropy=6.235698 uniform_entropy=6.238325 entropy_gap=0.002627 max_probability_over_uniform=1.209142 min_probability_over_uniform=0.775742
RG_SCORE round=100 layer=features.34 mean_q=0.332198 max_q=0.418263 fraction_q_positive=1.000000 sampling_entropy=6.233960 uniform_entropy=6.238325 entropy_gap=0.004364 max_probability_over_uniform=1.194306 min_probability_over_uniform=0.531382
RG_SCORE round=100 layer=features.37 mean_q=0.365246 max_q=0.511488 fraction_q_positive=1.000000 sampling_entropy=6.232359 uniform_entropy=6.238325 entropy_gap=0.005965 max_probability_over_uniform=1.300294 min_probability_over_uniform=0.419268
RG_SCORE round=100 layer=features.40 mean_q=0.315834 max_q=0.571869 fraction_q_positive=1.000000 sampling_entropy=6.199267 uniform_entropy=6.238325 entropy_gap=0.039058 max_probability_over_uniform=1.607997 min_probability_over_uniform=0.266942
ROUND_ACCURACY method=FedPhoenixRG round=100 accuracy=63.209999
********************************************************************************
Round 100
ROUND_ACCURACY method=FedPhoenixRG round=101 accuracy=68.779999
********************************************************************************
Round 101
ROUND_ACCURACY method=FedPhoenixRG round=102 accuracy=69.879997
********************************************************************************
Round 102
ROUND_ACCURACY method=FedPhoenixRG round=103 accuracy=71.470001
********************************************************************************
Round 103
ROUND_ACCURACY method=FedPhoenixRG round=104 accuracy=70.849998
********************************************************************************
Round 104
ROUND_ACCURACY method=FedPhoenixRG round=105 accuracy=71.480003
********************************************************************************
Round 105
ROUND_ACCURACY method=FedPhoenixRG round=106 accuracy=69.820000
********************************************************************************
Round 106
ROUND_ACCURACY method=FedPhoenixRG round=107 accuracy=52.580002
********************************************************************************
Round 107
ROUND_ACCURACY method=FedPhoenixRG round=108 accuracy=71.349998
********************************************************************************
Round 108
ROUND_ACCURACY method=FedPhoenixRG round=109 accuracy=73.690002
********************************************************************************
Round 109
ROUND_ACCURACY method=FedPhoenixRG round=110 accuracy=71.910004
********************************************************************************
Round 110
ROUND_ACCURACY method=FedPhoenixRG round=111 accuracy=71.790001
********************************************************************************
Round 111
ROUND_ACCURACY method=FedPhoenixRG round=112 accuracy=70.860001
********************************************************************************
Round 112
ROUND_ACCURACY method=FedPhoenixRG round=113 accuracy=68.500000
********************************************************************************
Round 113
ROUND_ACCURACY method=FedPhoenixRG round=114 accuracy=67.410004
********************************************************************************
Round 114
ROUND_ACCURACY method=FedPhoenixRG round=115 accuracy=64.769997
********************************************************************************
Round 115
ROUND_ACCURACY method=FedPhoenixRG round=116 accuracy=72.570000
********************************************************************************
Round 116
ROUND_ACCURACY method=FedPhoenixRG round=117 accuracy=67.620003
********************************************************************************
Round 117
ROUND_ACCURACY method=FedPhoenixRG round=118 accuracy=71.970001
********************************************************************************
Round 118
ROUND_ACCURACY method=FedPhoenixRG round=119 accuracy=72.500000
********************************************************************************
Round 119
RG_SCORE round=120 layer=features.0 mean_q=0.155297 max_q=0.338512 fraction_q_positive=0.984375 sampling_entropy=4.089940 uniform_entropy=4.158883 entropy_gap=0.068943 max_probability_over_uniform=1.884833 min_probability_over_uniform=0.250000
RG_SCORE round=120 layer=features.3 mean_q=0.193588 max_q=0.239287 fraction_q_positive=1.000000 sampling_entropy=4.155650 uniform_entropy=4.158883 entropy_gap=0.003233 max_probability_over_uniform=1.177044 min_probability_over_uniform=0.796328
RG_SCORE round=120 layer=features.7 mean_q=0.194750 max_q=0.241750 fraction_q_positive=1.000000 sampling_entropy=4.849264 uniform_entropy=4.852030 entropy_gap=0.002766 max_probability_over_uniform=1.181002 min_probability_over_uniform=0.790501
RG_SCORE round=120 layer=features.10 mean_q=0.184844 max_q=0.214748 fraction_q_positive=1.000000 sampling_entropy=4.850235 uniform_entropy=4.852030 entropy_gap=0.001795 max_probability_over_uniform=1.121338 min_probability_over_uniform=0.825385
RG_SCORE round=120 layer=features.14 mean_q=0.191864 max_q=0.239754 fraction_q_positive=1.000000 sampling_entropy=5.542954 uniform_entropy=5.545177 entropy_gap=0.002223 max_probability_over_uniform=1.187201 min_probability_over_uniform=0.811903
RG_SCORE round=120 layer=features.17 mean_q=0.182888 max_q=0.222381 fraction_q_positive=1.000000 sampling_entropy=5.543098 uniform_entropy=5.545177 entropy_gap=0.002079 max_probability_over_uniform=1.161955 min_probability_over_uniform=0.835242
RG_SCORE round=120 layer=features.20 mean_q=0.188171 max_q=0.221991 fraction_q_positive=1.000000 sampling_entropy=5.543928 uniform_entropy=5.545177 entropy_gap=0.001250 max_probability_over_uniform=1.134796 min_probability_over_uniform=0.862538
RG_SCORE round=120 layer=features.24 mean_q=0.200603 max_q=0.242867 fraction_q_positive=1.000000 sampling_entropy=6.236183 uniform_entropy=6.238325 entropy_gap=0.002142 max_probability_over_uniform=1.158013 min_probability_over_uniform=0.790802
RG_SCORE round=120 layer=features.27 mean_q=0.177227 max_q=0.241265 fraction_q_positive=1.000000 sampling_entropy=6.235656 uniform_entropy=6.238325 entropy_gap=0.002668 max_probability_over_uniform=1.270999 min_probability_over_uniform=0.787597
RG_SCORE round=120 layer=features.30 mean_q=0.166645 max_q=0.217786 fraction_q_positive=1.000000 sampling_entropy=6.234526 uniform_entropy=6.238325 entropy_gap=0.003798 max_probability_over_uniform=1.230163 min_probability_over_uniform=0.736757
RG_SCORE round=120 layer=features.34 mean_q=0.280408 max_q=0.420290 fraction_q_positive=1.000000 sampling_entropy=6.220288 uniform_entropy=6.238325 entropy_gap=0.018036 max_probability_over_uniform=1.374138 min_probability_over_uniform=0.302754
RG_SCORE round=120 layer=features.37 mean_q=0.218464 max_q=0.419807 fraction_q_positive=0.988281 sampling_entropy=6.191804 uniform_entropy=6.238325 entropy_gap=0.046521 max_probability_over_uniform=1.691220 min_probability_over_uniform=0.250000
RG_SCORE round=120 layer=features.40 mean_q=0.147415 max_q=0.385371 fraction_q_positive=0.955078 sampling_entropy=6.128220 uniform_entropy=6.238325 entropy_gap=0.110105 max_probability_over_uniform=2.210642 min_probability_over_uniform=0.250000
ROUND_ACCURACY method=FedPhoenixRG round=120 accuracy=67.690002
********************************************************************************
Round 120
ROUND_ACCURACY method=FedPhoenixRG round=121 accuracy=72.820000
********************************************************************************
Round 121
ROUND_ACCURACY method=FedPhoenixRG round=122 accuracy=69.889999
********************************************************************************
Round 122
ROUND_ACCURACY method=FedPhoenixRG round=123 accuracy=68.459999
********************************************************************************
Round 123
ROUND_ACCURACY method=FedPhoenixRG round=124 accuracy=64.660004
********************************************************************************
Round 124
ROUND_ACCURACY method=FedPhoenixRG round=125 accuracy=65.930000
********************************************************************************
Round 125
ROUND_ACCURACY method=FedPhoenixRG round=126 accuracy=63.410000
********************************************************************************
Round 126
ROUND_ACCURACY method=FedPhoenixRG round=127 accuracy=72.190002
********************************************************************************
Round 127
ROUND_ACCURACY method=FedPhoenixRG round=128 accuracy=67.870003
********************************************************************************
Round 128
ROUND_ACCURACY method=FedPhoenixRG round=129 accuracy=74.699997
********************************************************************************
Round 129
ROUND_ACCURACY method=FedPhoenixRG round=130 accuracy=66.410004
********************************************************************************
Round 130
ROUND_ACCURACY method=FedPhoenixRG round=131 accuracy=66.720001
********************************************************************************
Round 131
ROUND_ACCURACY method=FedPhoenixRG round=132 accuracy=76.150002
********************************************************************************
Round 132
ROUND_ACCURACY method=FedPhoenixRG round=133 accuracy=69.339996
********************************************************************************
Round 133
ROUND_ACCURACY method=FedPhoenixRG round=134 accuracy=72.720001
********************************************************************************
Round 134
ROUND_ACCURACY method=FedPhoenixRG round=135 accuracy=67.059998
********************************************************************************
Round 135
ROUND_ACCURACY method=FedPhoenixRG round=136 accuracy=64.889999
********************************************************************************
Round 136
ROUND_ACCURACY method=FedPhoenixRG round=137 accuracy=70.089996
********************************************************************************
Round 137
ROUND_ACCURACY method=FedPhoenixRG round=138 accuracy=73.110001
********************************************************************************
Round 138
ROUND_ACCURACY method=FedPhoenixRG round=139 accuracy=70.589996
********************************************************************************
Round 139
RG_SCORE round=140 layer=features.0 mean_q=0.151656 max_q=0.356467 fraction_q_positive=0.968750 sampling_entropy=4.085565 uniform_entropy=4.158883 entropy_gap=0.073318 max_probability_over_uniform=2.012872 min_probability_over_uniform=0.250000
RG_SCORE round=140 layer=features.3 mean_q=0.194426 max_q=0.239384 fraction_q_positive=1.000000 sampling_entropy=4.154967 uniform_entropy=4.158883 entropy_gap=0.003916 max_probability_over_uniform=1.173426 min_probability_over_uniform=0.788294
RG_SCORE round=140 layer=features.7 mean_q=0.196585 max_q=0.235619 fraction_q_positive=1.000000 sampling_entropy=4.849994 uniform_entropy=4.852030 entropy_gap=0.002036 max_probability_over_uniform=1.148922 min_probability_over_uniform=0.838770
RG_SCORE round=140 layer=features.10 mean_q=0.188897 max_q=0.219512 fraction_q_positive=1.000000 sampling_entropy=4.850156 uniform_entropy=4.852030 entropy_gap=0.001874 max_probability_over_uniform=1.121554 min_probability_over_uniform=0.815342
RG_SCORE round=140 layer=features.14 mean_q=0.196374 max_q=0.245412 fraction_q_positive=1.000000 sampling_entropy=5.543198 uniform_entropy=5.545177 entropy_gap=0.001979 max_probability_over_uniform=1.187290 min_probability_over_uniform=0.860018
RG_SCORE round=140 layer=features.17 mean_q=0.187390 max_q=0.233561 fraction_q_positive=1.000000 sampling_entropy=5.542752 uniform_entropy=5.545177 entropy_gap=0.002425 max_probability_over_uniform=1.184794 min_probability_over_uniform=0.799201
RG_SCORE round=140 layer=features.20 mean_q=0.189325 max_q=0.225156 fraction_q_positive=1.000000 sampling_entropy=5.544003 uniform_entropy=5.545177 entropy_gap=0.001174 max_probability_over_uniform=1.141944 min_probability_over_uniform=0.849292
RG_SCORE round=140 layer=features.24 mean_q=0.207122 max_q=0.267130 fraction_q_positive=1.000000 sampling_entropy=6.236558 uniform_entropy=6.238325 entropy_gap=0.001767 max_probability_over_uniform=1.217294 min_probability_over_uniform=0.782443
RG_SCORE round=140 layer=features.27 mean_q=0.189579 max_q=0.244448 fraction_q_positive=1.000000 sampling_entropy=6.236267 uniform_entropy=6.238325 entropy_gap=0.002057 max_probability_over_uniform=1.217069 min_probability_over_uniform=0.794996
RG_SCORE round=140 layer=features.30 mean_q=0.174871 max_q=0.225605 fraction_q_positive=1.000000 sampling_entropy=6.235695 uniform_entropy=6.238325 entropy_gap=0.002630 max_probability_over_uniform=1.217589 min_probability_over_uniform=0.754368
RG_SCORE round=140 layer=features.34 mean_q=0.308236 max_q=0.442133 fraction_q_positive=1.000000 sampling_entropy=6.226352 uniform_entropy=6.238325 entropy_gap=0.011972 max_probability_over_uniform=1.325800 min_probability_over_uniform=0.359266
RG_SCORE round=140 layer=features.37 mean_q=0.219797 max_q=0.415438 fraction_q_positive=1.000000 sampling_entropy=6.192604 uniform_entropy=6.238325 entropy_gap=0.045721 max_probability_over_uniform=1.667572 min_probability_over_uniform=0.254252
RG_SCORE round=140 layer=features.40 mean_q=0.128217 max_q=0.395632 fraction_q_positive=0.949219 sampling_entropy=6.110453 uniform_entropy=6.238325 entropy_gap=0.127872 max_probability_over_uniform=2.564233 min_probability_over_uniform=0.250000
ROUND_ACCURACY method=FedPhoenixRG round=140 accuracy=74.519997
********************************************************************************
Round 140
ROUND_ACCURACY method=FedPhoenixRG round=141 accuracy=75.080002
********************************************************************************
Round 141
ROUND_ACCURACY method=FedPhoenixRG round=142 accuracy=66.480003
********************************************************************************
Round 142
ROUND_ACCURACY method=FedPhoenixRG round=143 accuracy=62.400002
********************************************************************************
Round 143
ROUND_ACCURACY method=FedPhoenixRG round=144 accuracy=73.930000
********************************************************************************
Round 144
ROUND_ACCURACY method=FedPhoenixRG round=145 accuracy=68.360001
********************************************************************************
Round 145
ROUND_ACCURACY method=FedPhoenixRG round=146 accuracy=67.669998
********************************************************************************
Round 146
ROUND_ACCURACY method=FedPhoenixRG round=147 accuracy=73.750000
********************************************************************************
Round 147
ROUND_ACCURACY method=FedPhoenixRG round=148 accuracy=71.120003
********************************************************************************
Round 148
ROUND_ACCURACY method=FedPhoenixRG round=149 accuracy=58.790001
********************************************************************************
Round 149
ROUND_ACCURACY method=FedPhoenixRG round=150 accuracy=73.080002
********************************************************************************
Round 150
ROUND_ACCURACY method=FedPhoenixRG round=151 accuracy=63.180000
********************************************************************************
Round 151
ROUND_ACCURACY method=FedPhoenixRG round=152 accuracy=64.379997
********************************************************************************
Round 152
ROUND_ACCURACY method=FedPhoenixRG round=153 accuracy=75.379997
********************************************************************************
Round 153
ROUND_ACCURACY method=FedPhoenixRG round=154 accuracy=73.779999
********************************************************************************
Round 154
ROUND_ACCURACY method=FedPhoenixRG round=155 accuracy=68.250000
********************************************************************************
Round 155
ROUND_ACCURACY method=FedPhoenixRG round=156 accuracy=73.430000
********************************************************************************
Round 156
ROUND_ACCURACY method=FedPhoenixRG round=157 accuracy=68.860001
********************************************************************************
Round 157
ROUND_ACCURACY method=FedPhoenixRG round=158 accuracy=65.199997
********************************************************************************
Round 158
ROUND_ACCURACY method=FedPhoenixRG round=159 accuracy=68.809998
********************************************************************************
Round 159
RG_SCORE round=160 layer=features.0 mean_q=0.130241 max_q=0.349644 fraction_q_positive=0.906250 sampling_entropy=4.040625 uniform_entropy=4.158883 entropy_gap=0.118258 max_probability_over_uniform=2.263451 min_probability_over_uniform=0.250000
RG_SCORE round=160 layer=features.3 mean_q=0.186876 max_q=0.227240 fraction_q_positive=1.000000 sampling_entropy=4.156270 uniform_entropy=4.158883 entropy_gap=0.002613 max_probability_over_uniform=1.161995 min_probability_over_uniform=0.789706
RG_SCORE round=160 layer=features.7 mean_q=0.184216 max_q=0.226872 fraction_q_positive=1.000000 sampling_entropy=4.849496 uniform_entropy=4.852030 entropy_gap=0.002535 max_probability_over_uniform=1.173666 min_probability_over_uniform=0.824672
RG_SCORE round=160 layer=features.10 mean_q=0.174419 max_q=0.205437 fraction_q_positive=1.000000 sampling_entropy=4.850437 uniform_entropy=4.852030 entropy_gap=0.001593 max_probability_over_uniform=1.133378 min_probability_over_uniform=0.809647
RG_SCORE round=160 layer=features.14 mean_q=0.183418 max_q=0.229674 fraction_q_positive=1.000000 sampling_entropy=5.543200 uniform_entropy=5.545177 entropy_gap=0.001977 max_probability_over_uniform=1.189142 min_probability_over_uniform=0.830449
RG_SCORE round=160 layer=features.17 mean_q=0.174784 max_q=0.229213 fraction_q_positive=1.000000 sampling_entropy=5.542843 uniform_entropy=5.545177 entropy_gap=0.002334 max_probability_over_uniform=1.233559 min_probability_over_uniform=0.836056
RG_SCORE round=160 layer=features.20 mean_q=0.177431 max_q=0.210450 fraction_q_positive=1.000000 sampling_entropy=5.543947 uniform_entropy=5.545177 entropy_gap=0.001231 max_probability_over_uniform=1.139568 min_probability_over_uniform=0.837755
RG_SCORE round=160 layer=features.24 mean_q=0.194005 max_q=0.241776 fraction_q_positive=1.000000 sampling_entropy=6.236613 uniform_entropy=6.238325 entropy_gap=0.001711 max_probability_over_uniform=1.184680 min_probability_over_uniform=0.803842
RG_SCORE round=160 layer=features.27 mean_q=0.181130 max_q=0.230990 fraction_q_positive=1.000000 sampling_entropy=6.236107 uniform_entropy=6.238325 entropy_gap=0.002218 max_probability_over_uniform=1.206457 min_probability_over_uniform=0.776321
RG_SCORE round=160 layer=features.30 mean_q=0.166196 max_q=0.213302 fraction_q_positive=1.000000 sampling_entropy=6.235479 uniform_entropy=6.238325 entropy_gap=0.002845 max_probability_over_uniform=1.212577 min_probability_over_uniform=0.717536
RG_SCORE round=160 layer=features.34 mean_q=0.291369 max_q=0.430307 fraction_q_positive=1.000000 sampling_entropy=6.225812 uniform_entropy=6.238325 entropy_gap=0.012512 max_probability_over_uniform=1.357635 min_probability_over_uniform=0.304064
RG_SCORE round=160 layer=features.37 mean_q=0.238981 max_q=0.453312 fraction_q_positive=0.996094 sampling_entropy=6.195272 uniform_entropy=6.238325 entropy_gap=0.043053 max_probability_over_uniform=1.672641 min_probability_over_uniform=0.250000
RG_SCORE round=160 layer=features.40 mean_q=0.132178 max_q=0.384589 fraction_q_positive=0.943359 sampling_entropy=6.103556 uniform_entropy=6.238325 entropy_gap=0.134769 max_probability_over_uniform=2.432230 min_probability_over_uniform=0.250000
ROUND_ACCURACY method=FedPhoenixRG round=160 accuracy=70.699997
********************************************************************************
Round 160
ROUND_ACCURACY method=FedPhoenixRG round=161 accuracy=75.220001
********************************************************************************
Round 161
ROUND_ACCURACY method=FedPhoenixRG round=162 accuracy=71.519997
********************************************************************************
Round 162
ROUND_ACCURACY method=FedPhoenixRG round=163 accuracy=70.220001
********************************************************************************
Round 163
ROUND_ACCURACY method=FedPhoenixRG round=164 accuracy=69.019997
********************************************************************************
Round 164
ROUND_ACCURACY method=FedPhoenixRG round=165 accuracy=75.029999
********************************************************************************
Round 165
ROUND_ACCURACY method=FedPhoenixRG round=166 accuracy=71.470001
********************************************************************************
Round 166
ROUND_ACCURACY method=FedPhoenixRG round=167 accuracy=71.019997
********************************************************************************
Round 167
ROUND_ACCURACY method=FedPhoenixRG round=168 accuracy=69.620003
********************************************************************************
Round 168
ROUND_ACCURACY method=FedPhoenixRG round=169 accuracy=69.540001
********************************************************************************
Round 169
ROUND_ACCURACY method=FedPhoenixRG round=170 accuracy=68.739998
********************************************************************************
Round 170
ROUND_ACCURACY method=FedPhoenixRG round=171 accuracy=66.040001
********************************************************************************
Round 171
ROUND_ACCURACY method=FedPhoenixRG round=172 accuracy=67.220001
********************************************************************************
Round 172
ROUND_ACCURACY method=FedPhoenixRG round=173 accuracy=68.279999
********************************************************************************
Round 173
ROUND_ACCURACY method=FedPhoenixRG round=174 accuracy=71.440002
********************************************************************************
Round 174
ROUND_ACCURACY method=FedPhoenixRG round=175 accuracy=74.800003
********************************************************************************
Round 175
ROUND_ACCURACY method=FedPhoenixRG round=176 accuracy=74.400002
********************************************************************************
Round 176
ROUND_ACCURACY method=FedPhoenixRG round=177 accuracy=70.480003
********************************************************************************
Round 177
ROUND_ACCURACY method=FedPhoenixRG round=178 accuracy=66.800003
********************************************************************************
Round 178
ROUND_ACCURACY method=FedPhoenixRG round=179 accuracy=75.849998
********************************************************************************
Round 179
RG_SCORE round=180 layer=features.0 mean_q=0.142350 max_q=0.415070 fraction_q_positive=0.921875 sampling_entropy=4.009218 uniform_entropy=4.158883 entropy_gap=0.149665 max_probability_over_uniform=2.436874 min_probability_over_uniform=0.250000
RG_SCORE round=180 layer=features.3 mean_q=0.167069 max_q=0.254608 fraction_q_positive=1.000000 sampling_entropy=4.149452 uniform_entropy=4.158883 entropy_gap=0.009431 max_probability_over_uniform=1.392978 min_probability_over_uniform=0.697378
RG_SCORE round=180 layer=features.7 mean_q=0.171018 max_q=0.228734 fraction_q_positive=1.000000 sampling_entropy=4.845262 uniform_entropy=4.852030 entropy_gap=0.006769 max_probability_over_uniform=1.253111 min_probability_over_uniform=0.645262
RG_SCORE round=180 layer=features.10 mean_q=0.154078 max_q=0.197865 fraction_q_positive=1.000000 sampling_entropy=4.847358 uniform_entropy=4.852030 entropy_gap=0.004672 max_probability_over_uniform=1.213139 min_probability_over_uniform=0.727916
RG_SCORE round=180 layer=features.14 mean_q=0.166513 max_q=0.229490 fraction_q_positive=1.000000 sampling_entropy=5.541507 uniform_entropy=5.545177 entropy_gap=0.003671 max_probability_over_uniform=1.283662 min_probability_over_uniform=0.703410
RG_SCORE round=180 layer=features.17 mean_q=0.162319 max_q=0.218311 fraction_q_positive=1.000000 sampling_entropy=5.541703 uniform_entropy=5.545177 entropy_gap=0.003474 max_probability_over_uniform=1.258713 min_probability_over_uniform=0.780445
RG_SCORE round=180 layer=features.20 mean_q=0.164325 max_q=0.195548 fraction_q_positive=1.000000 sampling_entropy=5.543451 uniform_entropy=5.545177 entropy_gap=0.001726 max_probability_over_uniform=1.142505 min_probability_over_uniform=0.803540
RG_SCORE round=180 layer=features.24 mean_q=0.181115 max_q=0.239845 fraction_q_positive=1.000000 sampling_entropy=6.235102 uniform_entropy=6.238325 entropy_gap=0.003223 max_probability_over_uniform=1.243203 min_probability_over_uniform=0.785222
RG_SCORE round=180 layer=features.27 mean_q=0.170619 max_q=0.232650 fraction_q_positive=1.000000 sampling_entropy=6.234712 uniform_entropy=6.238325 entropy_gap=0.003613 max_probability_over_uniform=1.272671 min_probability_over_uniform=0.634227
RG_SCORE round=180 layer=features.30 mean_q=0.150110 max_q=0.199689 fraction_q_positive=1.000000 sampling_entropy=6.233362 uniform_entropy=6.238325 entropy_gap=0.004963 max_probability_over_uniform=1.247714 min_probability_over_uniform=0.624954
RG_SCORE round=180 layer=features.34 mean_q=0.286798 max_q=0.438907 fraction_q_positive=0.996094 sampling_entropy=6.222129 uniform_entropy=6.238325 entropy_gap=0.016196 max_probability_over_uniform=1.397776 min_probability_over_uniform=0.250000
RG_SCORE round=180 layer=features.37 mean_q=0.257597 max_q=0.467463 fraction_q_positive=0.998047 sampling_entropy=6.209969 uniform_entropy=6.238325 entropy_gap=0.028355 max_probability_over_uniform=1.611031 min_probability_over_uniform=0.250000
RG_SCORE round=180 layer=features.40 mean_q=0.135428 max_q=0.392343 fraction_q_positive=0.937500 sampling_entropy=6.114429 uniform_entropy=6.238325 entropy_gap=0.123895 max_probability_over_uniform=2.422798 min_probability_over_uniform=0.250000
ROUND_ACCURACY method=FedPhoenixRG round=180 accuracy=71.769997
********************************************************************************
Round 180
ROUND_ACCURACY method=FedPhoenixRG round=181 accuracy=74.300003
********************************************************************************
Round 181
ROUND_ACCURACY method=FedPhoenixRG round=182 accuracy=65.239998
********************************************************************************
Round 182
ROUND_ACCURACY method=FedPhoenixRG round=183 accuracy=76.459999
********************************************************************************
Round 183
ROUND_ACCURACY method=FedPhoenixRG round=184 accuracy=74.220001
********************************************************************************
Round 184
ROUND_ACCURACY method=FedPhoenixRG round=185 accuracy=76.080002
********************************************************************************
Round 185
ROUND_ACCURACY method=FedPhoenixRG round=186 accuracy=74.089996
********************************************************************************
Round 186
ROUND_ACCURACY method=FedPhoenixRG round=187 accuracy=70.110001
********************************************************************************
Round 187
ROUND_ACCURACY method=FedPhoenixRG round=188 accuracy=74.760002
********************************************************************************
Round 188
ROUND_ACCURACY method=FedPhoenixRG round=189 accuracy=65.489998
********************************************************************************
Round 189
ROUND_ACCURACY method=FedPhoenixRG round=190 accuracy=67.290001
********************************************************************************
Round 190
ROUND_ACCURACY method=FedPhoenixRG round=191 accuracy=63.380001
********************************************************************************
Round 191
ROUND_ACCURACY method=FedPhoenixRG round=192 accuracy=71.169998
********************************************************************************
Round 192
ROUND_ACCURACY method=FedPhoenixRG round=193 accuracy=73.449997
********************************************************************************
Round 193
ROUND_ACCURACY method=FedPhoenixRG round=194 accuracy=71.089996
********************************************************************************
Round 194
ROUND_ACCURACY method=FedPhoenixRG round=195 accuracy=71.629997
********************************************************************************
Round 195
ROUND_ACCURACY method=FedPhoenixRG round=196 accuracy=76.540001
********************************************************************************
Round 196
ROUND_ACCURACY method=FedPhoenixRG round=197 accuracy=62.709999
********************************************************************************
Round 197
ROUND_ACCURACY method=FedPhoenixRG round=198 accuracy=69.940002
********************************************************************************
Round 198
ROUND_ACCURACY method=FedPhoenixRG round=199 accuracy=64.070000
********************************************************************************
Round 199
RG_SCORE round=200 layer=features.0 mean_q=0.122895 max_q=0.276849 fraction_q_positive=0.906250 sampling_entropy=4.030491 uniform_entropy=4.158883 entropy_gap=0.128392 max_probability_over_uniform=1.939539 min_probability_over_uniform=0.250000
RG_SCORE round=200 layer=features.3 mean_q=0.175425 max_q=0.220059 fraction_q_positive=1.000000 sampling_entropy=4.154810 uniform_entropy=4.158883 entropy_gap=0.004073 max_probability_over_uniform=1.190826 min_probability_over_uniform=0.783463
RG_SCORE round=200 layer=features.7 mean_q=0.181618 max_q=0.230379 fraction_q_positive=1.000000 sampling_entropy=4.849362 uniform_entropy=4.852030 entropy_gap=0.002669 max_probability_over_uniform=1.201360 min_probability_over_uniform=0.801000
RG_SCORE round=200 layer=features.10 mean_q=0.167806 max_q=0.197778 fraction_q_positive=1.000000 sampling_entropy=4.850489 uniform_entropy=4.852030 entropy_gap=0.001542 max_probability_over_uniform=1.133961 min_probability_over_uniform=0.876129
RG_SCORE round=200 layer=features.14 mean_q=0.180114 max_q=0.235815 fraction_q_positive=1.000000 sampling_entropy=5.542855 uniform_entropy=5.545177 entropy_gap=0.002322 max_probability_over_uniform=1.231940 min_probability_over_uniform=0.870873
RG_SCORE round=200 layer=features.17 mean_q=0.173279 max_q=0.217076 fraction_q_positive=1.000000 sampling_entropy=5.542865 uniform_entropy=5.545177 entropy_gap=0.002312 max_probability_over_uniform=1.189566 min_probability_over_uniform=0.814249
RG_SCORE round=200 layer=features.20 mean_q=0.174305 max_q=0.208221 fraction_q_positive=1.000000 sampling_entropy=5.543909 uniform_entropy=5.545177 entropy_gap=0.001269 max_probability_over_uniform=1.145931 min_probability_over_uniform=0.816997
RG_SCORE round=200 layer=features.24 mean_q=0.193426 max_q=0.241129 fraction_q_positive=1.000000 sampling_entropy=6.236123 uniform_entropy=6.238325 entropy_gap=0.002202 max_probability_over_uniform=1.184965 min_probability_over_uniform=0.762462
RG_SCORE round=200 layer=features.27 mean_q=0.183611 max_q=0.252260 fraction_q_positive=1.000000 sampling_entropy=6.235779 uniform_entropy=6.238325 entropy_gap=0.002545 max_probability_over_uniform=1.280413 min_probability_over_uniform=0.754984
RG_SCORE round=200 layer=features.30 mean_q=0.162450 max_q=0.207081 fraction_q_positive=1.000000 sampling_entropy=6.235134 uniform_entropy=6.238325 entropy_gap=0.003191 max_probability_over_uniform=1.206051 min_probability_over_uniform=0.733566
RG_SCORE round=200 layer=features.34 mean_q=0.293856 max_q=0.442231 fraction_q_positive=0.998047 sampling_entropy=6.223950 uniform_entropy=6.238325 entropy_gap=0.014375 max_probability_over_uniform=1.378693 min_probability_over_uniform=0.250000
RG_SCORE round=200 layer=features.37 mean_q=0.229740 max_q=0.435244 fraction_q_positive=0.992188 sampling_entropy=6.202125 uniform_entropy=6.238325 entropy_gap=0.036200 max_probability_over_uniform=1.670879 min_probability_over_uniform=0.250000
RG_SCORE round=200 layer=features.40 mean_q=0.112436 max_q=0.401710 fraction_q_positive=0.935547 sampling_entropy=6.102534 uniform_entropy=6.238325 entropy_gap=0.135791 max_probability_over_uniform=2.929585 min_probability_over_uniform=0.250000
ROUND_ACCURACY method=FedPhoenixRG round=200 accuracy=58.279999
********************************************************************************
Round 200
ROUND_ACCURACY method=FedPhoenixRG round=201 accuracy=70.290001
********************************************************************************
Round 201
ROUND_ACCURACY method=FedPhoenixRG round=202 accuracy=72.489998
********************************************************************************
Round 202
ROUND_ACCURACY method=FedPhoenixRG round=203 accuracy=62.500000
********************************************************************************
Round 203
ROUND_ACCURACY method=FedPhoenixRG round=204 accuracy=73.309998
********************************************************************************
Round 204
ROUND_ACCURACY method=FedPhoenixRG round=205 accuracy=71.529999
********************************************************************************
Round 205
ROUND_ACCURACY method=FedPhoenixRG round=206 accuracy=74.620003
********************************************************************************
Round 206
ROUND_ACCURACY method=FedPhoenixRG round=207 accuracy=75.279999
********************************************************************************
Round 207
ROUND_ACCURACY method=FedPhoenixRG round=208 accuracy=68.910004
********************************************************************************
Round 208
ROUND_ACCURACY method=FedPhoenixRG round=209 accuracy=69.129997
********************************************************************************
Round 209
ROUND_ACCURACY method=FedPhoenixRG round=210 accuracy=73.570000
********************************************************************************
Round 210
ROUND_ACCURACY method=FedPhoenixRG round=211 accuracy=63.400002
********************************************************************************
Round 211
ROUND_ACCURACY method=FedPhoenixRG round=212 accuracy=75.830002
********************************************************************************
Round 212
ROUND_ACCURACY method=FedPhoenixRG round=213 accuracy=73.519997
********************************************************************************
Round 213
ROUND_ACCURACY method=FedPhoenixRG round=214 accuracy=75.000000
********************************************************************************
Round 214
ROUND_ACCURACY method=FedPhoenixRG round=215 accuracy=75.669998
********************************************************************************
Round 215
ROUND_ACCURACY method=FedPhoenixRG round=216 accuracy=72.449997
********************************************************************************
Round 216
ROUND_ACCURACY method=FedPhoenixRG round=217 accuracy=60.790001
********************************************************************************
Round 217
ROUND_ACCURACY method=FedPhoenixRG round=218 accuracy=77.110001
********************************************************************************
Round 218
ROUND_ACCURACY method=FedPhoenixRG round=219 accuracy=72.300003
********************************************************************************
Round 219
RG_SCORE round=220 layer=features.0 mean_q=0.155978 max_q=0.391110 fraction_q_positive=0.875000 sampling_entropy=4.007254 uniform_entropy=4.158883 entropy_gap=0.151629 max_probability_over_uniform=2.130603 min_probability_over_uniform=0.250000
RG_SCORE round=220 layer=features.3 mean_q=0.162678 max_q=0.225174 fraction_q_positive=1.000000 sampling_entropy=4.148915 uniform_entropy=4.158883 entropy_gap=0.009968 max_probability_over_uniform=1.288126 min_probability_over_uniform=0.663665
RG_SCORE round=220 layer=features.7 mean_q=0.167571 max_q=0.241619 fraction_q_positive=1.000000 sampling_entropy=4.846509 uniform_entropy=4.852030 entropy_gap=0.005522 max_probability_over_uniform=1.331420 min_probability_over_uniform=0.727587
RG_SCORE round=220 layer=features.10 mean_q=0.155729 max_q=0.191147 fraction_q_positive=1.000000 sampling_entropy=4.849442 uniform_entropy=4.852030 entropy_gap=0.002588 max_probability_over_uniform=1.170578 min_probability_over_uniform=0.807191
RG_SCORE round=220 layer=features.14 mean_q=0.167312 max_q=0.227342 fraction_q_positive=1.000000 sampling_entropy=5.541676 uniform_entropy=5.545177 entropy_gap=0.003502 max_probability_over_uniform=1.269094 min_probability_over_uniform=0.806037
RG_SCORE round=220 layer=features.17 mean_q=0.158866 max_q=0.216605 fraction_q_positive=1.000000 sampling_entropy=5.542068 uniform_entropy=5.545177 entropy_gap=0.003110 max_probability_over_uniform=1.272586 min_probability_over_uniform=0.818031
RG_SCORE round=220 layer=features.20 mean_q=0.161945 max_q=0.191552 fraction_q_positive=1.000000 sampling_entropy=5.543137 uniform_entropy=5.545177 entropy_gap=0.002040 max_probability_over_uniform=1.137113 min_probability_over_uniform=0.791216
RG_SCORE round=220 layer=features.24 mean_q=0.181150 max_q=0.233238 fraction_q_positive=1.000000 sampling_entropy=6.235269 uniform_entropy=6.238325 entropy_gap=0.003056 max_probability_over_uniform=1.215654 min_probability_over_uniform=0.749125
RG_SCORE round=220 layer=features.27 mean_q=0.173636 max_q=0.234377 fraction_q_positive=1.000000 sampling_entropy=6.234858 uniform_entropy=6.238325 entropy_gap=0.003467 max_probability_over_uniform=1.262362 min_probability_over_uniform=0.612589
RG_SCORE round=220 layer=features.30 mean_q=0.155102 max_q=0.219481 fraction_q_positive=1.000000 sampling_entropy=6.233392 uniform_entropy=6.238325 entropy_gap=0.004933 max_probability_over_uniform=1.311303 min_probability_over_uniform=0.682497
RG_SCORE round=220 layer=features.34 mean_q=0.288552 max_q=0.474785 fraction_q_positive=0.998047 sampling_entropy=6.219684 uniform_entropy=6.238325 entropy_gap=0.018641 max_probability_over_uniform=1.484053 min_probability_over_uniform=0.250000
RG_SCORE round=220 layer=features.37 mean_q=0.257581 max_q=0.535199 fraction_q_positive=0.982422 sampling_entropy=6.197700 uniform_entropy=6.238325 entropy_gap=0.040624 max_probability_over_uniform=1.808342 min_probability_over_uniform=0.250000
RG_SCORE round=220 layer=features.40 mean_q=0.144608 max_q=0.409568 fraction_q_positive=0.917969 sampling_entropy=6.097740 uniform_entropy=6.238325 entropy_gap=0.140584 max_probability_over_uniform=2.374200 min_probability_over_uniform=0.250000
ROUND_ACCURACY method=FedPhoenixRG round=220 accuracy=71.209999
********************************************************************************
Round 220
ROUND_ACCURACY method=FedPhoenixRG round=221 accuracy=73.230003
********************************************************************************
Round 221
ROUND_ACCURACY method=FedPhoenixRG round=222 accuracy=69.470001
********************************************************************************
Round 222
ROUND_ACCURACY method=FedPhoenixRG round=223 accuracy=75.379997
********************************************************************************
Round 223
ROUND_ACCURACY method=FedPhoenixRG round=224 accuracy=76.260002
********************************************************************************
Round 224
ROUND_ACCURACY method=FedPhoenixRG round=225 accuracy=72.919998
********************************************************************************
Round 225
ROUND_ACCURACY method=FedPhoenixRG round=226 accuracy=67.730003
********************************************************************************
Round 226
ROUND_ACCURACY method=FedPhoenixRG round=227 accuracy=75.809998
********************************************************************************
Round 227
ROUND_ACCURACY method=FedPhoenixRG round=228 accuracy=69.300003
********************************************************************************
Round 228
ROUND_ACCURACY method=FedPhoenixRG round=229 accuracy=66.519997
********************************************************************************
Round 229
ROUND_ACCURACY method=FedPhoenixRG round=230 accuracy=77.010002
********************************************************************************
Round 230
ROUND_ACCURACY method=FedPhoenixRG round=231 accuracy=73.480003
********************************************************************************
Round 231
ROUND_ACCURACY method=FedPhoenixRG round=232 accuracy=77.750000
********************************************************************************
Round 232
ROUND_ACCURACY method=FedPhoenixRG round=233 accuracy=73.050003
********************************************************************************
Round 233
ROUND_ACCURACY method=FedPhoenixRG round=234 accuracy=70.860001
********************************************************************************
Round 234
ROUND_ACCURACY method=FedPhoenixRG round=235 accuracy=62.490002
********************************************************************************
Round 235
ROUND_ACCURACY method=FedPhoenixRG round=236 accuracy=76.769997
********************************************************************************
Round 236
ROUND_ACCURACY method=FedPhoenixRG round=237 accuracy=72.339996
********************************************************************************
Round 237
ROUND_ACCURACY method=FedPhoenixRG round=238 accuracy=70.220001
********************************************************************************
Round 238
ROUND_ACCURACY method=FedPhoenixRG round=239 accuracy=75.190002
********************************************************************************
Round 239
RG_SCORE round=240 layer=features.0 mean_q=0.169480 max_q=0.531786 fraction_q_positive=0.953125 sampling_entropy=4.050811 uniform_entropy=4.158883 entropy_gap=0.108072 max_probability_over_uniform=2.603318 min_probability_over_uniform=0.250000
RG_SCORE round=240 layer=features.3 mean_q=0.169677 max_q=0.264104 fraction_q_positive=1.000000 sampling_entropy=4.152407 uniform_entropy=4.158883 entropy_gap=0.006476 max_probability_over_uniform=1.417380 min_probability_over_uniform=0.604623
RG_SCORE round=240 layer=features.7 mean_q=0.174174 max_q=0.233878 fraction_q_positive=1.000000 sampling_entropy=4.848131 uniform_entropy=4.852030 entropy_gap=0.003899 max_probability_over_uniform=1.257089 min_probability_over_uniform=0.774780
RG_SCORE round=240 layer=features.10 mean_q=0.165900 max_q=0.197944 fraction_q_positive=1.000000 sampling_entropy=4.850170 uniform_entropy=4.852030 entropy_gap=0.001861 max_probability_over_uniform=1.144863 min_probability_over_uniform=0.880230
RG_SCORE round=240 layer=features.14 mean_q=0.172703 max_q=0.231369 fraction_q_positive=1.000000 sampling_entropy=5.542650 uniform_entropy=5.545177 entropy_gap=0.002527 max_probability_over_uniform=1.254774 min_probability_over_uniform=0.794165
RG_SCORE round=240 layer=features.17 mean_q=0.165957 max_q=0.213071 fraction_q_positive=1.000000 sampling_entropy=5.542164 uniform_entropy=5.545177 entropy_gap=0.003013 max_probability_over_uniform=1.212916 min_probability_over_uniform=0.793230
RG_SCORE round=240 layer=features.20 mean_q=0.166391 max_q=0.200089 fraction_q_positive=1.000000 sampling_entropy=5.543671 uniform_entropy=5.545177 entropy_gap=0.001506 max_probability_over_uniform=1.151895 min_probability_over_uniform=0.845226
RG_SCORE round=240 layer=features.24 mean_q=0.186766 max_q=0.240850 fraction_q_positive=1.000000 sampling_entropy=6.235949 uniform_entropy=6.238325 entropy_gap=0.002376 max_probability_over_uniform=1.217185 min_probability_over_uniform=0.737096
RG_SCORE round=240 layer=features.27 mean_q=0.178329 max_q=0.237094 fraction_q_positive=1.000000 sampling_entropy=6.235191 uniform_entropy=6.238325 entropy_gap=0.003134 max_probability_over_uniform=1.247150 min_probability_over_uniform=0.787423
RG_SCORE round=240 layer=features.30 mean_q=0.155852 max_q=0.199265 fraction_q_positive=1.000000 sampling_entropy=6.234282 uniform_entropy=6.238325 entropy_gap=0.004043 max_probability_over_uniform=1.208915 min_probability_over_uniform=0.676186
RG_SCORE round=240 layer=features.34 mean_q=0.281982 max_q=0.422387 fraction_q_positive=0.992188 sampling_entropy=6.217455 uniform_entropy=6.238325 entropy_gap=0.020870 max_probability_over_uniform=1.373440 min_probability_over_uniform=0.250000
RG_SCORE round=240 layer=features.37 mean_q=0.248581 max_q=0.471722 fraction_q_positive=0.980469 sampling_entropy=6.184466 uniform_entropy=6.238325 entropy_gap=0.053859 max_probability_over_uniform=1.673247 min_probability_over_uniform=0.250000
RG_SCORE round=240 layer=features.40 mean_q=0.128905 max_q=0.562140 fraction_q_positive=0.865234 sampling_entropy=6.062979 uniform_entropy=6.238325 entropy_gap=0.175345 max_probability_over_uniform=3.520657 min_probability_over_uniform=0.250000
ROUND_ACCURACY method=FedPhoenixRG round=240 accuracy=67.800003
********************************************************************************
Round 240
ROUND_ACCURACY method=FedPhoenixRG round=241 accuracy=74.559998
********************************************************************************
Round 241
ROUND_ACCURACY method=FedPhoenixRG round=242 accuracy=73.000000
********************************************************************************
Round 242
ROUND_ACCURACY method=FedPhoenixRG round=243 accuracy=74.370003
********************************************************************************
Round 243
ROUND_ACCURACY method=FedPhoenixRG round=244 accuracy=73.820000
********************************************************************************
Round 244
ROUND_ACCURACY method=FedPhoenixRG round=245 accuracy=75.570000
********************************************************************************
Round 245
ROUND_ACCURACY method=FedPhoenixRG round=246 accuracy=74.339996
********************************************************************************
Round 246
ROUND_ACCURACY method=FedPhoenixRG round=247 accuracy=54.450001
********************************************************************************
Round 247
ROUND_ACCURACY method=FedPhoenixRG round=248 accuracy=72.790001
********************************************************************************
Round 248
ROUND_ACCURACY method=FedPhoenixRG round=249 accuracy=71.300003
********************************************************************************
Round 249
ROUND_ACCURACY method=FedPhoenixRG round=250 accuracy=72.230003
********************************************************************************
Round 250
ROUND_ACCURACY method=FedPhoenixRG round=251 accuracy=76.680000
********************************************************************************
Round 251
ROUND_ACCURACY method=FedPhoenixRG round=252 accuracy=70.739998
********************************************************************************
Round 252
ROUND_ACCURACY method=FedPhoenixRG round=253 accuracy=68.760002
********************************************************************************
Round 253
ROUND_ACCURACY method=FedPhoenixRG round=254 accuracy=67.160004
********************************************************************************
Round 254
ROUND_ACCURACY method=FedPhoenixRG round=255 accuracy=78.099998
********************************************************************************
Round 255
ROUND_ACCURACY method=FedPhoenixRG round=256 accuracy=69.339996
********************************************************************************
Round 256
ROUND_ACCURACY method=FedPhoenixRG round=257 accuracy=75.760002
********************************************************************************
Round 257
ROUND_ACCURACY method=FedPhoenixRG round=258 accuracy=74.750000
********************************************************************************
Round 258
ROUND_ACCURACY method=FedPhoenixRG round=259 accuracy=74.160004
********************************************************************************
Round 259
RG_SCORE round=260 layer=features.0 mean_q=0.147957 max_q=0.309348 fraction_q_positive=0.906250 sampling_entropy=4.058626 uniform_entropy=4.158883 entropy_gap=0.100257 max_probability_over_uniform=1.818099 min_probability_over_uniform=0.250000
RG_SCORE round=260 layer=features.3 mean_q=0.183084 max_q=0.238050 fraction_q_positive=1.000000 sampling_entropy=4.155252 uniform_entropy=4.158883 entropy_gap=0.003631 max_probability_over_uniform=1.225168 min_probability_over_uniform=0.834906
RG_SCORE round=260 layer=features.7 mean_q=0.191652 max_q=0.257710 fraction_q_positive=1.000000 sampling_entropy=4.849541 uniform_entropy=4.852030 entropy_gap=0.002489 max_probability_over_uniform=1.258508 min_probability_over_uniform=0.823454
RG_SCORE round=260 layer=features.10 mean_q=0.183859 max_q=0.214523 fraction_q_positive=1.000000 sampling_entropy=4.850321 uniform_entropy=4.852030 entropy_gap=0.001709 max_probability_over_uniform=1.125081 min_probability_over_uniform=0.795646
RG_SCORE round=260 layer=features.14 mean_q=0.182714 max_q=0.227906 fraction_q_positive=1.000000 sampling_entropy=5.542914 uniform_entropy=5.545177 entropy_gap=0.002263 max_probability_over_uniform=1.185503 min_probability_over_uniform=0.769666
RG_SCORE round=260 layer=features.17 mean_q=0.174133 max_q=0.217254 fraction_q_positive=1.000000 sampling_entropy=5.542788 uniform_entropy=5.545177 entropy_gap=0.002389 max_probability_over_uniform=1.185724 min_probability_over_uniform=0.786483
RG_SCORE round=260 layer=features.20 mean_q=0.172554 max_q=0.204190 fraction_q_positive=1.000000 sampling_entropy=5.544024 uniform_entropy=5.545177 entropy_gap=0.001154 max_probability_over_uniform=1.137506 min_probability_over_uniform=0.862963
RG_SCORE round=260 layer=features.24 mean_q=0.193471 max_q=0.241595 fraction_q_positive=1.000000 sampling_entropy=6.236327 uniform_entropy=6.238325 entropy_gap=0.001997 max_probability_over_uniform=1.186558 min_probability_over_uniform=0.825045
RG_SCORE round=260 layer=features.27 mean_q=0.189589 max_q=0.255723 fraction_q_positive=1.000000 sampling_entropy=6.236121 uniform_entropy=6.238325 entropy_gap=0.002204 max_probability_over_uniform=1.261620 min_probability_over_uniform=0.803204
RG_SCORE round=260 layer=features.30 mean_q=0.170741 max_q=0.212646 fraction_q_positive=1.000000 sampling_entropy=6.236207 uniform_entropy=6.238325 entropy_gap=0.002118 max_probability_over_uniform=1.184072 min_probability_over_uniform=0.806873
RG_SCORE round=260 layer=features.34 mean_q=0.351463 max_q=0.454758 fraction_q_positive=1.000000 sampling_entropy=6.234871 uniform_entropy=6.238325 entropy_gap=0.003454 max_probability_over_uniform=1.220425 min_probability_over_uniform=0.746168
RG_SCORE round=260 layer=features.37 mean_q=0.403056 max_q=0.533666 fraction_q_positive=1.000000 sampling_entropy=6.234328 uniform_entropy=6.238325 entropy_gap=0.003997 max_probability_over_uniform=1.243037 min_probability_over_uniform=0.628968
RG_SCORE round=260 layer=features.40 mean_q=0.320457 max_q=0.579287 fraction_q_positive=0.996094 sampling_entropy=6.198125 uniform_entropy=6.238325 entropy_gap=0.040199 max_probability_over_uniform=1.605768 min_probability_over_uniform=0.250000
ROUND_ACCURACY method=FedPhoenixRG round=260 accuracy=75.160004
********************************************************************************
Round 260
ROUND_ACCURACY method=FedPhoenixRG round=261 accuracy=76.820000
********************************************************************************
Round 261
ROUND_ACCURACY method=FedPhoenixRG round=262 accuracy=71.500000
********************************************************************************
Round 262
ROUND_ACCURACY method=FedPhoenixRG round=263 accuracy=69.000000
********************************************************************************
Round 263
ROUND_ACCURACY method=FedPhoenixRG round=264 accuracy=71.529999
********************************************************************************
Round 264
ROUND_ACCURACY method=FedPhoenixRG round=265 accuracy=75.300003
********************************************************************************
Round 265
ROUND_ACCURACY method=FedPhoenixRG round=266 accuracy=75.160004
********************************************************************************
Round 266
ROUND_ACCURACY method=FedPhoenixRG round=267 accuracy=74.519997
********************************************************************************
Round 267
ROUND_ACCURACY method=FedPhoenixRG round=268 accuracy=44.369999
********************************************************************************
Round 268
ROUND_ACCURACY method=FedPhoenixRG round=269 accuracy=72.349998
********************************************************************************
Round 269
ROUND_ACCURACY method=FedPhoenixRG round=270 accuracy=66.970001
********************************************************************************
Round 270
ROUND_ACCURACY method=FedPhoenixRG round=271 accuracy=70.230003
********************************************************************************
Round 271
ROUND_ACCURACY method=FedPhoenixRG round=272 accuracy=64.559998
********************************************************************************
Round 272
ROUND_ACCURACY method=FedPhoenixRG round=273 accuracy=65.690002
********************************************************************************
Round 273
ROUND_ACCURACY method=FedPhoenixRG round=274 accuracy=50.740002
********************************************************************************
Round 274
ROUND_ACCURACY method=FedPhoenixRG round=275 accuracy=76.300003
********************************************************************************
Round 275
ROUND_ACCURACY method=FedPhoenixRG round=276 accuracy=67.010002
********************************************************************************
Round 276
ROUND_ACCURACY method=FedPhoenixRG round=277 accuracy=77.339996
********************************************************************************
Round 277
ROUND_ACCURACY method=FedPhoenixRG round=278 accuracy=71.349998
********************************************************************************
Round 278
ROUND_ACCURACY method=FedPhoenixRG round=279 accuracy=77.389999
********************************************************************************
Round 279
RG_SCORE round=280 layer=features.0 mean_q=0.141630 max_q=0.265242 fraction_q_positive=0.968750 sampling_entropy=4.081543 uniform_entropy=4.158883 entropy_gap=0.077340 max_probability_over_uniform=1.654587 min_probability_over_uniform=0.250000
RG_SCORE round=280 layer=features.3 mean_q=0.160503 max_q=0.193599 fraction_q_positive=1.000000 sampling_entropy=4.154887 uniform_entropy=4.158883 entropy_gap=0.003996 max_probability_over_uniform=1.154651 min_probability_over_uniform=0.767310
RG_SCORE round=280 layer=features.7 mean_q=0.172896 max_q=0.217581 fraction_q_positive=1.000000 sampling_entropy=4.849026 uniform_entropy=4.852030 entropy_gap=0.003004 max_probability_over_uniform=1.193834 min_probability_over_uniform=0.844562
RG_SCORE round=280 layer=features.10 mean_q=0.162978 max_q=0.193921 fraction_q_positive=1.000000 sampling_entropy=4.850405 uniform_entropy=4.852030 entropy_gap=0.001626 max_probability_over_uniform=1.142393 min_probability_over_uniform=0.831230
RG_SCORE round=280 layer=features.14 mean_q=0.162224 max_q=0.214622 fraction_q_positive=1.000000 sampling_entropy=5.542728 uniform_entropy=5.545177 entropy_gap=0.002450 max_probability_over_uniform=1.242248 min_probability_over_uniform=0.855971
RG_SCORE round=280 layer=features.17 mean_q=0.153676 max_q=0.203472 fraction_q_positive=1.000000 sampling_entropy=5.542213 uniform_entropy=5.545177 entropy_gap=0.002964 max_probability_over_uniform=1.243027 min_probability_over_uniform=0.812362
RG_SCORE round=280 layer=features.20 mean_q=0.152403 max_q=0.184102 fraction_q_positive=1.000000 sampling_entropy=5.543394 uniform_entropy=5.545177 entropy_gap=0.001783 max_probability_over_uniform=1.155996 min_probability_over_uniform=0.782137
RG_SCORE round=280 layer=features.24 mean_q=0.166326 max_q=0.226510 fraction_q_positive=1.000000 sampling_entropy=6.234677 uniform_entropy=6.238325 entropy_gap=0.003648 max_probability_over_uniform=1.271386 min_probability_over_uniform=0.702803
RG_SCORE round=280 layer=features.27 mean_q=0.158618 max_q=0.217019 fraction_q_positive=1.000000 sampling_entropy=6.233728 uniform_entropy=6.238325 entropy_gap=0.004596 max_probability_over_uniform=1.276141 min_probability_over_uniform=0.694374
RG_SCORE round=280 layer=features.30 mean_q=0.136989 max_q=0.187021 fraction_q_positive=1.000000 sampling_entropy=6.232935 uniform_entropy=6.238325 entropy_gap=0.005389 max_probability_over_uniform=1.273923 min_probability_over_uniform=0.635131
RG_SCORE round=280 layer=features.34 mean_q=0.244471 max_q=0.389091 fraction_q_positive=1.000000 sampling_entropy=6.218525 uniform_entropy=6.238325 entropy_gap=0.019799 max_probability_over_uniform=1.443673 min_probability_over_uniform=0.257590
RG_SCORE round=280 layer=features.37 mean_q=0.218780 max_q=0.398442 fraction_q_positive=1.000000 sampling_entropy=6.211874 uniform_entropy=6.238325 entropy_gap=0.026451 max_probability_over_uniform=1.615899 min_probability_over_uniform=0.253986
RG_SCORE round=280 layer=features.40 mean_q=0.111858 max_q=0.321014 fraction_q_positive=0.982422 sampling_entropy=6.147419 uniform_entropy=6.238325 entropy_gap=0.090905 max_probability_over_uniform=2.402369 min_probability_over_uniform=0.250000
ROUND_ACCURACY method=FedPhoenixRG round=280 accuracy=75.660004
********************************************************************************
Round 280
ROUND_ACCURACY method=FedPhoenixRG round=281 accuracy=58.070000
********************************************************************************
Round 281
ROUND_ACCURACY method=FedPhoenixRG round=282 accuracy=64.419998
********************************************************************************
Round 282
ROUND_ACCURACY method=FedPhoenixRG round=283 accuracy=74.059998
********************************************************************************
Round 283
ROUND_ACCURACY method=FedPhoenixRG round=284 accuracy=75.790001
********************************************************************************
Round 284
ROUND_ACCURACY method=FedPhoenixRG round=285 accuracy=71.120003
********************************************************************************
Round 285
ROUND_ACCURACY method=FedPhoenixRG round=286 accuracy=71.169998
********************************************************************************
Round 286
ROUND_ACCURACY method=FedPhoenixRG round=287 accuracy=74.790001
********************************************************************************
Round 287
ROUND_ACCURACY method=FedPhoenixRG round=288 accuracy=72.040001
********************************************************************************
Round 288
ROUND_ACCURACY method=FedPhoenixRG round=289 accuracy=75.279999
********************************************************************************
Round 289
ROUND_ACCURACY method=FedPhoenixRG round=290 accuracy=78.680000
********************************************************************************
Round 290
ROUND_ACCURACY method=FedPhoenixRG round=291 accuracy=74.599998
********************************************************************************
Round 291
ROUND_ACCURACY method=FedPhoenixRG round=292 accuracy=69.180000
********************************************************************************
Round 292
ROUND_ACCURACY method=FedPhoenixRG round=293 accuracy=74.160004
********************************************************************************
Round 293
ROUND_ACCURACY method=FedPhoenixRG round=294 accuracy=72.169998
********************************************************************************
Round 294
ROUND_ACCURACY method=FedPhoenixRG round=295 accuracy=69.910004
********************************************************************************
Round 295
ROUND_ACCURACY method=FedPhoenixRG round=296 accuracy=74.099998
********************************************************************************
Round 296
ROUND_ACCURACY method=FedPhoenixRG round=297 accuracy=76.040001
********************************************************************************
Round 297
ROUND_ACCURACY method=FedPhoenixRG round=298 accuracy=68.709999
********************************************************************************
Round 298
ROUND_ACCURACY method=FedPhoenixRG round=299 accuracy=72.029999
********************************************************************************
Round 299
RG_SCORE round=300 layer=features.0 mean_q=0.133671 max_q=0.324348 fraction_q_positive=0.937500 sampling_entropy=4.078341 uniform_entropy=4.158883 entropy_gap=0.080542 max_probability_over_uniform=2.069848 min_probability_over_uniform=0.250000
RG_SCORE round=300 layer=features.3 mean_q=0.149333 max_q=0.194098 fraction_q_positive=1.000000 sampling_entropy=4.154829 uniform_entropy=4.158883 entropy_gap=0.004054 max_probability_over_uniform=1.224823 min_probability_over_uniform=0.762240
RG_SCORE round=300 layer=features.7 mean_q=0.146363 max_q=0.200273 fraction_q_positive=1.000000 sampling_entropy=4.847348 uniform_entropy=4.852030 entropy_gap=0.004682 max_probability_over_uniform=1.276249 min_probability_over_uniform=0.756462
RG_SCORE round=300 layer=features.10 mean_q=0.149642 max_q=0.190059 fraction_q_positive=1.000000 sampling_entropy=4.849567 uniform_entropy=4.852030 entropy_gap=0.002463 max_probability_over_uniform=1.202570 min_probability_over_uniform=0.809152
RG_SCORE round=300 layer=features.14 mean_q=0.148315 max_q=0.217733 fraction_q_positive=1.000000 sampling_entropy=5.541765 uniform_entropy=5.545177 entropy_gap=0.003412 max_probability_over_uniform=1.351031 min_probability_over_uniform=0.783965
RG_SCORE round=300 layer=features.17 mean_q=0.143581 max_q=0.190840 fraction_q_positive=1.000000 sampling_entropy=5.541706 uniform_entropy=5.545177 entropy_gap=0.003472 max_probability_over_uniform=1.246858 min_probability_over_uniform=0.809635
RG_SCORE round=300 layer=features.20 mean_q=0.142631 max_q=0.177783 fraction_q_positive=1.000000 sampling_entropy=5.542828 uniform_entropy=5.545177 entropy_gap=0.002349 max_probability_over_uniform=1.184840 min_probability_over_uniform=0.828680
RG_SCORE round=300 layer=features.24 mean_q=0.162483 max_q=0.213212 fraction_q_positive=1.000000 sampling_entropy=6.235076 uniform_entropy=6.238325 entropy_gap=0.003249 max_probability_over_uniform=1.234162 min_probability_over_uniform=0.800131
RG_SCORE round=300 layer=features.27 mean_q=0.159223 max_q=0.230111 fraction_q_positive=1.000000 sampling_entropy=6.233879 uniform_entropy=6.238325 entropy_gap=0.004446 max_probability_over_uniform=1.333907 min_probability_over_uniform=0.642765
RG_SCORE round=300 layer=features.30 mean_q=0.137860 max_q=0.189313 fraction_q_positive=1.000000 sampling_entropy=6.232985 uniform_entropy=6.238325 entropy_gap=0.005340 max_probability_over_uniform=1.279921 min_probability_over_uniform=0.617767
RG_SCORE round=300 layer=features.34 mean_q=0.240724 max_q=0.414095 fraction_q_positive=0.996094 sampling_entropy=6.210879 uniform_entropy=6.238325 entropy_gap=0.027445 max_probability_over_uniform=1.540155 min_probability_over_uniform=0.250000
RG_SCORE round=300 layer=features.37 mean_q=0.206375 max_q=0.413394 fraction_q_positive=1.000000 sampling_entropy=6.196344 uniform_entropy=6.238325 entropy_gap=0.041980 max_probability_over_uniform=1.752337 min_probability_over_uniform=0.284421
RG_SCORE round=300 layer=features.40 mean_q=0.126989 max_q=0.357845 fraction_q_positive=0.966797 sampling_entropy=6.133416 uniform_entropy=6.238325 entropy_gap=0.104908 max_probability_over_uniform=2.363444 min_probability_over_uniform=0.250000
ROUND_ACCURACY method=FedPhoenixRG round=300 accuracy=74.410004
PEAK_ACCURACY method=FedPhoenixRG round=290 accuracy=78.680000
Unified training metrics saved to C:\Users\admin\Desktop\need_do\new_paper_four\FedPhoenix-finish\results\training_metrics\cifar10_vgg_FedPhoenixRG_seed1_paired300_rg_mix075.csv
