Client partition: 100 clients, min=30, max=1447, mean=500.00, std=220.72
Evaluation protocol: full server test set evaluated every round (10000 samples).
VGG16(
  (features): Sequential(
    (0): Conv2d(3, 64, kernel_size=(3, 3), stride=(1, 1), padding=(1, 1))
    (1): BatchNorm2d(64, eps=1e-05, momentum=0.1, affine=True, track_running_stats=True)
    (2): ReLU(inplace=True)
    (3): Conv2d(64, 64, kernel_size=(3, 3), stride=(1, 1), padding=(1, 1))
    (4): BatchNorm2d(64, eps=1e-05, momentum=0.1, affine=True, track_running_stats=True)
    (5): ReLU(inplace=True)
    (6): MaxPool2d(kernel_size=2, stride=2, padding=0, dilation=1, ceil_mode=False)
    (7): Conv2d(64, 128, kernel_size=(3, 3), stride=(1, 1), padding=(1, 1))
    (8): BatchNorm2d(128, eps=1e-05, momentum=0.1, affine=True, track_running_stats=True)
    (9): ReLU(inplace=True)
    (10): Conv2d(128, 128, kernel_size=(3, 3), stride=(1, 1), padding=(1, 1))
    (11): BatchNorm2d(128, eps=1e-05, momentum=0.1, affine=True, track_running_stats=True)
    (12): ReLU(inplace=True)
    (13): MaxPool2d(kernel_size=2, stride=2, padding=0, dilation=1, ceil_mode=False)
    (14): Conv2d(128, 256, kernel_size=(3, 3), stride=(1, 1), padding=(1, 1))
    (15): BatchNorm2d(256, eps=1e-05, momentum=0.1, affine=True, track_running_stats=True)
    (16): ReLU(inplace=True)
    (17): Conv2d(256, 256, kernel_size=(3, 3), stride=(1, 1), padding=(1, 1))
    (18): BatchNorm2d(256, eps=1e-05, momentum=0.1, affine=True, track_running_stats=True)
    (19): ReLU(inplace=True)
    (20): Conv2d(256, 256, kernel_size=(3, 3), stride=(1, 1), padding=(1, 1))
    (21): BatchNorm2d(256, eps=1e-05, momentum=0.1, affine=True, track_running_stats=True)
    (22): ReLU(inplace=True)
    (23): MaxPool2d(kernel_size=2, stride=2, padding=0, dilation=1, ceil_mode=False)
    (24): Conv2d(256, 512, kernel_size=(3, 3), stride=(1, 1), padding=(1, 1))
    (25): BatchNorm2d(512, eps=1e-05, momentum=0.1, affine=True, track_running_stats=True)
    (26): ReLU(inplace=True)
    (27): Conv2d(512, 512, kernel_size=(3, 3), stride=(1, 1), padding=(1, 1))
    (28): BatchNorm2d(512, eps=1e-05, momentum=0.1, affine=True, track_running_stats=True)
    (29): ReLU(inplace=True)
    (30): Conv2d(512, 512, kernel_size=(3, 3), stride=(1, 1), padding=(1, 1))
    (31): BatchNorm2d(512, eps=1e-05, momentum=0.1, affine=True, track_running_stats=True)
    (32): ReLU(inplace=True)
    (33): MaxPool2d(kernel_size=2, stride=2, padding=0, dilation=1, ceil_mode=False)
    (34): Conv2d(512, 512, kernel_size=(3, 3), stride=(1, 1), padding=(1, 1))
    (35): BatchNorm2d(512, eps=1e-05, momentum=0.1, affine=True, track_running_stats=True)
    (36): ReLU(inplace=True)
    (37): Conv2d(512, 512, kernel_size=(3, 3), stride=(1, 1), padding=(1, 1))
    (38): BatchNorm2d(512, eps=1e-05, momentum=0.1, affine=True, track_running_stats=True)
    (39): ReLU(inplace=True)
    (40): Conv2d(512, 512, kernel_size=(3, 3), stride=(1, 1), padding=(1, 1))
    (41): BatchNorm2d(512, eps=1e-05, momentum=0.1, affine=True, track_running_stats=True)
    (42): ReLU(inplace=True)
    (43): MaxPool2d(kernel_size=2, stride=2, padding=0, dilation=1, ceil_mode=False)
    (44): AdaptiveAvgPool2d(output_size=(1, 1))
  )
  (classifier): Sequential(
    (0): Linear(in_features=512, out_features=4096, bias=True)
    (1): ReLU(inplace=True)
    (2): Dropout(p=0.5, inplace=False)
    (3): Linear(in_features=4096, out_features=4096, bias=True)
    (4): ReLU(inplace=True)
    (5): Dropout(p=0.5, inplace=False)
  )
  (fc): Linear(in_features=4096, out_features=10, bias=True)
)
********************************************************************************
Round   0
ROUND_ACCURACY method=FedPhoenix round=1 accuracy=10.000000
********************************************************************************
Round   1
ROUND_ACCURACY method=FedPhoenix round=2 accuracy=13.230000
********************************************************************************
Round   2
ROUND_ACCURACY method=FedPhoenix round=3 accuracy=12.230000
********************************************************************************
Round   3
ROUND_ACCURACY method=FedPhoenix round=4 accuracy=16.290001
********************************************************************************
Round   4
ROUND_ACCURACY method=FedPhoenix round=5 accuracy=32.419998
********************************************************************************
Round   5
ROUND_ACCURACY method=FedPhoenix round=6 accuracy=17.620001
********************************************************************************
Round   6
ROUND_ACCURACY method=FedPhoenix round=7 accuracy=24.139999
********************************************************************************
Round   7
ROUND_ACCURACY method=FedPhoenix round=8 accuracy=23.680000
********************************************************************************
Round   8
ROUND_ACCURACY method=FedPhoenix round=9 accuracy=30.129999
********************************************************************************
Round   9
ROUND_ACCURACY method=FedPhoenix round=10 accuracy=29.730000
********************************************************************************
Round  10
ROUND_ACCURACY method=FedPhoenix round=11 accuracy=38.230000
********************************************************************************
Round  11
ROUND_ACCURACY method=FedPhoenix round=12 accuracy=36.910000
********************************************************************************
Round  12
ROUND_ACCURACY method=FedPhoenix round=13 accuracy=38.220001
********************************************************************************
Round  13
ROUND_ACCURACY method=FedPhoenix round=14 accuracy=46.650002
********************************************************************************
Round  14
ROUND_ACCURACY method=FedPhoenix round=15 accuracy=45.459999
********************************************************************************
Round  15
ROUND_ACCURACY method=FedPhoenix round=16 accuracy=46.720001
********************************************************************************
Round  16
ROUND_ACCURACY method=FedPhoenix round=17 accuracy=45.529999
********************************************************************************
Round  17
ROUND_ACCURACY method=FedPhoenix round=18 accuracy=35.709999
********************************************************************************
Round  18
ROUND_ACCURACY method=FedPhoenix round=19 accuracy=44.220001
********************************************************************************
Round  19
ROUND_ACCURACY method=FedPhoenix round=20 accuracy=45.060001
********************************************************************************
Round  20
ROUND_ACCURACY method=FedPhoenix round=21 accuracy=52.320000
********************************************************************************
Round  21
ROUND_ACCURACY method=FedPhoenix round=22 accuracy=56.310001
********************************************************************************
Round  22
ROUND_ACCURACY method=FedPhoenix round=23 accuracy=49.590000
********************************************************************************
Round  23
ROUND_ACCURACY method=FedPhoenix round=24 accuracy=51.360001
********************************************************************************
Round  24
ROUND_ACCURACY method=FedPhoenix round=25 accuracy=55.150002
********************************************************************************
Round  25
ROUND_ACCURACY method=FedPhoenix round=26 accuracy=51.049999
********************************************************************************
Round  26
ROUND_ACCURACY method=FedPhoenix round=27 accuracy=51.610001
********************************************************************************
Round  27
ROUND_ACCURACY method=FedPhoenix round=28 accuracy=51.500000
********************************************************************************
Round  28
ROUND_ACCURACY method=FedPhoenix round=29 accuracy=47.160000
********************************************************************************
Round  29
ROUND_ACCURACY method=FedPhoenix round=30 accuracy=56.860001
********************************************************************************
Round  30
ROUND_ACCURACY method=FedPhoenix round=31 accuracy=57.200001
********************************************************************************
Round  31
ROUND_ACCURACY method=FedPhoenix round=32 accuracy=57.790001
********************************************************************************
Round  32
ROUND_ACCURACY method=FedPhoenix round=33 accuracy=56.360001
********************************************************************************
Round  33
ROUND_ACCURACY method=FedPhoenix round=34 accuracy=66.230003
********************************************************************************
Round  34
ROUND_ACCURACY method=FedPhoenix round=35 accuracy=55.490002
********************************************************************************
Round  35
ROUND_ACCURACY method=FedPhoenix round=36 accuracy=53.540001
********************************************************************************
Round  36
ROUND_ACCURACY method=FedPhoenix round=37 accuracy=61.360001
********************************************************************************
Round  37
ROUND_ACCURACY method=FedPhoenix round=38 accuracy=57.980000
********************************************************************************
Round  38
ROUND_ACCURACY method=FedPhoenix round=39 accuracy=59.820000
********************************************************************************
Round  39
ROUND_ACCURACY method=FedPhoenix round=40 accuracy=65.279999
********************************************************************************
Round  40
ROUND_ACCURACY method=FedPhoenix round=41 accuracy=67.669998
********************************************************************************
Round  41
ROUND_ACCURACY method=FedPhoenix round=42 accuracy=57.770000
********************************************************************************
Round  42
ROUND_ACCURACY method=FedPhoenix round=43 accuracy=62.060001
********************************************************************************
Round  43
ROUND_ACCURACY method=FedPhoenix round=44 accuracy=63.189999
********************************************************************************
Round  44
ROUND_ACCURACY method=FedPhoenix round=45 accuracy=55.090000
********************************************************************************
Round  45
ROUND_ACCURACY method=FedPhoenix round=46 accuracy=66.110001
********************************************************************************
Round  46
ROUND_ACCURACY method=FedPhoenix round=47 accuracy=61.189999
********************************************************************************
Round  47
ROUND_ACCURACY method=FedPhoenix round=48 accuracy=61.599998
********************************************************************************
Round  48
ROUND_ACCURACY method=FedPhoenix round=49 accuracy=59.509998
********************************************************************************
Round  49
ROUND_ACCURACY method=FedPhoenix round=50 accuracy=62.389999
********************************************************************************
Round  50
ROUND_ACCURACY method=FedPhoenix round=51 accuracy=56.099998
********************************************************************************
Round  51
ROUND_ACCURACY method=FedPhoenix round=52 accuracy=66.949997
********************************************************************************
Round  52
ROUND_ACCURACY method=FedPhoenix round=53 accuracy=60.730000
********************************************************************************
Round  53
ROUND_ACCURACY method=FedPhoenix round=54 accuracy=51.730000
********************************************************************************
Round  54
ROUND_ACCURACY method=FedPhoenix round=55 accuracy=67.120003
********************************************************************************
Round  55
ROUND_ACCURACY method=FedPhoenix round=56 accuracy=65.160004
********************************************************************************
Round  56
ROUND_ACCURACY method=FedPhoenix round=57 accuracy=56.980000
********************************************************************************
Round  57
ROUND_ACCURACY method=FedPhoenix round=58 accuracy=53.369999
********************************************************************************
Round  58
ROUND_ACCURACY method=FedPhoenix round=59 accuracy=61.200001
********************************************************************************
Round  59
ROUND_ACCURACY method=FedPhoenix round=60 accuracy=64.739998
********************************************************************************
Round  60
ROUND_ACCURACY method=FedPhoenix round=61 accuracy=66.750000
********************************************************************************
Round  61
ROUND_ACCURACY method=FedPhoenix round=62 accuracy=63.790001
********************************************************************************
Round  62
ROUND_ACCURACY method=FedPhoenix round=63 accuracy=64.230003
********************************************************************************
Round  63
ROUND_ACCURACY method=FedPhoenix round=64 accuracy=64.529999
********************************************************************************
Round  64
ROUND_ACCURACY method=FedPhoenix round=65 accuracy=65.809998
********************************************************************************
Round  65
ROUND_ACCURACY method=FedPhoenix round=66 accuracy=64.669998
********************************************************************************
Round  66
ROUND_ACCURACY method=FedPhoenix round=67 accuracy=63.160000
********************************************************************************
Round  67
ROUND_ACCURACY method=FedPhoenix round=68 accuracy=57.500000
********************************************************************************
Round  68
ROUND_ACCURACY method=FedPhoenix round=69 accuracy=69.989998
********************************************************************************
Round  69
ROUND_ACCURACY method=FedPhoenix round=70 accuracy=59.650002
********************************************************************************
Round  70
ROUND_ACCURACY method=FedPhoenix round=71 accuracy=58.919998
********************************************************************************
Round  71
ROUND_ACCURACY method=FedPhoenix round=72 accuracy=62.560001
********************************************************************************
Round  72
ROUND_ACCURACY method=FedPhoenix round=73 accuracy=69.180000
********************************************************************************
Round  73
ROUND_ACCURACY method=FedPhoenix round=74 accuracy=67.220001
********************************************************************************
Round  74
ROUND_ACCURACY method=FedPhoenix round=75 accuracy=71.709999
********************************************************************************
Round  75
ROUND_ACCURACY method=FedPhoenix round=76 accuracy=66.949997
********************************************************************************
Round  76
ROUND_ACCURACY method=FedPhoenix round=77 accuracy=65.300003
********************************************************************************
Round  77
ROUND_ACCURACY method=FedPhoenix round=78 accuracy=64.620003
********************************************************************************
Round  78
ROUND_ACCURACY method=FedPhoenix round=79 accuracy=69.209999
********************************************************************************
Round  79
ROUND_ACCURACY method=FedPhoenix round=80 accuracy=66.680000
********************************************************************************
Round  80
ROUND_ACCURACY method=FedPhoenix round=81 accuracy=65.199997
********************************************************************************
Round  81
ROUND_ACCURACY method=FedPhoenix round=82 accuracy=66.309998
********************************************************************************
Round  82
ROUND_ACCURACY method=FedPhoenix round=83 accuracy=69.410004
********************************************************************************
Round  83
ROUND_ACCURACY method=FedPhoenix round=84 accuracy=65.279999
********************************************************************************
Round  84
ROUND_ACCURACY method=FedPhoenix round=85 accuracy=68.440002
********************************************************************************
Round  85
ROUND_ACCURACY method=FedPhoenix round=86 accuracy=67.239998
********************************************************************************
Round  86
ROUND_ACCURACY method=FedPhoenix round=87 accuracy=70.099998
********************************************************************************
Round  87
ROUND_ACCURACY method=FedPhoenix round=88 accuracy=69.849998
********************************************************************************
Round  88
ROUND_ACCURACY method=FedPhoenix round=89 accuracy=70.080002
********************************************************************************
Round  89
ROUND_ACCURACY method=FedPhoenix round=90 accuracy=68.870003
********************************************************************************
Round  90
ROUND_ACCURACY method=FedPhoenix round=91 accuracy=64.230003
********************************************************************************
Round  91
ROUND_ACCURACY method=FedPhoenix round=92 accuracy=66.589996
********************************************************************************
Round  92
ROUND_ACCURACY method=FedPhoenix round=93 accuracy=67.050003
********************************************************************************
Round  93
ROUND_ACCURACY method=FedPhoenix round=94 accuracy=68.360001
********************************************************************************
Round  94
ROUND_ACCURACY method=FedPhoenix round=95 accuracy=69.050003
********************************************************************************
Round  95
ROUND_ACCURACY method=FedPhoenix round=96 accuracy=67.610001
********************************************************************************
Round  96
ROUND_ACCURACY method=FedPhoenix round=97 accuracy=66.910004
********************************************************************************
Round  97
ROUND_ACCURACY method=FedPhoenix round=98 accuracy=65.580002
********************************************************************************
Round  98
ROUND_ACCURACY method=FedPhoenix round=99 accuracy=62.150002
********************************************************************************
Round  99
ROUND_ACCURACY method=FedPhoenix round=100 accuracy=64.019997
********************************************************************************
Round 100
ROUND_ACCURACY method=FedPhoenix round=101 accuracy=68.480003
********************************************************************************
Round 101
ROUND_ACCURACY method=FedPhoenix round=102 accuracy=73.330002
********************************************************************************
Round 102
ROUND_ACCURACY method=FedPhoenix round=103 accuracy=72.459999
********************************************************************************
Round 103
ROUND_ACCURACY method=FedPhoenix round=104 accuracy=72.489998
********************************************************************************
Round 104
ROUND_ACCURACY method=FedPhoenix round=105 accuracy=70.959999
********************************************************************************
Round 105
ROUND_ACCURACY method=FedPhoenix round=106 accuracy=69.550003
********************************************************************************
Round 106
ROUND_ACCURACY method=FedPhoenix round=107 accuracy=45.160000
********************************************************************************
Round 107
ROUND_ACCURACY method=FedPhoenix round=108 accuracy=69.480003
********************************************************************************
Round 108
ROUND_ACCURACY method=FedPhoenix round=109 accuracy=72.970001
********************************************************************************
Round 109
ROUND_ACCURACY method=FedPhoenix round=110 accuracy=71.650002
********************************************************************************
Round 110
ROUND_ACCURACY method=FedPhoenix round=111 accuracy=72.830002
********************************************************************************
Round 111
ROUND_ACCURACY method=FedPhoenix round=112 accuracy=72.610001
********************************************************************************
Round 112
ROUND_ACCURACY method=FedPhoenix round=113 accuracy=67.660004
********************************************************************************
Round 113
ROUND_ACCURACY method=FedPhoenix round=114 accuracy=67.500000
********************************************************************************
Round 114
ROUND_ACCURACY method=FedPhoenix round=115 accuracy=64.070000
********************************************************************************
Round 115
ROUND_ACCURACY method=FedPhoenix round=116 accuracy=69.849998
********************************************************************************
Round 116
ROUND_ACCURACY method=FedPhoenix round=117 accuracy=66.849998
********************************************************************************
Round 117
ROUND_ACCURACY method=FedPhoenix round=118 accuracy=71.139999
********************************************************************************
Round 118
ROUND_ACCURACY method=FedPhoenix round=119 accuracy=71.230003
********************************************************************************
Round 119
ROUND_ACCURACY method=FedPhoenix round=120 accuracy=66.449997
********************************************************************************
Round 120
ROUND_ACCURACY method=FedPhoenix round=121 accuracy=72.169998
********************************************************************************
Round 121
ROUND_ACCURACY method=FedPhoenix round=122 accuracy=68.860001
********************************************************************************
Round 122
ROUND_ACCURACY method=FedPhoenix round=123 accuracy=70.010002
********************************************************************************
Round 123
ROUND_ACCURACY method=FedPhoenix round=124 accuracy=65.730003
********************************************************************************
Round 124
ROUND_ACCURACY method=FedPhoenix round=125 accuracy=66.080002
********************************************************************************
Round 125
ROUND_ACCURACY method=FedPhoenix round=126 accuracy=61.970001
********************************************************************************
Round 126
ROUND_ACCURACY method=FedPhoenix round=127 accuracy=71.279999
********************************************************************************
Round 127
ROUND_ACCURACY method=FedPhoenix round=128 accuracy=67.519997
********************************************************************************
Round 128
ROUND_ACCURACY method=FedPhoenix round=129 accuracy=74.449997
********************************************************************************
Round 129
ROUND_ACCURACY method=FedPhoenix round=130 accuracy=65.519997
********************************************************************************
Round 130
ROUND_ACCURACY method=FedPhoenix round=131 accuracy=66.220001
********************************************************************************
Round 131
ROUND_ACCURACY method=FedPhoenix round=132 accuracy=74.769997
********************************************************************************
Round 132
ROUND_ACCURACY method=FedPhoenix round=133 accuracy=66.599998
********************************************************************************
Round 133
ROUND_ACCURACY method=FedPhoenix round=134 accuracy=72.900002
********************************************************************************
Round 134
ROUND_ACCURACY method=FedPhoenix round=135 accuracy=66.580002
********************************************************************************
Round 135
ROUND_ACCURACY method=FedPhoenix round=136 accuracy=68.699997
********************************************************************************
Round 136
ROUND_ACCURACY method=FedPhoenix round=137 accuracy=71.139999
********************************************************************************
Round 137
ROUND_ACCURACY method=FedPhoenix round=138 accuracy=74.339996
********************************************************************************
Round 138
ROUND_ACCURACY method=FedPhoenix round=139 accuracy=72.209999
********************************************************************************
Round 139
ROUND_ACCURACY method=FedPhoenix round=140 accuracy=73.440002
********************************************************************************
Round 140
ROUND_ACCURACY method=FedPhoenix round=141 accuracy=75.589996
********************************************************************************
Round 141
ROUND_ACCURACY method=FedPhoenix round=142 accuracy=67.889999
********************************************************************************
Round 142
ROUND_ACCURACY method=FedPhoenix round=143 accuracy=64.809998
********************************************************************************
Round 143
ROUND_ACCURACY method=FedPhoenix round=144 accuracy=74.970001
********************************************************************************
Round 144
ROUND_ACCURACY method=FedPhoenix round=145 accuracy=68.269997
********************************************************************************
Round 145
ROUND_ACCURACY method=FedPhoenix round=146 accuracy=66.849998
********************************************************************************
Round 146
ROUND_ACCURACY method=FedPhoenix round=147 accuracy=70.139999
********************************************************************************
Round 147
ROUND_ACCURACY method=FedPhoenix round=148 accuracy=69.589996
********************************************************************************
Round 148
ROUND_ACCURACY method=FedPhoenix round=149 accuracy=68.260002
********************************************************************************
Round 149
ROUND_ACCURACY method=FedPhoenix round=150 accuracy=74.449997
********************************************************************************
Round 150
ROUND_ACCURACY method=FedPhoenix round=151 accuracy=61.810001
********************************************************************************
Round 151
ROUND_ACCURACY method=FedPhoenix round=152 accuracy=68.309998
********************************************************************************
Round 152
ROUND_ACCURACY method=FedPhoenix round=153 accuracy=74.849998
********************************************************************************
Round 153
ROUND_ACCURACY method=FedPhoenix round=154 accuracy=72.760002
********************************************************************************
Round 154
ROUND_ACCURACY method=FedPhoenix round=155 accuracy=69.820000
********************************************************************************
Round 155
ROUND_ACCURACY method=FedPhoenix round=156 accuracy=72.470001
********************************************************************************
Round 156
ROUND_ACCURACY method=FedPhoenix round=157 accuracy=67.900002
********************************************************************************
Round 157
ROUND_ACCURACY method=FedPhoenix round=158 accuracy=69.019997
********************************************************************************
Round 158
ROUND_ACCURACY method=FedPhoenix round=159 accuracy=71.059998
********************************************************************************
Round 159
ROUND_ACCURACY method=FedPhoenix round=160 accuracy=66.010002
********************************************************************************
Round 160
ROUND_ACCURACY method=FedPhoenix round=161 accuracy=74.970001
********************************************************************************
Round 161
ROUND_ACCURACY method=FedPhoenix round=162 accuracy=71.239998
********************************************************************************
Round 162
ROUND_ACCURACY method=FedPhoenix round=163 accuracy=70.750000
********************************************************************************
Round 163
ROUND_ACCURACY method=FedPhoenix round=164 accuracy=67.790001
********************************************************************************
Round 164
ROUND_ACCURACY method=FedPhoenix round=165 accuracy=74.430000
********************************************************************************
Round 165
ROUND_ACCURACY method=FedPhoenix round=166 accuracy=72.919998
********************************************************************************
Round 166
ROUND_ACCURACY method=FedPhoenix round=167 accuracy=71.610001
********************************************************************************
Round 167
ROUND_ACCURACY method=FedPhoenix round=168 accuracy=70.660004
********************************************************************************
Round 168
ROUND_ACCURACY method=FedPhoenix round=169 accuracy=71.099998
********************************************************************************
Round 169
ROUND_ACCURACY method=FedPhoenix round=170 accuracy=69.959999
********************************************************************************
Round 170
ROUND_ACCURACY method=FedPhoenix round=171 accuracy=67.620003
********************************************************************************
Round 171
ROUND_ACCURACY method=FedPhoenix round=172 accuracy=68.180000
********************************************************************************
Round 172
ROUND_ACCURACY method=FedPhoenix round=173 accuracy=69.169998
********************************************************************************
Round 173
ROUND_ACCURACY method=FedPhoenix round=174 accuracy=68.739998
********************************************************************************
Round 174
ROUND_ACCURACY method=FedPhoenix round=175 accuracy=72.940002
********************************************************************************
Round 175
ROUND_ACCURACY method=FedPhoenix round=176 accuracy=75.599998
********************************************************************************
Round 176
ROUND_ACCURACY method=FedPhoenix round=177 accuracy=71.870003
********************************************************************************
Round 177
ROUND_ACCURACY method=FedPhoenix round=178 accuracy=67.000000
********************************************************************************
Round 178
ROUND_ACCURACY method=FedPhoenix round=179 accuracy=75.709999
********************************************************************************
Round 179
ROUND_ACCURACY method=FedPhoenix round=180 accuracy=71.699997
********************************************************************************
Round 180
ROUND_ACCURACY method=FedPhoenix round=181 accuracy=74.239998
********************************************************************************
Round 181
ROUND_ACCURACY method=FedPhoenix round=182 accuracy=68.199997
********************************************************************************
Round 182
ROUND_ACCURACY method=FedPhoenix round=183 accuracy=76.599998
********************************************************************************
Round 183
ROUND_ACCURACY method=FedPhoenix round=184 accuracy=73.599998
********************************************************************************
Round 184
ROUND_ACCURACY method=FedPhoenix round=185 accuracy=74.029999
********************************************************************************
Round 185
ROUND_ACCURACY method=FedPhoenix round=186 accuracy=73.610001
********************************************************************************
Round 186
ROUND_ACCURACY method=FedPhoenix round=187 accuracy=69.750000
********************************************************************************
Round 187
ROUND_ACCURACY method=FedPhoenix round=188 accuracy=73.580002
********************************************************************************
Round 188
ROUND_ACCURACY method=FedPhoenix round=189 accuracy=66.750000
********************************************************************************
Round 189
ROUND_ACCURACY method=FedPhoenix round=190 accuracy=69.470001
********************************************************************************
Round 190
ROUND_ACCURACY method=FedPhoenix round=191 accuracy=64.769997
********************************************************************************
Round 191
ROUND_ACCURACY method=FedPhoenix round=192 accuracy=72.570000
********************************************************************************
Round 192
ROUND_ACCURACY method=FedPhoenix round=193 accuracy=73.889999
********************************************************************************
Round 193
ROUND_ACCURACY method=FedPhoenix round=194 accuracy=71.910004
********************************************************************************
Round 194
ROUND_ACCURACY method=FedPhoenix round=195 accuracy=73.050003
********************************************************************************
Round 195
ROUND_ACCURACY method=FedPhoenix round=196 accuracy=77.169998
********************************************************************************
Round 196
ROUND_ACCURACY method=FedPhoenix round=197 accuracy=68.120003
********************************************************************************
Round 197
ROUND_ACCURACY method=FedPhoenix round=198 accuracy=69.150002
********************************************************************************
Round 198
ROUND_ACCURACY method=FedPhoenix round=199 accuracy=65.870003
********************************************************************************
Round 199
ROUND_ACCURACY method=FedPhoenix round=200 accuracy=56.490002
********************************************************************************
Round 200
ROUND_ACCURACY method=FedPhoenix round=201 accuracy=67.370003
********************************************************************************
Round 201
ROUND_ACCURACY method=FedPhoenix round=202 accuracy=72.529999
********************************************************************************
Round 202
ROUND_ACCURACY method=FedPhoenix round=203 accuracy=63.049999
********************************************************************************
Round 203
ROUND_ACCURACY method=FedPhoenix round=204 accuracy=74.510002
********************************************************************************
Round 204
ROUND_ACCURACY method=FedPhoenix round=205 accuracy=73.370003
********************************************************************************
Round 205
ROUND_ACCURACY method=FedPhoenix round=206 accuracy=75.099998
********************************************************************************
Round 206
ROUND_ACCURACY method=FedPhoenix round=207 accuracy=74.790001
********************************************************************************
Round 207
ROUND_ACCURACY method=FedPhoenix round=208 accuracy=74.580002
********************************************************************************
Round 208
ROUND_ACCURACY method=FedPhoenix round=209 accuracy=70.449997
********************************************************************************
Round 209
ROUND_ACCURACY method=FedPhoenix round=210 accuracy=73.120003
********************************************************************************
Round 210
ROUND_ACCURACY method=FedPhoenix round=211 accuracy=65.099998
********************************************************************************
Round 211
ROUND_ACCURACY method=FedPhoenix round=212 accuracy=77.339996
********************************************************************************
Round 212
ROUND_ACCURACY method=FedPhoenix round=213 accuracy=73.709999
********************************************************************************
Round 213
ROUND_ACCURACY method=FedPhoenix round=214 accuracy=76.220001
********************************************************************************
Round 214
ROUND_ACCURACY method=FedPhoenix round=215 accuracy=75.010002
********************************************************************************
Round 215
ROUND_ACCURACY method=FedPhoenix round=216 accuracy=74.220001
********************************************************************************
Round 216
ROUND_ACCURACY method=FedPhoenix round=217 accuracy=68.480003
********************************************************************************
Round 217
ROUND_ACCURACY method=FedPhoenix round=218 accuracy=78.349998
********************************************************************************
Round 218
ROUND_ACCURACY method=FedPhoenix round=219 accuracy=72.199997
********************************************************************************
Round 219
ROUND_ACCURACY method=FedPhoenix round=220 accuracy=71.760002
********************************************************************************
Round 220
ROUND_ACCURACY method=FedPhoenix round=221 accuracy=71.790001
********************************************************************************
Round 221
ROUND_ACCURACY method=FedPhoenix round=222 accuracy=68.349998
********************************************************************************
Round 222
ROUND_ACCURACY method=FedPhoenix round=223 accuracy=75.110001
********************************************************************************
Round 223
ROUND_ACCURACY method=FedPhoenix round=224 accuracy=75.089996
********************************************************************************
Round 224
ROUND_ACCURACY method=FedPhoenix round=225 accuracy=71.300003
********************************************************************************
Round 225
ROUND_ACCURACY method=FedPhoenix round=226 accuracy=62.639999
********************************************************************************
Round 226
ROUND_ACCURACY method=FedPhoenix round=227 accuracy=73.970001
********************************************************************************
Round 227
ROUND_ACCURACY method=FedPhoenix round=228 accuracy=69.769997
********************************************************************************
Round 228
ROUND_ACCURACY method=FedPhoenix round=229 accuracy=71.730003
********************************************************************************
Round 229
ROUND_ACCURACY method=FedPhoenix round=230 accuracy=77.529999
********************************************************************************
Round 230
ROUND_ACCURACY method=FedPhoenix round=231 accuracy=71.959999
********************************************************************************
Round 231
ROUND_ACCURACY method=FedPhoenix round=232 accuracy=77.750000
********************************************************************************
Round 232
ROUND_ACCURACY method=FedPhoenix round=233 accuracy=74.220001
********************************************************************************
Round 233
ROUND_ACCURACY method=FedPhoenix round=234 accuracy=37.049999
********************************************************************************
Round 234
ROUND_ACCURACY method=FedPhoenix round=235 accuracy=60.320000
********************************************************************************
Round 235
ROUND_ACCURACY method=FedPhoenix round=236 accuracy=76.559998
********************************************************************************
Round 236
ROUND_ACCURACY method=FedPhoenix round=237 accuracy=70.230003
********************************************************************************
Round 237
ROUND_ACCURACY method=FedPhoenix round=238 accuracy=67.559998
********************************************************************************
Round 238
ROUND_ACCURACY method=FedPhoenix round=239 accuracy=76.019997
********************************************************************************
Round 239
ROUND_ACCURACY method=FedPhoenix round=240 accuracy=66.120003
********************************************************************************
Round 240
ROUND_ACCURACY method=FedPhoenix round=241 accuracy=73.959999
********************************************************************************
Round 241
ROUND_ACCURACY method=FedPhoenix round=242 accuracy=73.919998
********************************************************************************
Round 242
ROUND_ACCURACY method=FedPhoenix round=243 accuracy=73.589996
********************************************************************************
Round 243
ROUND_ACCURACY method=FedPhoenix round=244 accuracy=73.879997
********************************************************************************
Round 244
ROUND_ACCURACY method=FedPhoenix round=245 accuracy=73.949997
********************************************************************************
Round 245
ROUND_ACCURACY method=FedPhoenix round=246 accuracy=75.739998
********************************************************************************
Round 246
ROUND_ACCURACY method=FedPhoenix round=247 accuracy=55.470001
********************************************************************************
Round 247
ROUND_ACCURACY method=FedPhoenix round=248 accuracy=74.300003
********************************************************************************
Round 248
ROUND_ACCURACY method=FedPhoenix round=249 accuracy=67.809998
********************************************************************************
Round 249
ROUND_ACCURACY method=FedPhoenix round=250 accuracy=74.040001
********************************************************************************
Round 250
ROUND_ACCURACY method=FedPhoenix round=251 accuracy=76.879997
********************************************************************************
Round 251
ROUND_ACCURACY method=FedPhoenix round=252 accuracy=72.580002
********************************************************************************
Round 252
ROUND_ACCURACY method=FedPhoenix round=253 accuracy=72.029999
********************************************************************************
Round 253
ROUND_ACCURACY method=FedPhoenix round=254 accuracy=69.019997
********************************************************************************
Round 254
ROUND_ACCURACY method=FedPhoenix round=255 accuracy=77.379997
********************************************************************************
Round 255
ROUND_ACCURACY method=FedPhoenix round=256 accuracy=67.339996
********************************************************************************
Round 256
ROUND_ACCURACY method=FedPhoenix round=257 accuracy=75.430000
********************************************************************************
Round 257
ROUND_ACCURACY method=FedPhoenix round=258 accuracy=74.430000
********************************************************************************
Round 258
ROUND_ACCURACY method=FedPhoenix round=259 accuracy=75.320000
********************************************************************************
Round 259
ROUND_ACCURACY method=FedPhoenix round=260 accuracy=74.529999
********************************************************************************
Round 260
ROUND_ACCURACY method=FedPhoenix round=261 accuracy=76.900002
********************************************************************************
Round 261
ROUND_ACCURACY method=FedPhoenix round=262 accuracy=75.839996
********************************************************************************
Round 262
ROUND_ACCURACY method=FedPhoenix round=263 accuracy=67.519997
********************************************************************************
Round 263
ROUND_ACCURACY method=FedPhoenix round=264 accuracy=71.709999
********************************************************************************
Round 264
ROUND_ACCURACY method=FedPhoenix round=265 accuracy=74.589996
********************************************************************************
Round 265
ROUND_ACCURACY method=FedPhoenix round=266 accuracy=75.330002
********************************************************************************
Round 266
ROUND_ACCURACY method=FedPhoenix round=267 accuracy=64.070000
********************************************************************************
Round 267
ROUND_ACCURACY method=FedPhoenix round=268 accuracy=56.369999
********************************************************************************
Round 268
ROUND_ACCURACY method=FedPhoenix round=269 accuracy=72.220001
********************************************************************************
Round 269
ROUND_ACCURACY method=FedPhoenix round=270 accuracy=70.739998
********************************************************************************
Round 270
ROUND_ACCURACY method=FedPhoenix round=271 accuracy=71.019997
********************************************************************************
Round 271
ROUND_ACCURACY method=FedPhoenix round=272 accuracy=63.759998
********************************************************************************
Round 272
ROUND_ACCURACY method=FedPhoenix round=273 accuracy=67.389999
********************************************************************************
Round 273
ROUND_ACCURACY method=FedPhoenix round=274 accuracy=56.310001
********************************************************************************
Round 274
ROUND_ACCURACY method=FedPhoenix round=275 accuracy=75.589996
********************************************************************************
Round 275
ROUND_ACCURACY method=FedPhoenix round=276 accuracy=68.070000
********************************************************************************
Round 276
ROUND_ACCURACY method=FedPhoenix round=277 accuracy=77.709999
********************************************************************************
Round 277
ROUND_ACCURACY method=FedPhoenix round=278 accuracy=71.470001
********************************************************************************
Round 278
ROUND_ACCURACY method=FedPhoenix round=279 accuracy=77.820000
********************************************************************************
Round 279
ROUND_ACCURACY method=FedPhoenix round=280 accuracy=74.779999
********************************************************************************
Round 280
ROUND_ACCURACY method=FedPhoenix round=281 accuracy=70.750000
********************************************************************************
Round 281
ROUND_ACCURACY method=FedPhoenix round=282 accuracy=64.540001
********************************************************************************
Round 282
ROUND_ACCURACY method=FedPhoenix round=283 accuracy=72.099998
********************************************************************************
Round 283
ROUND_ACCURACY method=FedPhoenix round=284 accuracy=73.440002
********************************************************************************
Round 284
ROUND_ACCURACY method=FedPhoenix round=285 accuracy=72.190002
********************************************************************************
Round 285
ROUND_ACCURACY method=FedPhoenix round=286 accuracy=69.300003
********************************************************************************
Round 286
ROUND_ACCURACY method=FedPhoenix round=287 accuracy=73.699997
********************************************************************************
Round 287
ROUND_ACCURACY method=FedPhoenix round=288 accuracy=70.339996
********************************************************************************
Round 288
ROUND_ACCURACY method=FedPhoenix round=289 accuracy=74.250000
********************************************************************************
Round 289
ROUND_ACCURACY method=FedPhoenix round=290 accuracy=77.620003
********************************************************************************
Round 290
ROUND_ACCURACY method=FedPhoenix round=291 accuracy=74.910004
********************************************************************************
Round 291
ROUND_ACCURACY method=FedPhoenix round=292 accuracy=71.900002
********************************************************************************
Round 292
ROUND_ACCURACY method=FedPhoenix round=293 accuracy=75.419998
********************************************************************************
Round 293
ROUND_ACCURACY method=FedPhoenix round=294 accuracy=72.839996
********************************************************************************
Round 294
ROUND_ACCURACY method=FedPhoenix round=295 accuracy=22.559999
********************************************************************************
Round 295
ROUND_ACCURACY method=FedPhoenix round=296 accuracy=69.360001
********************************************************************************
Round 296
ROUND_ACCURACY method=FedPhoenix round=297 accuracy=75.760002
********************************************************************************
Round 297
ROUND_ACCURACY method=FedPhoenix round=298 accuracy=65.519997
********************************************************************************
Round 298
ROUND_ACCURACY method=FedPhoenix round=299 accuracy=72.870003
********************************************************************************
Round 299
ROUND_ACCURACY method=FedPhoenix round=300 accuracy=73.930000
PEAK_ACCURACY method=FedPhoenix round=218 accuracy=78.349998
Unified training metrics saved to C:\Users\admin\Desktop\need_do\new_paper_four\FedPhoenix-finish\results\training_metrics\cifar10_vgg_FedPhoenix_seed1_paired300_FedPhoenix.csv
